 CleanPlugin64

 Timestamp is 66180400 (Thu Apr 11 18:38:40 2024)

 Preferred load address is 0000000180000000

 Start         Length     Name                   Class
 0001:00000000 000001f0H .text$di                CODE
 0001:000001f0 0001d0f0H .text$mn                CODE
 0001:0001d2e0 00000040H .text$mn$00             CODE
 0001:0001d320 00000a70H .text$mn$21             CODE
 0001:0001dd90 00000710H .text$x                 CODE
 0001:0001e4a0 000003e2H .text$yd                CODE
 0002:00000000 000002b0H .idata$5                DATA
 0002:000002b0 00000038H .00cfg                  DATA
 0002:000002e8 00000008H .CRT$XCA                DATA
 0002:000002f0 00000058H .CRT$XCU                DATA
 0002:00000348 00000008H .CRT$XCZ                DATA
 0002:00000350 00000008H .CRT$XIA                DATA
 0002:00000358 00000018H .CRT$XIC                DATA
 0002:00000370 00000008H .CRT$XIZ                DATA
 0002:00000378 00000008H .CRT$XPA                DATA
 0002:00000380 00000010H .CRT$XPX                DATA
 0002:00000390 00000008H .CRT$XPXA               DATA
 0002:00000398 00000008H .CRT$XPZ                DATA
 0002:000003a0 00000008H .CRT$XTA                DATA
 0002:000003a8 00000008H .CRT$XTZ                DATA
 0002:000003b0 00000000H .gehcont$y              DATA
 0002:000003b0 00000000H .gfids$y                DATA
 0002:000003b0 00021a90H .rdata                  DATA
 0002:00021e40 000001c0H .rdata$00               DATA
 0002:00022000 00000000H .rdata$CastGuardVftablesA DATA
 0002:00022000 00000000H .rdata$CastGuardVftablesC DATA
 0002:00022000 00000274H .rdata$r                DATA
 0002:00022274 00000238H .rdata$voltmd           DATA
 0002:000224ac 0000037cH .rdata$zzzdbg           DATA
 0002:00022828 00000008H .rtc$IAA                DATA
 0002:00022830 00000008H .rtc$IZZ                DATA
 0002:00022838 00000008H .rtc$TAA                DATA
 0002:00022840 00000008H .rtc$TZZ                DATA
 0002:00022848 000018d0H .xdata                  DATA
 0002:00024118 00000158H .xdata$x                DATA
 0002:00024270 0000006cH .edata                  DATA
 0002:000242dc 00000014H .idata$2                DATA
 0002:000242f0 00000018H .idata$3                DATA
 0002:00024308 000002b0H .idata$4                DATA
 0002:000245b8 00000644H .idata$6                DATA
 0003:00000000 00011f48H .data                   DATA
 0003:00011f48 000000a8H .data$r                 DATA
 0003:00011ff0 00000020H .data$rs                DATA
 0003:00012010 000011d4H .bss                    DATA
 0004:00000000 00001ad0H .pdata                  DATA
 0005:00000000 000001f4H _RDATA                  DATA
 0006:00000000 000000a0H .rsrc$01                DATA
 0006:000000a0 00000458H .rsrc$02                DATA

  Address         Publics by Value              Rva+Base               Lib:Object

 0000:00000000       __AbsoluteZero             0000000000000000     <absolute>
 0000:00000000       ___safe_se_handler_count   0000000000000000     <absolute>
 0000:00000000       ___safe_se_handler_table   0000000000000000     <absolute>
 0000:00000000       __arm64x_extra_rfe_table   0000000000000000     <absolute>
 0000:00000000       __arm64x_extra_rfe_table_size 0000000000000000     <absolute>
 0000:00000000       __arm64x_native_entrypoint 0000000000000000     <absolute>
 0000:00000000       __arm64x_redirection_metadata 0000000000000000     <absolute>
 0000:00000000       __arm64x_redirection_metadata_count 0000000000000000     <absolute>
 0000:00000000       __dynamic_value_reloc_table 0000000000000000     <absolute>
 0000:00000000       __enclave_config           0000000000000000     <absolute>
 0000:00000000       __guard_check_icall_a64n_fptr 0000000000000000     <absolute>
 0000:00000000       __guard_eh_cont_count      0000000000000000     <absolute>
 0000:00000000       __guard_eh_cont_table      0000000000000000     <absolute>
 0000:00000000       __guard_fids_count         0000000000000000     <absolute>
 0000:00000000       __guard_fids_table         0000000000000000     <absolute>
 0000:00000000       __guard_iat_count          0000000000000000     <absolute>
 0000:00000000       __guard_iat_table          0000000000000000     <absolute>
 0000:00000000       __guard_longjmp_count      0000000000000000     <absolute>
 0000:00000000       __guard_longjmp_table      0000000000000000     <absolute>
 0000:00000000       __hybrid_auxiliary_delayload_iat 0000000000000000     <absolute>
 0000:00000000       __hybrid_auxiliary_delayload_iat_copy 0000000000000000     <absolute>
 0000:00000000       __hybrid_auxiliary_iat     0000000000000000     <absolute>
 0000:00000000       __hybrid_auxiliary_iat_copy 0000000000000000     <absolute>
 0000:00000000       __hybrid_code_map          0000000000000000     <absolute>
 0000:00000000       __hybrid_code_map_count    0000000000000000     <absolute>
 0000:00000000       __hybrid_image_info_bitfield 0000000000000000     <absolute>
 0000:00000000       __x64_code_ranges_to_entry_points 0000000000000000     <absolute>
 0000:00000000       __x64_code_ranges_to_entry_points_count 0000000000000000     <absolute>
 0000:00000100       __guard_flags              0000000000000100     <absolute>
 0000:00000000       __ImageBase                0000000180000000     <linker-defined>
 0001:000001f0       ?Clear@CStrA@@UEAAXXZ      00000001800011f0 f i LogFile.obj
 0001:000001f0       ?Clear@CStrW@@UEAAXXZ      00000001800011f0 f i LogFile.obj
 0001:00000240       ?Copy@CStrA@@UEAA_NAEBV1@@Z 0000000180001240 f i LogFile.obj
 0001:00000240       ?Copy@CStrA@@UEAA_NPEBV1@@Z 0000000180001240 f i LogFile.obj
 0001:000002c0       ?Compare@CStrA@@UEAA_JPEAV1@H@Z 00000001800012c0 f i LogFile.obj
 0001:00000340       ??0CStrA@@QEAA@PEB_W@Z     0000000180001340 f i LogFile.obj
 0001:000004b0       ??1CStrA@@UEAA@XZ          00000001800014b0 f i LogFile.obj
 0001:00000500       ?Format@CStrA@@QEAAPEBDPEBDZZ 0000000180001500 f i LogFile.obj
 0001:00000530       ??_ECStrA@@UEAAPEAXI@Z     0000000180001530 f i * CIL library *:* CIL module *
 0001:00000530       ??_GCStrA@@UEAAPEAXI@Z     0000000180001530 f i LogFile.obj
 0001:000005a0       ?Resize@CStrA@@QEAAHH@Z    00000001800015a0 f i LogFile.obj
 0001:00000650       ?Formatl@CStrA@@QEAAPEBDPEADPEBD@Z 0000000180001650 f i LogFile.obj
 0001:000007d0       ?Copy@CStrW@@UEAA_NAEBV1@@Z 00000001800017d0 f i LogFile.obj
 0001:000007d0       ?Copy@CStrW@@UEAA_NPEBV1@@Z 00000001800017d0 f i LogFile.obj
 0001:00000820       ?Compare@CStrW@@UEAA_JPEBV1@H@Z 0000000180001820 f i LogFile.obj
 0001:000008b0       ??1CStrW@@UEAA@XZ          00000001800018b0 f i LogFile.obj
 0001:00000900       ??_ECStrW@@UEAAPEAXI@Z     0000000180001900 f i * CIL library *:* CIL module *
 0001:00000900       ??_GCStrW@@UEAAPEAXI@Z     0000000180001900 f i LogFile.obj
 0001:00000970       ?StrA@CStrW@@QEAAPEBDW4CP_t@@K@Z 0000000180001970 f i LogFile.obj
 0001:00000a60       ?Resize@CStrW@@QEAAHH@Z    0000000180001a60 f i LogFile.obj
 0001:00000b30       ??_ECLogFile@@UEAAPEAXI@Z  0000000180001b30 f i * CIL library *:* CIL module *
 0001:00000b30       ??_GCLogFile@@UEAAPEAXI@Z  0000000180001b30 f i LogFile.obj
 0001:00000b70       ??$sprintf_s@$0CA@@@YAHAEAY0CA@DPEBDZZ 0000000180001b70 f i LogFile.obj
 0001:00000bd0       ??$EnumToDesc@$0L@@@YA?AVCStrA@@AEAY0L@$$CBUenumstr@@_K@Z 0000000180001bd0 f i LogFile.obj
 0001:00000df0       __local_stdio_printf_options 0000000180001df0 f i LogFile.obj
 0001:00000e00       ??0CStrA@@QEAA@PEBD@Z      0000000180001e00 f i PluginInstance.obj
 0001:00000ec0       ??0CStrW@@QEAA@PEB_W@Z     0000000180001ec0 f i PluginInstance.obj
 0001:00000f80       ??0CStrW@@QEAA@PEBD@Z      0000000180001f80 f i PluginInstance.obj
 0001:000010e0       ?GetUsage@CpuUsage@@QEAAFXZ 00000001800020e0 f i PluginInstance.obj
 0001:000012e0       ?Init@CLogAppendBase@@UEAAXPEAXP6AX0W4enLogLevel@@PEBD22@Z2@Z 00000001800022e0 f i PluginInstance.obj
 0001:00001360       ?LogName@CLogAppendBase@@UEBA?AVCStrW@@XZ 0000000180002360 f i PluginInstance.obj
 0001:000013c0       ?MsgA@CLogAppendBase@@QEBAXW4enLogLevel@@PEBD1ZZ 00000001800023c0 f i PluginInstance.obj
 0001:000013e0       ?MsgAl@CLogAppendBase@@QEBAXW4enLogLevel@@PEBDPEAD1@Z 00000001800023e0 f i PluginInstance.obj
 0001:000014f0       ?MsgW@CLogAppendBase@@QEBAXW4enLogLevel@@PEB_W1ZZ 00000001800024f0 f i PluginInstance.obj
 0001:00001510       ?MsgWl@CLogAppendBase@@QEBAXW4enLogLevel@@PEB_WPEAD1@Z 0000000180002510 f i PluginInstance.obj
 0001:00001800       ?FuncNameA@CLogAppendBase@@SA?AVCStrA@@PEBD@Z 0000000180002800 f i PluginInstance.obj
 0001:000018c0       ?init@CLogAppenderFunc@@QEAAXPEBD_N11PEC_J@Z 00000001800028c0 f i PluginInstance.obj
 0001:00001af0       ?InitBracket@CLogAppenderFunc@@QEAAXPEBD@Z 0000000180002af0 f i PluginInstance.obj
 0001:00001ba0       ??1CLogAppenderFunc@@QEAA@XZ 0000000180002ba0 f i PluginInstance.obj
 0001:00001dd0       ?Msg@CLogAppenderFunc@@UEAAXW4enLogLevel@@AEBV?$CStrBld@D@@@Z 0000000180002dd0 f i PluginInstance.obj
 0001:00001e70       ?MsgA@CLogAppenderFunc@@UEAAXW4enLogLevel@@PEBDZZ 0000000180002e70 f i PluginInstance.obj
 0001:00001ea0       ?MsgW@CLogAppenderFunc@@UEAAXW4enLogLevel@@PEB_WZZ 0000000180002ea0 f i PluginInstance.obj
 0001:00001ed0       ?MsgAl@CLogAppenderFunc@@UEAAXW4enLogLevel@@PEADPEBD@Z 0000000180002ed0 f i PluginInstance.obj
 0001:00001fd0       ?MsgWl@CLogAppenderFunc@@UEAAXW4enLogLevel@@PEADPEB_W@Z 0000000180002fd0 f i PluginInstance.obj
 0001:00002110       ?DifTimeSec@CLogAppenderFunc@@QEBANXZ 0000000180003110 f i PluginInstance.obj
 0001:00002190       ?GetThreadUsage@CLogAppenderFunc@@QEAAHXZ 0000000180003190 f i PluginInstance.obj
 0001:00002330       ?MsgA@CLogAppenderFunc@@UEAAAEAV?$CStrBld@VCLogAppenderFunc@@@@W4enLogLevel@@@Z 0000000180003330 f i PluginInstance.obj
 0001:00002390       ??RCLogAppenderFunc@@UEAAPEBDXZ 0000000180003390 f i PluginInstance.obj
 0001:00002410       ?Init@CLogAppender@@UEAAXPEAVCLogFile@@PEBD@Z 0000000180003410 f i PluginInstance.obj
 0001:000024a0       ?LogName@CLogAppender@@UEBA?AVCStrW@@XZ 00000001800034a0 f i PluginInstance.obj
 0001:000024f0       ?OnLogosA@CLogAppender@@SAXPEAXW4enLogLevel@@PEBD22@Z 00000001800034f0 f i PluginInstance.obj
 0001:00002560       ??_ECPluginInstance@@UEAAPEAXI@Z 0000000180003560 f i * CIL library *:* CIL module *
 0001:00002560       ??_GCPluginInstance@@UEAAPEAXI@Z 0000000180003560 f i PluginInstance.obj
 0001:000026a0       ??1?$CStrBld@VCLogAppenderFunc@@@@QEAA@XZ 00000001800036a0 f i PluginInstance.obj
 0001:00002730       ?HookTradeCommissionCharge@IMTTradeSink@@UEAAI_J0PEBVIMTConCommission@@PEBVIMTConGroup@@PEBVIMTUser@@NAEAN@Z 0000000180003730 f i PluginInstance.obj
 0001:00002730       ?HookTradeCommissionDeal@IMTTradeSink@@UEAAIPEBVIMTConCommission@@PEBVIMTConGroup@@PEBVIMTConSymbol@@PEBVIMTDeal@@NAEAN@Z 0000000180003730 f i PluginInstance.obj
 0001:00002730       ?HookTradeCommissionOrder@IMTTradeSink@@UEAAIPEBVIMTConCommission@@PEBVIMTConGroup@@PEBVIMTConSymbol@@PEBVIMTOrder@@NAEAN@Z 0000000180003730 f i PluginInstance.obj
 0001:00002730       ?HookTradeExecution@IMTTradeSink@@UEAAIPEBVIMTConGateway@@PEBVIMTExecution@@PEBVIMTConGroup@@PEBVIMTConSymbol@@PEAVIMTPosition@@PEAVIMTOrder@@PEAVIMTDeal@@@Z 0000000180003730 f i PluginInstance.obj
 0001:00002730       ?HookTradeExecutionCloseBy@IMTTradeSink@@UEAAIPEBVIMTExecution@@PEBVIMTConGroup@@PEBVIMTConSymbol@@PEAVIMTPosition@@PEAVIMTOrder@@PEAVIMTDeal@@5@Z 0000000180003730 f i PluginInstance.obj
 0001:00002730       ?HookTradeInterest@IMTTradeSink@@UEAAI_JPEBVIMTConGroup@@PEBVIMTAccount@@NAEAN@Z 0000000180003730 f i PluginInstance.obj
 0001:00002730       ?HookTradeInterestCharge@IMTTradeSink@@UEAAI_JPEBVIMTConGroup@@PEBVIMTUser@@NAEAN@Z 0000000180003730 f i PluginInstance.obj
 0001:00002730       ?HookTradeInterestChargeDeal@IMTTradeSink@@UEAAI_JPEBVIMTConGroup@@PEBVIMTUser@@PEAVIMTDeal@@@Z 0000000180003730 f i PluginInstance.obj
 0001:00002730       ?HookTradeRequestAdd@IMTTradeSink@@UEAAIPEAVIMTRequest@@PEBVIMTConGroup@@PEBVIMTConSymbol@@PEBVIMTPosition@@PEBVIMTOrder@@PEAV6@@Z 0000000180003730 f i PluginInstance.obj
 0001:00002730       ?HookTradeRequestProcess@IMTTradeSink@@UEAAIPEBVIMTRequest@@PEBVIMTConfirm@@PEBVIMTConGroup@@PEBVIMTConSymbol@@PEAVIMTPosition@@PEAVIMTOrder@@PEAVIMTDeal@@@Z 0000000180003730 f i PluginInstance.obj
 0001:00002730       ?HookTradeRequestProcessCloseBy@IMTTradeSink@@UEAAIPEBVIMTRequest@@PEBVIMTConfirm@@PEBVIMTConGroup@@PEBVIMTConSymbol@@PEAVIMTPosition@@PEAVIMTOrder@@PEAVIMTDeal@@6@Z 0000000180003730 f i PluginInstance.obj
 0001:00002730       ?HookTradeRequestRoute@IMTTradeSink@@UEAAIPEAVIMTRequest@@PEAVIMTConfirm@@PEBVIMTConGroup@@PEBVIMTConSymbol@@PEBVIMTPosition@@PEBVIMTOrder@@@Z 0000000180003730 f i PluginInstance.obj
 0001:00002730       ?HookTradeRollover@IMTTradeSink@@UEAAI_JPEBVIMTConGroup@@PEBVIMTConSymbol@@PEBVIMTPosition@@NAEAN@Z 0000000180003730 f i PluginInstance.obj
 0001:00002730       ?HookTradeSplit@IMTTradeSink@@UEAAIIIIIINPEBVIMTConGroup@@PEBVIMTConSymbol@@PEAVIMTPosition@@2@Z 0000000180003730 f i PluginInstance.obj
 0001:00002740       ?OnPluginAdd@IMTConPluginSink@@UEAAXPEBVIMTConPlugin@@@Z 0000000180003740 f i PluginInstance.obj
 0001:00002740       ?OnPluginDelete@IMTConPluginSink@@UEAAXPEBVIMTConPlugin@@@Z 0000000180003740 f i PluginInstance.obj
 0001:00002740       ?OnPluginSync@IMTConPluginSink@@UEAAXXZ 0000000180003740 f i PluginInstance.obj
 0001:00002740       ?OnTradeExecution@IMTTradeSink@@UEAAXPEBVIMTConGateway@@PEBVIMTExecution@@PEBVIMTConGroup@@PEBVIMTConSymbol@@PEBVIMTPosition@@PEBVIMTOrder@@PEBVIMTDeal@@@Z 0000000180003740 f i PluginInstance.obj
 0001:00002740       ?OnTradeExecutionCloseBy@IMTTradeSink@@UEAAXPEBVIMTExecution@@PEBVIMTConGroup@@PEBVIMTConSymbol@@PEBVIMTPosition@@PEBVIMTOrder@@PEBVIMTDeal@@5@Z 0000000180003740 f i PluginInstance.obj
 0001:00002740       ?OnTradeRequestAdd@IMTTradeSink@@UEAAXPEBVIMTRequest@@PEBVIMTConGroup@@PEBVIMTConSymbol@@PEBVIMTPosition@@PEBVIMTOrder@@@Z 0000000180003740 f i PluginInstance.obj
 0001:00002740       ?OnTradeRequestDelete@IMTTradeSink@@UEAAXPEBVIMTRequest@@@Z 0000000180003740 f i PluginInstance.obj
 0001:00002740       ?OnTradeRequestProcess@IMTTradeSink@@UEAAXPEBVIMTRequest@@PEBVIMTConfirm@@PEBVIMTConGroup@@PEBVIMTConSymbol@@PEBVIMTPosition@@PEBVIMTOrder@@PEBVIMTDeal@@@Z 0000000180003740 f i PluginInstance.obj
 0001:00002740       ?OnTradeRequestProcessCloseBy@IMTTradeSink@@UEAAXPEBVIMTRequest@@PEBVIMTConfirm@@PEBVIMTConGroup@@PEBVIMTConSymbol@@PEBVIMTPosition@@PEBVIMTOrder@@PEBVIMTDeal@@6@Z 0000000180003740 f i PluginInstance.obj
 0001:00002740       ?OnTradeRequestRefuse@IMTTradeSink@@UEAAXPEBVIMTRequest@@@Z 0000000180003740 f i PluginInstance.obj
 0001:00002740       ?OnTradeRequestUpdate@IMTTradeSink@@UEAAXPEBVIMTRequest@@@Z 0000000180003740 f i PluginInstance.obj
 0001:00002740       ?OnTradeSplit@IMTTradeSink@@UEAAXIIIIINPEBVIMTConGroup@@PEBVIMTConSymbol@@PEBVIMTPosition@@2@Z 0000000180003740 f i PluginInstance.obj
 0001:00002740       _guard_check_icall_nop     0000000180003740 f i LIBCMT:guard_support.obj
 0001:00002750       ?HookTradeRequestRuleApply@IMTTradeSink@@UEAAIPEAVIMTRequest@@PEAVIMTConRoute@@PEBVIMTConGroup@@@Z 0000000180003750 f i PluginInstance.obj
 0001:00002750       ?HookTradeRequestRuleFilter@IMTTradeSink@@UEAAIPEAVIMTRequest@@PEAVIMTConRoute@@PEBVIMTConGroup@@@Z 0000000180003750 f i PluginInstance.obj
 0001:00002750       _get_startup_argv_mode     0000000180003750 f i LIBCMT:argv_mode.obj
 0001:00002760       ?Append@CStrW@@QEAAPEB_WPEBDW4CP_t@@@Z 0000000180003760 f i ServerPlugin.obj
 0001:000028b0       ?AppendFormat@CStrW@@QEAAPEB_WPEB_WZZ 00000001800038b0 f i ServerPlugin.obj
 0001:000029d0       ?TimeStampFormat@@YA?AVCStrW@@AEBU_SYSTEMTIME@@PEB_W@Z 00000001800039d0 f i ServerPlugin.obj
 0001:00002c50       ?MTLogCreate@@YAXAEAVCLogFile@@PEAUHINSTANCE__@@PEBD22II@Z 0000000180003c50 f i ServerPlugin.obj
 0001:00003a0c       ??3@YAXPEAX_K@Z            0000000180004a0c f   LIBCMT:delete_scalar_size.obj
 0001:00003a14       __scrt_acquire_startup_lock 0000000180004a14 f   LIBCMT:utility.obj
 0001:00003a50       __scrt_dllmain_after_initialize_c 0000000180004a50 f   LIBCMT:utility.obj
 0001:00003a84       __scrt_dllmain_before_initialize_c 0000000180004a84 f   LIBCMT:utility.obj
 0001:00003a9c       __scrt_dllmain_crt_thread_attach 0000000180004a9c f   LIBCMT:utility.obj
 0001:00003ac4       __scrt_dllmain_crt_thread_detach 0000000180004ac4 f   LIBCMT:utility.obj
 0001:00003adc       __scrt_dllmain_exception_filter 0000000180004adc f   LIBCMT:utility.obj
 0001:00003b3c       __scrt_dllmain_uninitialize_c 0000000180004b3c f   LIBCMT:utility.obj
 0001:00003b6c       __scrt_dllmain_uninitialize_critical 0000000180004b6c f   LIBCMT:utility.obj
 0001:00003b80       __scrt_initialize_crt      0000000180004b80 f   LIBCMT:utility.obj
 0001:00003bbc       __scrt_initialize_onexit_tables 0000000180004bbc f   LIBCMT:utility.obj
 0001:00003c48       __scrt_is_nonwritable_in_current_image 0000000180004c48 f   LIBCMT:utility.obj
 0001:00003ce0       __scrt_release_startup_lock 0000000180004ce0 f   LIBCMT:utility.obj
 0001:00003d04       __scrt_uninitialize_crt    0000000180004d04 f   LIBCMT:utility.obj
 0001:00003d30       _onexit                    0000000180004d30 f   LIBCMT:utility.obj
 0001:00003d6c       atexit                     0000000180004d6c f   LIBCMT:utility.obj
 0001:00003d84       ??2@YAPEAX_KAEBUnothrow_t@std@@@Z 0000000180004d84 f   LIBCMT:new_scalar_nothrow.obj
 0001:000040b4       _DllMainCRTStartup         00000001800050b4 f   LIBCMT:dll_dllmain.obj
 0001:000040f4       ??3@YAXPEAX@Z              00000001800050f4 f   LIBCMT:delete_scalar.obj
 0001:000040fc       __isa_available_init       00000001800050fc f   LIBCMT:cpu_disp.obj
 0001:000042a8       __scrt_is_ucrt_dll_in_use  00000001800052a8 f   LIBCMT:ucrt_detection.obj
 0001:000042b4       __crt_debugger_hook        00000001800052b4 f   LIBCMT:utility_desktop.obj
 0001:000042bc       __scrt_fastfail            00000001800052bc f   LIBCMT:utility_desktop.obj
 0001:00004404       ??2@YAPEAX_K@Z             0000000180005404 f   LIBCMT:new_scalar.obj
 0001:00004440       __security_init_cookie     0000000180005440 f   LIBCMT:gs_support.obj
 0001:000044ec       ?__scrt_initialize_type_info@@YAXXZ 00000001800054ec f   LIBCMT:tncleanup.obj
 0001:000044fc       ?__scrt_uninitialize_type_info@@YAXXZ 00000001800054fc f   LIBCMT:tncleanup.obj
 0001:00004508       __local_stdio_scanf_options 0000000180005508 f i LIBCMT:default_local_stdio_options.obj
 0001:00004510       __scrt_initialize_default_local_stdio_options 0000000180005510 f   LIBCMT:default_local_stdio_options.obj
 0001:0000452c       __scrt_get_dyn_tls_init_callback 000000018000552c f   LIBCMT:dyn_tls_init.obj
 0001:00004534       _RTC_Initialize            0000000180005534 f   LIBCMT:initsect.obj
 0001:00004570       _RTC_Terminate             0000000180005570 f   LIBCMT:initsect.obj
 0001:000045b0       ??0bad_alloc@std@@QEAA@AEBV01@@Z 00000001800055b0 f i LIBCMT:throw_bad_alloc.obj
 0001:000045ec       ??0bad_alloc@std@@QEAA@XZ  00000001800055ec f i LIBCMT:throw_bad_alloc.obj
 0001:0000460c       ??0bad_array_new_length@std@@QEAA@AEBV01@@Z 000000018000560c f i LIBCMT:throw_bad_alloc.obj
 0001:00004648       ??0bad_array_new_length@std@@QEAA@XZ 0000000180005648 f i LIBCMT:throw_bad_alloc.obj
 0001:00004668       ??0exception@std@@QEAA@AEBV01@@Z 0000000180005668 f i LIBCMT:throw_bad_alloc.obj
 0001:0000469c       ??1bad_alloc@std@@UEAA@XZ  000000018000569c f i LIBCMT:throw_bad_alloc.obj
 0001:0000469c       ??1bad_array_new_length@std@@UEAA@XZ 000000018000569c f i LIBCMT:throw_bad_alloc.obj
 0001:0000469c       ??1bad_exception@std@@UEAA@XZ 000000018000569c f i libvcruntime:frame.obj
 0001:000046b0       ??_Ebad_alloc@std@@UEAAPEAXI@Z 00000001800056b0 f i LIBCMT:throw_bad_alloc.obj
 0001:000046b0       ??_Ebad_array_new_length@std@@UEAAPEAXI@Z 00000001800056b0 f i LIBCMT:throw_bad_alloc.obj
 0001:000046b0       ??_Ebad_exception@std@@UEAAPEAXI@Z 00000001800056b0 f i libvcruntime:frame.obj
 0001:000046b0       ??_Eexception@std@@UEAAPEAXI@Z 00000001800056b0 f i LIBCMT:throw_bad_alloc.obj
 0001:000046b0       ??_Gbad_alloc@std@@UEAAPEAXI@Z 00000001800056b0 f i LIBCMT:throw_bad_alloc.obj
 0001:000046b0       ??_Gbad_array_new_length@std@@UEAAPEAXI@Z 00000001800056b0 f i LIBCMT:throw_bad_alloc.obj
 0001:000046b0       ??_Gbad_exception@std@@UEAAPEAXI@Z 00000001800056b0 f i libvcruntime:frame.obj
 0001:000046b0       ??_Gexception@std@@UEAAPEAXI@Z 00000001800056b0 f i LIBCMT:throw_bad_alloc.obj
 0001:000046f4       ?__scrt_throw_std_bad_alloc@@YAXXZ 00000001800056f4 f   LIBCMT:throw_bad_alloc.obj
 0001:00004714       ?__scrt_throw_std_bad_array_new_length@@YAXXZ 0000000180005714 f   LIBCMT:throw_bad_alloc.obj
 0001:00004734       ?what@exception@std@@UEBAPEBDXZ 0000000180005734 f i LIBCMT:throw_bad_alloc.obj
 0001:00004748       ??_Etype_info@@UEAAPEAXI@Z 0000000180005748 f i LIBCMT:std_type_info_static.obj
 0001:00004748       ??_Gtype_info@@UEAAPEAXI@Z 0000000180005748 f i LIBCMT:std_type_info_static.obj
 0001:00004774       ??$_CallSETranslator@V__FrameHandler3@@@@YAHPEAUEHExceptionRecord@@PEA_KPEAU_CONTEXT@@PEAU_xDISPATCHER_CONTEXT@@PEBU_s_FuncInfo@@K1H@Z 0000000180005774 f i libvcruntime:risctrnsctrl.obj
 0001:000047c8       ??$_CallSETranslator@V__FrameHandler4@@@@YAHPEAUEHExceptionRecord@@PEA_KPEAU_CONTEXT@@PEAU_xDISPATCHER_CONTEXT@@PEAUFuncInfo4@FH4@@K1H@Z 00000001800057c8 f i libvcruntime:risctrnsctrl.obj
 0001:0000481c       ?CatchTryBlock@__FrameHandler3@@SAPEBU_s_TryBlockMapEntry@@PEBU_s_FuncInfo@@H@Z 000000018000581c f   libvcruntime:risctrnsctrl.obj
 0001:00004880       ?DecompFuncInfo@FH4@@YA_JPEAEAEAUFuncInfo4@1@_KH_N@Z 0000000180005880 f i libvcruntime:risctrnsctrl.obj
 0001:000049b4       ?ExecutionInCatch@__FrameHandler3@@SA_NPEAU_xDISPATCHER_CONTEXT@@PEBU_s_FuncInfo@@@Z 00000001800059b4 f   libvcruntime:risctrnsctrl.obj
 0001:000049e0       ?ExecutionInCatch@__FrameHandler4@@SA_NPEAU_xDISPATCHER_CONTEXT@@PEAUFuncInfo4@FH4@@@Z 00000001800059e0 f   libvcruntime:risctrnsctrl.obj
 0001:000049e8       ?FrameUnwindToEmptyState@__FrameHandler3@@SAXPEA_KPEAU_xDISPATCHER_CONTEXT@@PEBU_s_FuncInfo@@@Z 00000001800059e8 f   libvcruntime:risctrnsctrl.obj
 0001:00004a4c       ?FrameUnwindToEmptyState@__FrameHandler4@@SAXPEA_KPEAU_xDISPATCHER_CONTEXT@@PEAUFuncInfo4@FH4@@@Z 0000000180005a4c f   libvcruntime:risctrnsctrl.obj
 0001:00004a80       ?GetEstablisherFrame@__FrameHandler3@@SAPEA_KPEA_KPEAU_xDISPATCHER_CONTEXT@@PEBU_s_FuncInfo@@0@Z 0000000180005a80 f   libvcruntime:risctrnsctrl.obj
 0001:00004b50       ?GetEstablisherFrame@__FrameHandler4@@SAPEA_KPEA_KPEAU_xDISPATCHER_CONTEXT@@PEAUFuncInfo4@FH4@@0@Z 0000000180005b50 f   libvcruntime:risctrnsctrl.obj
 0001:00004b74       ?GetRangeOfTrysToCheck@__FrameHandler3@@SA?AU?$pair@Viterator@TryBlockMap@__FrameHandler3@@V123@@std@@AEAVTryBlockMap@1@HPEAU_xDISPATCHER_CONTEXT@@PEBU_s_FuncInfo@@H@Z 0000000180005b74 f   libvcruntime:risctrnsctrl.obj
 0001:00004ca8       ?GetRangeOfTrysToCheck@__FrameHandler4@@SA?AU?$pair@Viterator@TryBlockMap4@FH4@@V123@@std@@AEAVTryBlockMap4@FH4@@HPEAU_xDISPATCHER_CONTEXT@@PEAUFuncInfo4@5@H@Z 0000000180005ca8 f   libvcruntime:risctrnsctrl.obj
 0001:00004e14       ?UnwindNestedFrames@__FrameHandler3@@SAXPEA_KPEAUEHExceptionRecord@@PEAU_CONTEXT@@0PEAXPEBU_s_FuncInfo@@HHPEBU_s_HandlerType@@PEAU_xDISPATCHER_CONTEXT@@E@Z 0000000180005e14 f   libvcruntime:risctrnsctrl.obj
 0001:00004f18       ?UnwindNestedFrames@__FrameHandler4@@SAXPEA_KPEAUEHExceptionRecord@@PEAU_CONTEXT@@0PEAXPEAUFuncInfo4@FH4@@HHPEAUHandlerType4@5@PEAU_xDISPATCHER_CONTEXT@@E@Z 0000000180005f18 f   libvcruntime:risctrnsctrl.obj
 0001:00005038       ?setBuffer@TryBlockMap4@FH4@@QEAAXViterator@12@@Z 0000000180006038 f i libvcruntime:risctrnsctrl.obj
 0001:000051fc       _CreateFrameInfo           00000001800061fc f   libvcruntime:risctrnsctrl.obj
 0001:00005238       _FindAndUnlinkFrame        0000000180006238 f   libvcruntime:risctrnsctrl.obj
 0001:0000528c       _GetImageBase              000000018000628c f   libvcruntime:risctrnsctrl.obj
 0001:000052a0       _GetThrowImageBase         00000001800062a0 f   libvcruntime:risctrnsctrl.obj
 0001:000052b4       _SetImageBase              00000001800062b4 f   libvcruntime:risctrnsctrl.obj
 0001:000052cc       _SetThrowImageBase         00000001800062cc f   libvcruntime:risctrnsctrl.obj
 0001:000052e4       __CxxFrameHandler3         00000001800062e4 f   libvcruntime:risctrnsctrl.obj
 0001:0000536c       __CxxFrameHandler4         000000018000636c f   libvcruntime:risctrnsctrl.obj
 0001:0000542c       __DestructExceptionObject  000000018000642c f   libvcruntime:ehhelpers.obj
 0001:0000549c       ?_CallMemberFunction0@@YAXQEAX0@Z 000000018000649c f i libvcruntime:ehhelpers.obj
 0001:000054a0       _IsExceptionObjectToBeDestroyed 00000001800064a0 f   libvcruntime:ehhelpers.obj
 0001:000054d0       __AdjustPointer            00000001800064d0 f   libvcruntime:ehhelpers.obj
 0001:000054f4       __FrameUnwindFilter        00000001800064f4 f   libvcruntime:ehhelpers.obj
 0001:0000555c       __std_terminate            000000018000655c f   libvcruntime:ehhelpers.obj
 0001:00005568       strstr                     0000000180006568 f   libvcruntime:strstr.obj
 0001:00005750       wcsstr                     0000000180006750 f   libvcruntime:wcsstr.obj
 0001:0000595c       __vcrt_initialize          000000018000695c f   libvcruntime:initialization.obj
 0001:00005984       __vcrt_thread_attach       0000000180006984 f   libvcruntime:initialization.obj
 0001:00005998       __vcrt_thread_detach       0000000180006998 f   libvcruntime:initialization.obj
 0001:000059a8       __vcrt_uninitialize        00000001800069a8 f   libvcruntime:initialization.obj
 0001:000059c4       __vcrt_uninitialize_critical 00000001800069c4 f   libvcruntime:initialization.obj
 0001:000059d4       __C_specific_handler       00000001800069d4 f   libvcruntime:riscchandler.obj
 0001:00005bf0       __std_type_info_compare    0000000180006bf0 f   libvcruntime:std_type_info.obj
 0001:00005c18       __std_type_info_destroy_list 0000000180006c18 f   libvcruntime:std_type_info.obj
 0001:00005c44       __std_exception_copy       0000000180006c44 f   libvcruntime:std_exception.obj
 0001:00005cd4       __std_exception_destroy    0000000180006cd4 f   libvcruntime:std_exception.obj
 0001:00005cfc       _CxxThrowException         0000000180006cfc f   libvcruntime:throw.obj
 0001:00005da4       __vcrt_freefls             0000000180006da4 f   libvcruntime:per_thread_data.obj
 0001:00005dc4       __vcrt_freeptd_for_this_thread 0000000180006dc4 f   libvcruntime:per_thread_data.obj
 0001:00005e0c       __vcrt_getptd              0000000180006e0c f   libvcruntime:per_thread_data.obj
 0001:00005e28       __vcrt_getptd_noexit       0000000180006e28 f   libvcruntime:per_thread_data.obj
 0001:00005ee8       __vcrt_initialize_ptd      0000000180006ee8 f   libvcruntime:per_thread_data.obj
 0001:00005f30       __vcrt_uninitialize_ptd    0000000180006f30 f   libvcruntime:per_thread_data.obj
 0001:00005f54       ?GetCurrentState@__FrameHandler3@@SAHPEA_KPEAU_xDISPATCHER_CONTEXT@@PEBU_s_FuncInfo@@@Z 0000000180006f54 f   libvcruntime:ehstate.obj
 0001:00005f7c       ?GetUnwindTryBlock@__FrameHandler3@@SAHPEA_KPEAU_xDISPATCHER_CONTEXT@@PEBU_s_FuncInfo@@@Z 0000000180006f7c f   libvcruntime:ehstate.obj
 0001:00005fa8       ?SetState@__FrameHandler3@@SAXPEA_KPEBU_s_FuncInfo@@H@Z 0000000180006fa8 f   libvcruntime:ehstate.obj
 0001:00005fb4       ?SetUnwindTryBlock@__FrameHandler3@@SAXPEA_KPEAU_xDISPATCHER_CONTEXT@@PEBU_s_FuncInfo@@H@Z 0000000180006fb4 f   libvcruntime:ehstate.obj
 0001:00005ff0       ?StateFromControlPc@__FrameHandler3@@SAHPEBU_s_FuncInfo@@PEAU_xDISPATCHER_CONTEXT@@@Z 0000000180006ff0 f   libvcruntime:ehstate.obj
 0001:00005ff8       ?StateFromControlPc@__FrameHandler4@@SAHPEAUFuncInfo4@FH4@@PEAU_xDISPATCHER_CONTEXT@@@Z 0000000180006ff8 f   libvcruntime:ehstate.obj
 0001:00006000       ?StateFromIp@__FrameHandler3@@SAHPEBU_s_FuncInfo@@PEAU_xDISPATCHER_CONTEXT@@_K@Z 0000000180007000 f   libvcruntime:ehstate.obj
 0001:00006068       ?StateFromIp@__FrameHandler4@@SAHPEAUFuncInfo4@FH4@@PEAU_xDISPATCHER_CONTEXT@@_K@Z 0000000180007068 f   libvcruntime:ehstate.obj
 0001:000077c0       ??$TypeMatchHelper@V__FrameHandler3@@@@YAHPEBU_s_HandlerType@@PEBU_s_CatchableType@@PEBU_s_ThrowInfo@@@Z 00000001800087c0 f i libvcruntime:frame.obj
 0001:00007900       ??$TypeMatchHelper@V__FrameHandler4@@@@YAHPEAUHandlerType4@FH4@@PEBU_s_CatchableType@@PEBU_s_ThrowInfo@@@Z 0000000180008900 f i libvcruntime:frame.obj
 0001:00007a4c       ??$__InternalCxxFrameHandler@V__FrameHandler3@@@@YA?AW4_EXCEPTION_DISPOSITION@@PEAUEHExceptionRecord@@PEA_KPEAU_CONTEXT@@PEAU_xDISPATCHER_CONTEXT@@PEBU_s_FuncInfo@@H1E@Z 0000000180008a4c f i libvcruntime:frame.obj
 0001:00007c84       ??$__InternalCxxFrameHandler@V__FrameHandler4@@@@YA?AW4_EXCEPTION_DISPOSITION@@PEAUEHExceptionRecord@@PEA_KPEAU_CONTEXT@@PEAU_xDISPATCHER_CONTEXT@@PEAUFuncInfo4@FH4@@H1E@Z 0000000180008c84 f i libvcruntime:frame.obj
 0001:00007f18       ??$__InternalCxxFrameHandlerWrapper@V__FrameHandler3@@@@YA?AW4_EXCEPTION_DISPOSITION@@PEAUEHExceptionRecord@@PEA_KPEAU_CONTEXT@@PEAU_xDISPATCHER_CONTEXT@@PEBU_s_FuncInfo@@H1E@Z 0000000180008f18 f i libvcruntime:frame.obj
 0001:00007f20       ??$__InternalCxxFrameHandlerWrapper@V__FrameHandler4@@@@YA?AW4_EXCEPTION_DISPOSITION@@PEAUEHExceptionRecord@@PEA_KPEAU_CONTEXT@@PEAU_xDISPATCHER_CONTEXT@@PEAUFuncInfo4@FH4@@H1E@Z 0000000180008f20 f i libvcruntime:frame.obj
 0001:00007f6c       ??0HandlerMap4@FH4@@QEAA@PEBUTryBlockMapEntry4@1@_KH@Z 0000000180008f6c f i libvcruntime:frame.obj
 0001:00007ff0       ??0TryBlockMap4@FH4@@QEAA@PEBUFuncInfo4@1@_K@Z 0000000180008ff0 f i libvcruntime:frame.obj
 0001:000080d4       ??0bad_exception@std@@QEAA@AEBV01@@Z 00000001800090d4 f i libvcruntime:frame.obj
 0001:00008110       ??0bad_exception@std@@QEAA@XZ 0000000180009110 f i libvcruntime:frame.obj
 0001:00008130       ?CxxCallCatchBlock@__FrameHandler3@@SAPEAXPEAU_EXCEPTION_RECORD@@@Z 0000000180009130 f   libvcruntime:frame.obj
 0001:0000831c       ?CxxCallCatchBlock@__FrameHandler4@@SAPEAXPEAU_EXCEPTION_RECORD@@@Z 000000018000931c f   libvcruntime:frame.obj
 0001:0000856c       ?DecompHandler@HandlerMap4@FH4@@AEAAXXZ 000000018000956c f i libvcruntime:frame.obj
 0001:000087b4       ?FrameUnwindToState@__FrameHandler3@@SAXPEA_KPEAU_xDISPATCHER_CONTEXT@@PEBU_s_FuncInfo@@H@Z 00000001800097b4 f   libvcruntime:frame.obj
 0001:00008940       ?FrameUnwindToState@__FrameHandler4@@SAXPEA_KPEAU_xDISPATCHER_CONTEXT@@PEAUFuncInfo4@FH4@@H@Z 0000000180009940 f   libvcruntime:frame.obj
 0001:00008c48       ?GetHandlerSearchState@__FrameHandler3@@SAHPEA_KPEAU_xDISPATCHER_CONTEXT@@PEBU_s_FuncInfo@@@Z 0000000180009c48 f i libvcruntime:frame.obj
 0001:00008e58       ?ReadEntry@UWMap4@FH4@@AEAAXPEAPEAE@Z 0000000180009e58 f i libvcruntime:frame.obj
 0001:00008ef4       ?_CallMemberFunction1@@YAXQEAX00@Z 0000000180009ef4 f i libvcruntime:frame.obj
 0001:00008f00       ?_CallMemberFunction2@@YAXQEAX00H@Z 0000000180009f00 f i libvcruntime:frame.obj
 0001:00008f10       ?getStartStop@UWMap4@FH4@@QEAAXHHAEAViterator@12@0@Z 0000000180009f10 f i libvcruntime:frame.obj
 0001:00008fe0       ?getStateFromIterators@UWMap4@FH4@@SAHAEBViterator@12@H0H0@Z 0000000180009fe0 f i libvcruntime:frame.obj
 0001:00009090       __vcrt_initialize_locks    000000018000a090 f   libvcruntime:locks.obj
 0001:000090d8       __vcrt_uninitialize_locks  000000018000a0d8 f   libvcruntime:locks.obj
 0001:00009140       _NLG_Notify                000000018000a140 f   libvcruntime:notify.obj
 0001:00009160       __NLG_Dispatch2            000000018000a160 f   libvcruntime:notify.obj
 0001:00009170       __NLG_Return2              000000018000a170 f   libvcruntime:notify.obj
 0001:00009174       __except_validate_context_record 000000018000a174 f   libvcruntime:jbcxrval.obj
 0001:000092fc       __vcrt_FlsAlloc            000000018000a2fc f   libvcruntime:winapi_downlevel.obj
 0001:00009344       __vcrt_FlsFree             000000018000a344 f   libvcruntime:winapi_downlevel.obj
 0001:0000938c       __vcrt_FlsGetValue         000000018000a38c f   libvcruntime:winapi_downlevel.obj
 0001:000093d4       __vcrt_FlsSetValue         000000018000a3d4 f   libvcruntime:winapi_downlevel.obj
 0001:00009428       __vcrt_InitializeCriticalSectionEx 000000018000a428 f   libvcruntime:winapi_downlevel.obj
 0001:000094d0       _CallSettingFrame          000000018000a4d0 f   libvcruntime:handlers.obj
 0001:00009510       _CallSettingFrame_LookupContinuationIndex 000000018000a510 f   libvcruntime:handlers.obj
 0001:00009540       _CallSettingFrame_NotifyContinuationAddr 000000018000a540 f   libvcruntime:handlers.obj
 0001:00009570       _CallSettingFrameEncoded   000000018000a570 f   libvcruntime:handlers.obj
 0001:000095d0       memcpy_avx_ermsb_Intel     000000018000a5d0 f   libvcruntime:memcpy_avx_ermsb_aligned.obj
 0001:00009a00       memcpy_avx_ermsb_amd       000000018000aa00 f   libvcruntime:memcpy_avx_ermsb_aligned_amd.obj
 0001:00009e30       memcpy_sse2_ermsb_Intel    000000018000ae30 f   libvcruntime:memcpy_sse2_ermsb_aligned.obj
 0001:0000a0e0       memcpy_sse2_ermsb_amd      000000018000b0e0 f   libvcruntime:memcpy_sse2_ermsb_aligned_amd.obj
 0001:0000a390       memcpy_repmovs_Intel       000000018000b390 f   libvcruntime:memcpy_repmovs.obj
 0001:0000a3b0       memcpy_CopyDown_Intel      000000018000b3b0 f   libvcruntime:memcpy_CopyDown.obj
 0001:0000a4a0       memcpy_repmovs_amd         000000018000b4a0 f   libvcruntime:memcpy_repmovs_amd.obj
 0001:0000a4c0       memcpy_CopyDown_amd        000000018000b4c0 f   libvcruntime:memcpy_CopyDown_amd.obj
 0001:0000a5a0       free                       000000018000b5a0 f   libucrt:free.obj
 0001:0000a5b4       __acrt_errno_from_os_error 000000018000b5b4 f   libucrt:errno.obj
 0001:0000a5fc       __acrt_errno_map_os_error  000000018000b5fc f   libucrt:errno.obj
 0001:0000a644       __acrt_errno_map_os_error_ptd 000000018000b644 f   libucrt:errno.obj
 0001:0000a668       __doserrno                 000000018000b668 f   libucrt:errno.obj
 0001:0000a688       _errno                     000000018000b688 f   libucrt:errno.obj
 0001:0000a6a8       strncpy_s                  000000018000b6a8 f   libucrt:strncpy_s.obj
 0001:0000ab00       ??$ensure_buffer_is_big_enough@D@formatting_buffer@__crt_stdio_output@@QEAA_N_KAEAV__crt_cached_ptd_host@@@Z 000000018000bb00 f i libucrt:output.obj
 0001:0000aba8       ??$ensure_buffer_is_big_enough@_W@formatting_buffer@__crt_stdio_output@@QEAA_N_KAEAV__crt_cached_ptd_host@@@Z 000000018000bba8 f i libucrt:output.obj
 0001:0000ac54       ??$is_wide_character_specifier@_W@__crt_stdio_output@@YA_N_K_WW4length_modifier@0@@Z 000000018000bc54 f i libucrt:output.obj
 0001:0000ac94       ??$parse_integer@KV?$c_string_character_source@D@__crt_strtox@@$0A@@__crt_strtox@@YAKAEAV__crt_cached_ptd_host@@V?$c_string_character_source@D@0@H_N@Z 000000018000bc94 f i libucrt:output.obj
 0001:0000af48       ??$parse_integer@KV?$c_string_character_source@_W@__crt_strtox@@$0A@@__crt_strtox@@YAKAEAV__crt_cached_ptd_host@@V?$c_string_character_source@_W@0@H_N@Z 000000018000bf48 f i libucrt:output.obj
 0001:0000b6c0       ??$type_case_integer@$07@?$output_processor@DV?$string_output_adapter@D@__crt_stdio_output@@V?$format_validation_base@DV?$string_output_adapter@D@__crt_stdio_output@@@2@@__crt_stdio_output@@AEAA_N_N@Z 000000018000c6c0 f i libucrt:output.obj
 0001:0000b8c4       ??$type_case_integer@$07@?$output_processor@_WV?$string_output_adapter@_W@__crt_stdio_output@@V?$format_validation_base@_WV?$string_output_adapter@_W@__crt_stdio_output@@@2@@__crt_stdio_output@@AEAA_N_N@Z 000000018000c8c4 f i libucrt:output.obj
 0001:0000bad0       ??$type_case_integer@$09@?$output_processor@DV?$string_output_adapter@D@__crt_stdio_output@@V?$format_validation_base@DV?$string_output_adapter@D@__crt_stdio_output@@@2@@__crt_stdio_output@@AEAA_N_N@Z 000000018000cad0 f i libucrt:output.obj
 0001:0000bcd4       ??$type_case_integer@$09@?$output_processor@_WV?$string_output_adapter@_W@__crt_stdio_output@@V?$format_validation_base@_WV?$string_output_adapter@_W@__crt_stdio_output@@@2@@__crt_stdio_output@@AEAA_N_N@Z 000000018000ccd4 f i libucrt:output.obj
 0001:0000bee0       ??$type_case_integer@$0BA@@?$output_processor@DV?$string_output_adapter@D@__crt_stdio_output@@V?$format_validation_base@DV?$string_output_adapter@D@__crt_stdio_output@@@2@@__crt_stdio_output@@AEAA_N_N@Z 000000018000cee0 f i libucrt:output.obj
 0001:0000c0e4       ??$type_case_integer@$0BA@@?$output_processor@_WV?$string_output_adapter@_W@__crt_stdio_output@@V?$format_validation_base@_WV?$string_output_adapter@_W@__crt_stdio_output@@@2@@__crt_stdio_output@@AEAA_N_N@Z 000000018000d0e4 f i libucrt:output.obj
 0001:0000c2f0       ??$type_case_integer_parse_into_buffer@I$07@?$output_processor@DV?$string_output_adapter@D@__crt_stdio_output@@V?$format_validation_base@DV?$string_output_adapter@D@__crt_stdio_output@@@2@@__crt_stdio_output@@AEAAXI_N@Z 000000018000d2f0 f i libucrt:output.obj
 0001:0000c360       ??$type_case_integer_parse_into_buffer@I$07@?$output_processor@_WV?$string_output_adapter@_W@__crt_stdio_output@@V?$format_validation_base@_WV?$string_output_adapter@_W@__crt_stdio_output@@@2@@__crt_stdio_output@@AEAAXI_N@Z 000000018000d360 f i libucrt:output.obj
 0001:0000c3e4       ??$type_case_integer_parse_into_buffer@I$09@?$output_processor@DV?$string_output_adapter@D@__crt_stdio_output@@V?$format_validation_base@DV?$string_output_adapter@D@__crt_stdio_output@@@2@@__crt_stdio_output@@AEAAXI_N@Z 000000018000d3e4 f i libucrt:output.obj
 0001:0000c490       ??$type_case_integer_parse_into_buffer@I$09@?$output_processor@_WV?$string_output_adapter@_W@__crt_stdio_output@@V?$format_validation_base@_WV?$string_output_adapter@_W@__crt_stdio_output@@@2@@__crt_stdio_output@@AEAAXI_N@Z 000000018000d490 f i libucrt:output.obj
 0001:0000c550       ??$type_case_integer_parse_into_buffer@I$0BA@@?$output_processor@DV?$string_output_adapter@D@__crt_stdio_output@@V?$format_validation_base@DV?$string_output_adapter@D@__crt_stdio_output@@@2@@__crt_stdio_output@@AEAAXI_N@Z 000000018000d550 f i libucrt:output.obj
 0001:0000c5d4       ??$type_case_integer_parse_into_buffer@I$0BA@@?$output_processor@_WV?$string_output_adapter@_W@__crt_stdio_output@@V?$format_validation_base@_WV?$string_output_adapter@_W@__crt_stdio_output@@@2@@__crt_stdio_output@@AEAAXI_N@Z 000000018000d5d4 f i libucrt:output.obj
 0001:0000c674       ??$type_case_integer_parse_into_buffer@_K$07@?$output_processor@DV?$string_output_adapter@D@__crt_stdio_output@@V?$format_validation_base@DV?$string_output_adapter@D@__crt_stdio_output@@@2@@__crt_stdio_output@@AEAAX_K_N@Z 000000018000d674 f i libucrt:output.obj
 0001:0000c6e4       ??$type_case_integer_parse_into_buffer@_K$07@?$output_processor@_WV?$string_output_adapter@_W@__crt_stdio_output@@V?$format_validation_base@_WV?$string_output_adapter@_W@__crt_stdio_output@@@2@@__crt_stdio_output@@AEAAX_K_N@Z 000000018000d6e4 f i libucrt:output.obj
 0001:0000c76c       ??$type_case_integer_parse_into_buffer@_K$09@?$output_processor@DV?$string_output_adapter@D@__crt_stdio_output@@V?$format_validation_base@DV?$string_output_adapter@D@__crt_stdio_output@@@2@@__crt_stdio_output@@AEAAX_K_N@Z 000000018000d76c f i libucrt:output.obj
 0001:0000c81c       ??$type_case_integer_parse_into_buffer@_K$09@?$output_processor@_WV?$string_output_adapter@_W@__crt_stdio_output@@V?$format_validation_base@_WV?$string_output_adapter@_W@__crt_stdio_output@@@2@@__crt_stdio_output@@AEAAX_K_N@Z 000000018000d81c f i libucrt:output.obj
 0001:0000c8e0       ??$type_case_integer_parse_into_buffer@_K$0BA@@?$output_processor@DV?$string_output_adapter@D@__crt_stdio_output@@V?$format_validation_base@DV?$string_output_adapter@D@__crt_stdio_output@@@2@@__crt_stdio_output@@AEAAX_K_N@Z 000000018000d8e0 f i libucrt:output.obj
 0001:0000c964       ??$type_case_integer_parse_into_buffer@_K$0BA@@?$output_processor@_WV?$string_output_adapter@_W@__crt_stdio_output@@V?$format_validation_base@_WV?$string_output_adapter@_W@__crt_stdio_output@@@2@@__crt_stdio_output@@AEAAX_K_N@Z 000000018000d964 f i libucrt:output.obj
 0001:0000ca04       ?crop_zeroes@__crt_stdio_output@@YAXPEADQEAU__crt_locale_pointers@@@Z 000000018000da04 f i libucrt:output.obj
 0001:0000ca70       ?get_raw_ptd@__crt_cached_ptd_host@@QEAAPEAU__acrt_ptd@@XZ 000000018000da70 f i libucrt:output.obj
 0001:0000cad8       ?parse_int_from_format_string@?$output_processor@DV?$string_output_adapter@D@__crt_stdio_output@@V?$format_validation_base@DV?$string_output_adapter@D@__crt_stdio_output@@@2@@__crt_stdio_output@@AEAA_NQEAH@Z 000000018000dad8 f i libucrt:output.obj
 0001:0000cb68       ?parse_int_from_format_string@?$output_processor@_WV?$string_output_adapter@_W@__crt_stdio_output@@V?$format_validation_base@_WV?$string_output_adapter@_W@__crt_stdio_output@@@2@@__crt_stdio_output@@AEAA_NQEAH@Z 000000018000db68 f i libucrt:output.obj
 0001:0000cbf8       ?process@?$output_processor@DV?$string_output_adapter@D@__crt_stdio_output@@V?$format_validation_base@DV?$string_output_adapter@D@__crt_stdio_output@@@2@@__crt_stdio_output@@QEAAHXZ 000000018000dbf8 f i libucrt:output.obj
 0001:0000cf7c       ?process@?$output_processor@_WV?$string_output_adapter@_W@__crt_stdio_output@@V?$format_validation_base@_WV?$string_output_adapter@_W@__crt_stdio_output@@@2@@__crt_stdio_output@@QEAAHXZ 000000018000df7c f i libucrt:output.obj
 0001:0000d254       ?state_case_size@?$output_processor@DV?$string_output_adapter@D@__crt_stdio_output@@V?$format_validation_base@DV?$string_output_adapter@D@__crt_stdio_output@@@2@@__crt_stdio_output@@AEAA_NXZ 000000018000e254 f i libucrt:output.obj
 0001:0000d3dc       ?state_case_size@?$output_processor@_WV?$string_output_adapter@_W@__crt_stdio_output@@V?$format_validation_base@_WV?$string_output_adapter@_W@__crt_stdio_output@@@2@@__crt_stdio_output@@AEAA_NXZ 000000018000e3dc f i libucrt:output.obj
 0001:0000d58c       ?state_case_type@?$output_processor@DV?$string_output_adapter@D@__crt_stdio_output@@V?$format_validation_base@DV?$string_output_adapter@D@__crt_stdio_output@@@2@@__crt_stdio_output@@AEAA_NXZ 000000018000e58c f i libucrt:output.obj
 0001:0000d990       ?state_case_type@?$output_processor@_WV?$string_output_adapter@_W@__crt_stdio_output@@V?$format_validation_base@_WV?$string_output_adapter@_W@__crt_stdio_output@@@2@@__crt_stdio_output@@AEAA_NXZ 000000018000e990 f i libucrt:output.obj
 0001:0000ddf4       ?type_case_Z@?$output_processor@DV?$string_output_adapter@D@__crt_stdio_output@@V?$format_validation_base@DV?$string_output_adapter@D@__crt_stdio_output@@@2@@__crt_stdio_output@@AEAA_NXZ 000000018000edf4 f i libucrt:output.obj
 0001:0000de70       ?type_case_Z@?$output_processor@_WV?$string_output_adapter@_W@__crt_stdio_output@@V?$format_validation_base@_WV?$string_output_adapter@_W@__crt_stdio_output@@@2@@__crt_stdio_output@@AEAA_NXZ 000000018000ee70 f i libucrt:output.obj
 0001:0000def0       ?type_case_a@?$output_processor@DV?$string_output_adapter@D@__crt_stdio_output@@V?$format_validation_base@DV?$string_output_adapter@D@__crt_stdio_output@@@2@@__crt_stdio_output@@AEAA_NXZ 000000018000eef0 f i libucrt:output.obj
 0001:0000e144       ?type_case_a@?$output_processor@_WV?$string_output_adapter@_W@__crt_stdio_output@@V?$format_validation_base@_WV?$string_output_adapter@_W@__crt_stdio_output@@@2@@__crt_stdio_output@@AEAA_NXZ 000000018000f144 f i libucrt:output.obj
 0001:0000e3ac       ?type_case_c_tchar@?$output_processor@DV?$string_output_adapter@D@__crt_stdio_output@@V?$format_validation_base@DV?$string_output_adapter@D@__crt_stdio_output@@@2@@__crt_stdio_output@@AEAA_ND@Z 000000018000f3ac f i libucrt:output.obj
 0001:0000e480       ?type_case_c_tchar@?$output_processor@_WV?$string_output_adapter@_W@__crt_stdio_output@@V?$format_validation_base@_WV?$string_output_adapter@_W@__crt_stdio_output@@@2@@__crt_stdio_output@@AEAA_N_W@Z 000000018000f480 f i libucrt:output.obj
 0001:0000e544       ?type_case_n@?$output_processor@DV?$string_output_adapter@D@__crt_stdio_output@@V?$format_validation_base@DV?$string_output_adapter@D@__crt_stdio_output@@@2@@__crt_stdio_output@@AEAA_NXZ 000000018000f544 f i libucrt:output.obj
 0001:0000e544       ?type_case_n@?$output_processor@_WV?$string_output_adapter@_W@__crt_stdio_output@@V?$format_validation_base@_WV?$string_output_adapter@_W@__crt_stdio_output@@@2@@__crt_stdio_output@@AEAA_NXZ 000000018000f544 f i libucrt:output.obj
 0001:0000e5fc       ?type_case_s@?$output_processor@DV?$string_output_adapter@D@__crt_stdio_output@@V?$format_validation_base@DV?$string_output_adapter@D@__crt_stdio_output@@@2@@__crt_stdio_output@@AEAA_NXZ 000000018000f5fc f i libucrt:output.obj
 0001:0000e698       ?type_case_s@?$output_processor@_WV?$string_output_adapter@_W@__crt_stdio_output@@V?$format_validation_base@_WV?$string_output_adapter@_W@__crt_stdio_output@@@2@@__crt_stdio_output@@AEAA_NXZ 000000018000f698 f i libucrt:output.obj
 0001:0000e734       ?type_case_s_compute_narrow_string_length@?$output_processor@_WV?$string_output_adapter@_W@__crt_stdio_output@@V?$format_validation_base@_WV?$string_output_adapter@_W@__crt_stdio_output@@@2@@__crt_stdio_output@@AEAAHH_W@Z 000000018000f734 f i libucrt:output.obj
 0001:0000e7b0       ?update_locale_slow@__crt_cached_ptd_host@@AEAAXXZ 000000018000f7b0 f i libucrt:output.obj
 0001:0000e828       ?write_string@?$string_output_adapter@D@__crt_stdio_output@@QEBAXQEBDHQEAHAEAV__crt_cached_ptd_host@@@Z 000000018000f828 f i libucrt:output.obj
 0001:0000e8cc       ?write_string@?$string_output_adapter@_W@__crt_stdio_output@@QEBAXQEB_WHQEAHAEAV__crt_cached_ptd_host@@@Z 000000018000f8cc f i libucrt:output.obj
 0001:0000e974       __stdio_common_vsnprintf_s 000000018000f974 f   libucrt:output.obj
 0001:0000eb4c       __stdio_common_vsnwprintf_s 000000018000fb4c f   libucrt:output.obj
 0001:0000ed28       __stdio_common_vsprintf_s  000000018000fd28 f   libucrt:output.obj
 0001:0000ee3c       malloc                     000000018000fe3c f   libucrt:malloc.obj
 0001:0000ee44       realloc                    000000018000fe44 f   libucrt:realloc.obj
 0001:0000ee4c       ?get_raw_ptd_noexit@__crt_cached_ptd_host@@QEAAPEAU__acrt_ptd@@XZ 000000018000fe4c f i libucrt:invalid_parameter.obj
 0001:0000eeb8       ?value@?$dual_state_global@P6AXPEB_W00I_K@Z@__crt_state_management@@QEAAAEAP6AXPEB_W00I_K@ZAEAV__crt_cached_ptd_host@@@Z 000000018000feb8 f i libucrt:invalid_parameter.obj
 0001:0000ef04       __acrt_call_reportfault    000000018000ff04 f   libucrt:invalid_parameter.obj
 0001:0000f060       __acrt_initialize_invalid_parameter_handler 0000000180010060 f   libucrt:invalid_parameter.obj
 0001:0000f068       _invalid_parameter         0000000180010068 f   libucrt:invalid_parameter.obj
 0001:0000f104       _invalid_parameter_internal 0000000180010104 f   libucrt:invalid_parameter.obj
 0001:0000f1d0       _invalid_parameter_noinfo  00000001800101d0 f   libucrt:invalid_parameter.obj
 0001:0000f1f0       _invoke_watson             00000001800101f0 f   libucrt:invalid_parameter.obj
 0001:0000f4bc       _ui64toa_s                 00000001800104bc f   libucrt:xtoa.obj
 0001:0000f4d0       _ultoa_s                   00000001800104d0 f   libucrt:xtoa.obj
 0001:0000f4e4       wmemcpy_s                  00000001800104e4 f   libucrt:wmemcpy_s.obj
 0001:0000f560       wcscpy_s                   0000000180010560 f   libucrt:wcscpy_s.obj
 0001:0000f5c8       _time64                    00000001800105c8 f   libucrt:time.obj
 0001:0000f63c       _wmkdir                    000000018001063c f   libucrt:wmkdir.obj
 0001:0000f920       _splitpath_s               0000000180010920 f   libucrt:splitpath.obj
 0001:0000f984       _seh_filter_dll            0000000180010984 f   libucrt:exception_filter.obj
 0001:0000f998       _seh_filter_exe            0000000180010998 f   libucrt:exception_filter.obj
 0001:0000fdb0       __acrt_initialize_thread_local_exit_callback 0000000180010db0 f   libucrt:exit.obj
 0001:0000fdb8       _cexit                     0000000180010db8 f   libucrt:exit.obj
 0001:0000fdc8       _exit                      0000000180010dc8 f   libucrt:exit.obj
 0001:0000fdd4       _is_c_termination_complete 0000000180010dd4 f   libucrt:exit.obj
 0001:0000ffa4       __acrt_allocate_buffer_for_argv 0000000180010fa4 f   libucrt:argv_parsing.obj
 0001:00010004       _configure_narrow_argv     0000000180011004 f   libucrt:argv_parsing.obj
 0001:0001038c       __dcrt_uninitialize_environments_nolock 000000018001138c f   libucrt:environment_initialization.obj
 0001:000103d0       _initialize_narrow_environment 00000001800113d0 f   libucrt:environment_initialization.obj
 0001:00010720       _crt_atexit                0000000180011720 f   libucrt:onexit.obj
 0001:00010730       _execute_onexit_table      0000000180011730 f   libucrt:onexit.obj
 0001:00010774       _initialize_onexit_table   0000000180011774 f   libucrt:onexit.obj
 0001:0001079c       _register_onexit_function  000000018001179c f   libucrt:onexit.obj
 0001:0001081c       __acrt_uninitialize_command_line 000000018001181c f   libucrt:argv_data.obj
 0001:00010914       __acrt_initialize          0000000180011914 f   libucrt:initialization.obj
 0001:00010928       __acrt_thread_attach       0000000180011928 f   libucrt:initialization.obj
 0001:0001093c       __acrt_thread_detach       000000018001193c f   libucrt:initialization.obj
 0001:0001094c       __acrt_uninitialize        000000018001194c f   libucrt:initialization.obj
 0001:00010984       __acrt_uninitialize_critical 0000000180011984 f   libucrt:initialization.obj
 0001:00010994       _initterm                  0000000180011994 f   libucrt:initterm.obj
 0001:000109d8       _initterm_e                00000001800119d8 f   libucrt:initterm.obj
 0001:00010a20       terminate                  0000000180011a20 f   libucrt:terminate.obj
 0001:00010a4c       __acrt_initialize_new_handler 0000000180011a4c f   libucrt:new_handler.obj
 0001:00010a54       _callnewh                  0000000180011a54 f   libucrt:new_handler.obj
 0001:00010a94       _query_new_handler         0000000180011a94 f   libucrt:new_handler.obj
 0001:00010acc       abort                      0000000180011acc f   libucrt:abort.obj
 0001:00010b24       strcpy_s                   0000000180011b24 f   libucrt:strcpy_s.obj
 0001:00010b84       calloc                     0000000180011b84 f   libucrt:calloc.obj
 0001:00010ba0       strncmp                    0000000180011ba0 f   libucrt:strncmp.obj
 0001:00010c20       wcsncmp                    0000000180011c20 f   libucrt:wcsncmp.obj
 0001:00010c4c       _free_base                 0000000180011c4c f   libucrt:free_base.obj
 0001:00011000       __acrt_freeptd             0000000180012000 f   libucrt:per_thread_data.obj
 0001:00011044       __acrt_getptd              0000000180012044 f   libucrt:per_thread_data.obj
 0001:00011118       __acrt_getptd_head         0000000180012118 f   libucrt:per_thread_data.obj
 0001:000111bc       __acrt_getptd_noexit       00000001800121bc f   libucrt:per_thread_data.obj
 0001:00011284       __acrt_getptd_noexit_explicit 0000000180012284 f   libucrt:per_thread_data.obj
 0001:00011344       __acrt_initialize_ptd      0000000180012344 f   libucrt:per_thread_data.obj
 0001:00011380       __acrt_uninitialize_ptd    0000000180012380 f   libucrt:per_thread_data.obj
 0001:000113a4       _malloc_base               00000001800123a4 f   libucrt:malloc_base.obj
 0001:00011404       strnlen                    0000000180012404 f   libucrt:strnlen.obj
 0001:00011554       wcsnlen                    0000000180012554 f   libucrt:strnlen.obj
 0001:0001172c       __acrt_update_locale_info  000000018001272c f   libucrt:locale_update.obj
 0001:00011760       __acrt_update_locale_info_explicit 0000000180012760 f   libucrt:locale_update.obj
 0001:00011798       __acrt_update_multibyte_info 0000000180012798 f   libucrt:locale_update.obj
 0001:000117cc       __acrt_update_multibyte_info_explicit 00000001800127cc f   libucrt:locale_update.obj
 0001:00012318       __acrt_fp_format           0000000180013318 f   libucrt:cvt.obj
 0001:00012600       _wctomb_internal           0000000180013600 f   libucrt:wctomb.obj
 0001:000127b0       _mbtowc_internal           00000001800137b0 f   libucrt:mbtowc.obj
 0001:00012928       _fileno                    0000000180013928 f   libucrt:fileno.obj
 0001:00012950       __acrt_initialize_stdio    0000000180013950 f   libucrt:_file.obj
 0001:00012a70       __acrt_uninitialize_stdio  0000000180013a70 f   libucrt:_file.obj
 0001:00012acc       _lock_file                 0000000180013acc f   libucrt:_file.obj
 0001:00012ad8       _unlock_file               0000000180013ad8 f   libucrt:_file.obj
 0001:00012ae4       _get_printf_count_output   0000000180013ae4 f   libucrt:printf_count_output.obj
 0001:00012b6c       __acrt_set_locale_changed  0000000180013b6c f   libucrt:wsetlocale.obj
 0001:00012b78       __acrt_uninitialize_locale 0000000180013b78 f   libucrt:wsetlocale.obj
 0001:00012da0       __acrt_initialize_lowio    0000000180013da0 f   libucrt:ioinit.obj
 0001:00012ddc       __acrt_uninitialize_lowio  0000000180013ddc f   libucrt:ioinit.obj
 0001:00012e1c       _realloc_base              0000000180013e1c f   libucrt:realloc_base.obj
 0001:00013054       __acrt_AppPolicyGetProcessTerminationMethodInternal 0000000180014054 f   libucrt:winapi_thunks.obj
 0001:000130ac       __acrt_AreFileApisANSI     00000001800140ac f   libucrt:winapi_thunks.obj
 0001:000130f0       __acrt_FlsAlloc            00000001800140f0 f   libucrt:winapi_thunks.obj
 0001:000130f8       __acrt_FlsFree             00000001800140f8 f   libucrt:winapi_thunks.obj
 0001:00013100       __acrt_FlsGetValue         0000000180014100 f   libucrt:winapi_thunks.obj
 0001:00013108       __acrt_FlsSetValue         0000000180014108 f   libucrt:winapi_thunks.obj
 0001:00013110       __acrt_InitializeCriticalSectionEx 0000000180014110 f   libucrt:winapi_thunks.obj
 0001:00013180       __acrt_LCMapStringEx       0000000180014180 f   libucrt:winapi_thunks.obj
 0001:0001326c       __acrt_LocaleNameToLCID    000000018001426c f   libucrt:winapi_thunks.obj
 0001:000132cc       __acrt_initialize_winapi_thunks 00000001800142cc f   libucrt:winapi_thunks.obj
 0001:000132f0       __acrt_uninitialize_winapi_thunks 00000001800142f0 f   libucrt:winapi_thunks.obj
 0001:00013334       ??0_LocaleUpdate@@QEAA@QEAU__crt_locale_pointers@@@Z 0000000180014334 f i libucrt:ismbbyte.obj
 0001:00013444       _ismbblead                 0000000180014444 f   libucrt:ismbbyte.obj
 0001:00013458       __acrt_initialize_locks    0000000180014458 f   libucrt:locks.obj
 0001:000134a0       __acrt_lock                00000001800144a0 f   libucrt:locks.obj
 0001:000134bc       __acrt_uninitialize_locks  00000001800144bc f   libucrt:locks.obj
 0001:000134f4       __acrt_unlock              00000001800144f4 f   libucrt:locks.obj
 0001:00013510       __acrt_app_verifier_enabled 0000000180014510 f   libucrt:peb_access.obj
 0001:0001352c       __acrt_is_secure_process   000000018001452c f   libucrt:peb_access.obj
 0001:00013544       __acrt_get_process_end_policy 0000000180014544 f   libucrt:win_policies.obj
 0001:00013574       _calloc_base               0000000180014574 f   libucrt:calloc_base.obj
 0001:00013600       ??$__acrt_convert_wcs_mbs_cp@D_WV<lambda_7c9dea7b4ca7285d2cdb541a38da6275>@@U__crt_win32_buffer_internal_dynamic_resizing@@@@YAHQEBDAEAV?$__crt_win32_buffer@_WU__crt_win32_buffer_internal_dynamic_resizing@@@@AEBV<lambda_7c9dea7b4ca7285d2cdb541a38da6275>@@I@Z 0000000180014600 f i libucrt:argv_wildcards.obj
 0001:0001377c       ??$__acrt_convert_wcs_mbs_cp@_WDV<lambda_d8593a27d1aa8c02be35c86a17d324c4>@@U__crt_win32_buffer_internal_dynamic_resizing@@@@YAHQEB_WAEAV?$__crt_win32_buffer@DU__crt_win32_buffer_internal_dynamic_resizing@@@@AEBV<lambda_d8593a27d1aa8c02be35c86a17d324c4>@@I@Z 000000018001477c f i libucrt:argv_wildcards.obj
 0001:00014020       __acrt_expand_narrow_argv_wildcards 0000000180015020 f   libucrt:argv_wildcards.obj
 0001:00014028       ??$__acrt_convert_wcs_mbs_cp@_WDV<lambda_f788ae46380686e8b737efdd8c720d07>@@U__crt_win32_buffer_no_resizing@@@@YAHQEB_WAEAV?$__crt_win32_buffer@DU__crt_win32_buffer_no_resizing@@@@AEBV<lambda_f788ae46380686e8b737efdd8c720d07>@@I@Z 0000000180015028 f i libucrt:getmodulefilenamea.obj
 0001:00014144       __acrt_GetModuleFileNameA  0000000180015144 f   libucrt:getmodulefilenamea.obj
 0001:00014a60       __acrt_initialize_multibyte 0000000180015a60 f   libucrt:mbctype.obj
 0001:00014ac0       __acrt_update_thread_multibyte_data 0000000180015ac0 f   libucrt:mbctype.obj
 0001:00014adc       _setmbcp_nolock            0000000180015adc f   libucrt:mbctype.obj
 0001:00014d9c       __acrt_initialize_command_line 0000000180015d9c f   libucrt:argv_data.obj
 0001:00014dc4       __acrt_MultiByteToWideChar 0000000180015dc4 f   libucrt:multibytetowidechar.obj
 0001:00014e54       __acrt_WideCharToMultiByte 0000000180015e54 f   libucrt:widechartomultibyte.obj
 0001:00014f34       __dcrt_get_narrow_environment_from_os 0000000180015f34 f   libucrt:get_environment_from_os.obj
 0001:00015044       _recalloc_base             0000000180016044 f   libucrt:recalloc.obj
 0001:000150dc       __acrt_initialize_heap     00000001800160dc f   libucrt:heap_handle.obj
 0001:000150f8       __acrt_uninitialize_heap   00000001800160f8 f   libucrt:heap_handle.obj
 0001:00015104       __acrt_execute_initializers 0000000180016104 f   libucrt:shared_initialization.obj
 0001:00015198       __acrt_execute_uninitializers 0000000180016198 f   libucrt:shared_initialization.obj
 0001:00015228       __acrt_get_sigabrt_handler 0000000180016228 f   libucrt:signal.obj
 0001:00015258       __acrt_initialize_signal_handlers 0000000180016258 f   libucrt:signal.obj
 0001:00015278       raise                      0000000180016278 f   libucrt:signal.obj
 0001:000154f4       __acrt_has_user_matherr    00000001800164f4 f   libucrt:matherr.obj
 0001:00015514       __acrt_initialize_user_matherr 0000000180016514 f   libucrt:matherr.obj
 0001:0001551c       __acrt_invoke_user_matherr 000000018001651c f   libucrt:matherr.obj
 0001:00015738       __acrt_stdio_flush_nolock  0000000180016738 f   libucrt:fflush.obj
 0001:000157c4       _fflush_nolock             00000001800167c4 f   libucrt:fflush.obj
 0001:00015898       _flushall                  0000000180016898 f   libucrt:fflush.obj
 0001:000158a0       __acrt_add_locale_ref      00000001800168a0 f   libucrt:locale_refcounting.obj
 0001:0001592c       __acrt_free_locale         000000018001692c f   libucrt:locale_refcounting.obj
 0001:00015aa4       __acrt_locale_add_lc_time_reference 0000000180016aa4 f   libucrt:locale_refcounting.obj
 0001:00015acc       __acrt_locale_free_lc_time_if_unreferenced 0000000180016acc f   libucrt:locale_refcounting.obj
 0001:00015b04       __acrt_locale_release_lc_time_reference 0000000180016b04 f   libucrt:locale_refcounting.obj
 0001:00015b2c       __acrt_release_locale_ref  0000000180016b2c f   libucrt:locale_refcounting.obj
 0001:00015bd4       __acrt_update_thread_locale_data 0000000180016bd4 f   libucrt:locale_refcounting.obj
 0001:00015c44       _updatetlocinfoEx_nolock   0000000180016c44 f   libucrt:locale_refcounting.obj
 0001:00015cac       _query_new_mode            0000000180016cac f   libucrt:new_mode.obj
 0001:00015d84       __acrt_fp_strflt_to_string 0000000180016d84 f   libucrt:_fptostr.obj
 0001:00015ea0       ?divide@__crt_strtox@@YA_KAEAUbig_integer@1@AEBU21@@Z 0000000180016ea0 f i libucrt:cfout.obj
 0001:0001633c       __acrt_fltout              000000018001733c f   libucrt:cfout.obj
 0001:00017654       fegetround                 0000000180018654 f   libucrt:fegetround.obj
 0001:00017668       ?__c32rtomb_utf8@__crt_mbstring@@YA_KPEAD_UPEAU_Mbstatet@@AEAV__crt_cached_ptd_host@@@Z 0000000180018668 f   libucrt:c32rtomb.obj
 0001:0001770c       ?__mbrtowc_utf8@__crt_mbstring@@YA_KPEA_WPEBD_KPEAU_Mbstatet@@AEAV__crt_cached_ptd_host@@@Z 000000018001870c f   libucrt:mbrtowc.obj
 0001:00017750       ?__mbsrtowcs_utf8@__crt_mbstring@@YA_KPEA_WPEAPEBD_KPEAU_Mbstatet@@AEAV__crt_cached_ptd_host@@@Z 0000000180018750 f   libucrt:mbrtowc.obj
 0001:000178f4       _fcloseall                 00000001800188f4 f   libucrt:closeall.obj
 0001:000179a8       __acrt_stdio_free_buffer_nolock 00000001800189a8 f   libucrt:_freebuf.obj
 0001:000179ec       _isatty                    00000001800189ec f   libucrt:isatty.obj
 0001:00017a4c       __acrt_locale_free_monetary 0000000180018a4c f   libucrt:initmon.obj
 0001:00017b58       __acrt_locale_free_numeric 0000000180018b58 f   libucrt:initnum.obj
 0001:00017bf8       __acrt_locale_free_time    0000000180018bf8 f   libucrt:inittime.obj
 0001:00017d00       __acrt_GetStringTypeA      0000000180018d00 f   libucrt:getstringtypea.obj
 0001:00017e90       __acrt_lowio_create_handle_array 0000000180018e90 f   libucrt:osfinfo.obj
 0001:00017f38       __acrt_lowio_destroy_handle_array 0000000180018f38 f   libucrt:osfinfo.obj
 0001:00017f88       __acrt_lowio_ensure_fh_exists 0000000180018f88 f   libucrt:osfinfo.obj
 0001:00018030       __acrt_lowio_lock_fh       0000000180019030 f   libucrt:osfinfo.obj
 0001:00018058       __acrt_lowio_unlock_fh     0000000180019058 f   libucrt:osfinfo.obj
 0001:00018080       _free_osfhnd               0000000180019080 f   libucrt:osfinfo.obj
 0001:0001813c       _get_osfhandle             000000018001913c f   libucrt:osfinfo.obj
 0001:000181b4       __acrt_DownlevelLocaleNameToLCID 00000001800191b4 f   libucrt:lcidtoname_downlevel.obj
 0001:00018260       qsort                      0000000180019260 f   libucrt:qsort.obj
 0001:00018710       strpbrk                    0000000180019710 f   libucrt:strpbrk.obj
 0001:00018ad8       _mbsdec                    0000000180019ad8 f   libucrt:mbsdec.obj
 0001:00018ae0       _mbsdec_l                  0000000180019ae0 f   libucrt:mbsdec.obj
 0001:00018ea8       __acrt_LCMapStringA        0000000180019ea8 f   libucrt:lcmapstringa.obj
 0001:00018f58       _msize_base                0000000180019f58 f   libucrt:msize.obj
 0001:00019020       _commit                    000000018001a020 f   libucrt:commit.obj
 0001:000198bc       _write_internal            000000018001a8bc f   libucrt:write.obj
 0001:000199dc       _write_nolock              000000018001a9dc f   libucrt:write.obj
 0001:00019ce4       _controlfp_s               000000018001ace4 f   libucrt:contrlfp.obj
 0001:00019d48       fegetenv                   000000018001ad48 f   libucrt:fegetenv.obj
 0001:00019d68       fesetenv                   000000018001ad68 f   libucrt:fesetenv.obj
 0001:00019dc0       feholdexcept               000000018001adc0 f   libucrt:feholdexcept.obj
 0001:00019e10       ceil                       000000018001ae10 f   libucrt:ceil.obj
 0001:00019ee0       log10                      000000018001aee0 f   libucrt:log10.obj
 0001:0001a48c       __acrt_fenv_get_common_round_control 000000018001b48c f   libucrt:_fenvutils.obj
 0001:0001a498       __acrt_fenv_get_control    000000018001b498 f   libucrt:_fenvutils.obj
 0001:0001a57c       __acrt_fenv_get_status     000000018001b57c f   libucrt:_fenvutils.obj
 0001:0001a5d4       __acrt_fenv_set_control    000000018001b5d4 f   libucrt:_fenvutils.obj
 0001:0001a70c       __acrt_fenv_set_status     000000018001b70c f   libucrt:_fenvutils.obj
 0001:0001a780       ?reset_and_return@__crt_mbstring@@YA_K_KPEAU_Mbstatet@@@Z 000000018001b780 f   libucrt:common_utf8.obj
 0001:0001a788       ?return_illegal_sequence@__crt_mbstring@@YA_KPEAU_Mbstatet@@AEAV__crt_cached_ptd_host@@@Z 000000018001b788 f   libucrt:common_utf8.obj
 0001:0001a79c       ?__mbrtoc32_utf8@__crt_mbstring@@YA_KPEA_UPEBD_KPEAU_Mbstatet@@AEAV__crt_cached_ptd_host@@@Z 000000018001b79c f   libucrt:mbrtoc32.obj
 0001:0001aa9c       fclose                     000000018001ba9c f   libucrt:fclose.obj
 0001:0001abe0       _lseeki64_nolock_internal  000000018001bbe0 f   libucrt:lseek.obj
 0001:0001abe8       __ascii_wcsnicmp           000000018001bbe8 f   libucrt:wcsnicmp.obj
 0001:0001ac34       _query_app_type            000000018001bc34 f   libucrt:report_runtime_error.obj
 0001:0001ac3c       __strncnt                  000000018001bc3c f   libucrt:strncnt.obj
 0001:0001ac54       _putwch_nolock             000000018001bc54 f   libucrt:putwch.obj
 0001:0001ac90       _clearfp                   000000018001bc90 f   libucrt:ieee.obj
 0001:0001acfc       _control87                 000000018001bcfc f   libucrt:ieee.obj
 0001:0001b0c4       _handle_error              000000018001c0c4 f   libucrt:libm_error.obj
 0001:0001b1ec       _handle_nan                000000018001c1ec f   libucrt:libm_error.obj
 0001:0001b210       __acrt_initialize_fma3     000000018001c210 f   libucrt:fma3_available.obj
 0001:0001b280       _log10_special             000000018001c280 f   libucrt:log_special.obj
 0001:0001b3b0       _close_internal            000000018001c3b0 f   libucrt:close.obj
 0001:0001b474       _close_nolock_internal     000000018001c474 f   libucrt:close.obj
 0001:0001b544       ?__acrt_stdio_free_stream@@YAXV__crt_stdio_stream@@@Z 000000018001c544 f   libucrt:stream.obj
 0001:0001b560       __dcrt_lowio_ensure_console_output_initialized 000000018001c560 f   libucrt:initcon.obj
 0001:0001b5b4       __dcrt_terminate_console_output 000000018001c5b4 f   libucrt:initcon.obj
 0001:0001b5d0       __dcrt_write_console       000000018001c5d0 f   libucrt:initcon.obj
 0001:0001b6a0       _get_fpsr                  000000018001c6a0 f   libucrt:fpsr.obj
 0001:0001b6b0       _set_fpsr                  000000018001c6b0 f   libucrt:fpsr.obj
 0001:0001b6ba       _fclrf                     000000018001c6ba f   libucrt:fpsr.obj
 0001:0001b6ce       _frnd                      000000018001c6ce f   libucrt:fpsr.obj
 0001:0001b6f0       _raise_exc                 000000018001c6f0 f   libucrt:fpexcept.obj
 0001:0001b718       _raise_exc_ex              000000018001c718 f   libucrt:fpexcept.obj
 0001:0001ba20       _set_errno_from_matherr    000000018001ca20 f   libucrt:fpexcept.obj
 0001:0001ba50       _clrfp                     000000018001ca50 f   libucrt:fpctrl.obj
 0001:0001ba70       _ctrlfp                    000000018001ca70 f   libucrt:fpctrl.obj
 0001:0001baec       _set_statfp                000000018001caec f   libucrt:fpctrl.obj
 0001:0001bb0c       _statfp                    000000018001cb0c f   libucrt:fpctrl.obj
 0001:0001bb20       __GSHandlerCheck           000000018001cb20 f   LIBCMT:gshandler.obj
 0001:0001bb40       __GSHandlerCheckCommon     000000018001cb40 f   LIBCMT:gshandler.obj
 0001:0001bbb0       __security_check_cookie    000000018001cbb0 f   LIBCMT:amdsecgs.obj
 0001:0001bbd0       _FindPESection             000000018001cbd0 f   LIBCMT:pesect.obj
 0001:0001bc20       _IsNonwritableInCurrentImage 000000018001cc20 f   LIBCMT:pesect.obj
 0001:0001bc70       _ValidateImageBase         000000018001cc70 f   LIBCMT:pesect.obj
 0001:0001bc9c       __GSHandlerCheck_SEH       000000018001cc9c f   LIBCMT:gshandlerseh.obj
 0001:0001bd24       __raise_securityfailure    000000018001cd24 f   LIBCMT:gs_report.obj
 0001:0001bd58       __report_gsfailure         000000018001cd58 f   LIBCMT:gs_report.obj
 0001:0001be2c       __report_rangecheckfailure 000000018001ce2c f   LIBCMT:gs_report.obj
 0001:0001be40       __report_securityfailure   000000018001ce40 f   LIBCMT:gs_report.obj
 0001:0001bfd0       __chkstk                   000000018001cfd0 f   LIBCMT:chkstk.obj
 0001:0001bfd0       _alloca_probe              000000018001cfd0 f   LIBCMT:chkstk.obj
 0001:0001c020       __GSHandlerCheck_EH        000000018001d020 f   LIBCMT:gshandlereh.obj
 0001:0001c0a0       __C_specific_handler_noexcept 000000018001d0a0 f   libvcruntime:chandler_noexcept.obj
 0001:0001c0ec       strrchr                    000000018001d0ec f   libvcruntime:strrchr.obj
 0001:0001c2e0       ?MsgA@CLogFile@@QEAA?AU_SYSTEMTIME@@W4enLogLevel@@PEBD11ZZ 000000018001d2e0 f   LogFile.obj
 0001:0001c670       ?Open@CLogFile@@QEAAHPEB_WIPEBD@Z 000000018001d670 f   LogFile.obj
 0001:0001c820       ?Close@CLogFile@@QEAAXXZ   000000018001d820 f   LogFile.obj
 0001:0001c890       ??1CLogFile@@UEAA@XZ       000000018001d890 f   LogFile.obj
 0001:0001c920       ??0CLogFile@@QEAA@XZ       000000018001d920 f   LogFile.obj
 0001:0001c9d0       ?ParametersRead@CPluginInstance@@AEAAIXZ 000000018001d9d0 f   PluginInstance.obj
 0001:0001cab0       ?OnPluginUpdate@CPluginInstance@@UEAAXPEBVIMTConPlugin@@@Z 000000018001dab0 f   PluginInstance.obj
 0001:0001cbd0       ?Stop@CPluginInstance@@UEAAIXZ 000000018001dbd0 f   PluginInstance.obj
 0001:0001ccc0       ?Start@CPluginInstance@@UEAAIPEAVIMTServerAPI@@@Z 000000018001dcc0 f   PluginInstance.obj
 0001:0001ce50       ?Release@CPluginInstance@@UEAAXXZ 000000018001de50 f   PluginInstance.obj
 0001:0001ce70       ??1CPluginInstance@@UEAA@XZ 000000018001de70 f   PluginInstance.obj
 0001:0001cf90       ??0CPluginInstance@@QEAA@XZ 000000018001df90 f   PluginInstance.obj
 0001:0001d0b0       MTServerCreate             000000018001e0b0 f   ServerPlugin.obj
 0001:0001d200       MTServerAbout              000000018001e200 f   ServerPlugin.obj
 0001:0001d2c0       DllMain                    000000018001e2c0 f   ServerPlugin.obj
 0001:0001d2f0       _guard_dispatch_icall_nop  000000018001e2f0 f   LIBCMT:guard_dispatch.obj
 0001:0001d310       _guard_xfg_dispatch_icall_nop 000000018001e310 f   LIBCMT:guard_xfg_dispatch.obj
 0001:0001d340       memset_repstos             000000018001e340 f   libvcruntime:memset.obj
 0001:0001d350       memset                     000000018001e350 f   libvcruntime:memset.obj
 0001:0001d700       memcpy_repmovs             000000018001e700 f   libvcruntime:memcpy.obj
 0001:0001d710       memcpy                     000000018001e710 f   libvcruntime:memcpy.obj
 0001:0001d710       memcpy_$fo_default$        000000018001e710     libvcruntime:memcpy.obj
 0001:0001d710       memmove                    000000018001e710 f   libvcruntime:memcpy.obj
 0002:00000000       __imp_InitializeCriticalSectionAndSpinCount 0000000180020000     kernel32:KERNEL32.dll
 0002:00000008       __imp_DeleteCriticalSection 0000000180020008     kernel32:KERNEL32.dll
 0002:00000010       __imp_EnterCriticalSection 0000000180020010     kernel32:KERNEL32.dll
 0002:00000018       __imp_LeaveCriticalSection 0000000180020018     kernel32:KERNEL32.dll
 0002:00000020       __imp_GetLastError         0000000180020020     kernel32:KERNEL32.dll
 0002:00000028       __imp_CloseHandle          0000000180020028     kernel32:KERNEL32.dll
 0002:00000030       __imp_MultiByteToWideChar  0000000180020030     kernel32:KERNEL32.dll
 0002:00000038       __imp_WideCharToMultiByte  0000000180020038     kernel32:KERNEL32.dll
 0002:00000040       __imp_GetLocalTime         0000000180020040     kernel32:KERNEL32.dll
 0002:00000048       __imp_CreateFileW          0000000180020048     kernel32:KERNEL32.dll
 0002:00000050       __imp_SetFilePointer       0000000180020050     kernel32:KERNEL32.dll
 0002:00000058       __imp_WriteFile            0000000180020058     kernel32:KERNEL32.dll
 0002:00000060       __imp_GetFileSizeEx        0000000180020060     kernel32:KERNEL32.dll
 0002:00000068       __imp_GetTickCount64       0000000180020068     kernel32:KERNEL32.dll
 0002:00000070       __imp_GetSystemTimes       0000000180020070     kernel32:KERNEL32.dll
 0002:00000078       __imp_GetProcessTimes      0000000180020078     kernel32:KERNEL32.dll
 0002:00000080       __imp_GetCurrentProcess    0000000180020080     kernel32:KERNEL32.dll
 0002:00000088       __imp_QueryPerformanceFrequency 0000000180020088     kernel32:KERNEL32.dll
 0002:00000090       __imp_QueryPerformanceCounter 0000000180020090     kernel32:KERNEL32.dll
 0002:00000098       __imp_K32GetProcessMemoryInfo 0000000180020098     kernel32:KERNEL32.dll
 0002:000000a0       __imp_GetThreadTimes       00000001800200a0     kernel32:KERNEL32.dll
 0002:000000a8       __imp_GetCurrentThread     00000001800200a8     kernel32:KERNEL32.dll
 0002:000000b0       __imp_FileTimeToSystemTime 00000001800200b0     kernel32:KERNEL32.dll
 0002:000000b8       __imp_GetModuleFileNameA   00000001800200b8     kernel32:KERNEL32.dll
 0002:000000c0       __imp_WriteConsoleW        00000001800200c0     kernel32:KERNEL32.dll
 0002:000000c8       __imp_RtlCaptureContext    00000001800200c8     kernel32:KERNEL32.dll
 0002:000000d0       __imp_RtlLookupFunctionEntry 00000001800200d0     kernel32:KERNEL32.dll
 0002:000000d8       __imp_RtlVirtualUnwind     00000001800200d8     kernel32:KERNEL32.dll
 0002:000000e0       __imp_IsDebuggerPresent    00000001800200e0     kernel32:KERNEL32.dll
 0002:000000e8       __imp_UnhandledExceptionFilter 00000001800200e8     kernel32:KERNEL32.dll
 0002:000000f0       __imp_SetUnhandledExceptionFilter 00000001800200f0     kernel32:KERNEL32.dll
 0002:000000f8       __imp_GetStartupInfoW      00000001800200f8     kernel32:KERNEL32.dll
 0002:00000100       __imp_IsProcessorFeaturePresent 0000000180020100     kernel32:KERNEL32.dll
 0002:00000108       __imp_GetModuleHandleW     0000000180020108     kernel32:KERNEL32.dll
 0002:00000110       __imp_GetCurrentProcessId  0000000180020110     kernel32:KERNEL32.dll
 0002:00000118       __imp_GetCurrentThreadId   0000000180020118     kernel32:KERNEL32.dll
 0002:00000120       __imp_GetSystemTimeAsFileTime 0000000180020120     kernel32:KERNEL32.dll
 0002:00000128       __imp_InitializeSListHead  0000000180020128     kernel32:KERNEL32.dll
 0002:00000130       __imp_RtlUnwindEx          0000000180020130     kernel32:KERNEL32.dll
 0002:00000138       __imp_InterlockedFlushSList 0000000180020138     kernel32:KERNEL32.dll
 0002:00000140       __imp_RtlPcToFileHeader    0000000180020140     kernel32:KERNEL32.dll
 0002:00000148       __imp_RaiseException       0000000180020148     kernel32:KERNEL32.dll
 0002:00000150       __imp_SetLastError         0000000180020150     kernel32:KERNEL32.dll
 0002:00000158       __imp_EncodePointer        0000000180020158     kernel32:KERNEL32.dll
 0002:00000160       __imp_TlsAlloc             0000000180020160     kernel32:KERNEL32.dll
 0002:00000168       __imp_TlsGetValue          0000000180020168     kernel32:KERNEL32.dll
 0002:00000170       __imp_TlsSetValue          0000000180020170     kernel32:KERNEL32.dll
 0002:00000178       __imp_TlsFree              0000000180020178     kernel32:KERNEL32.dll
 0002:00000180       __imp_FreeLibrary          0000000180020180     kernel32:KERNEL32.dll
 0002:00000188       __imp_GetProcAddress       0000000180020188     kernel32:KERNEL32.dll
 0002:00000190       __imp_LoadLibraryExW       0000000180020190     kernel32:KERNEL32.dll
 0002:00000198       __imp_TerminateProcess     0000000180020198     kernel32:KERNEL32.dll
 0002:000001a0       __imp_CreateDirectoryW     00000001800201a0     kernel32:KERNEL32.dll
 0002:000001a8       __imp_ExitProcess          00000001800201a8     kernel32:KERNEL32.dll
 0002:000001b0       __imp_GetModuleHandleExW   00000001800201b0     kernel32:KERNEL32.dll
 0002:000001b8       __imp_GetModuleFileNameW   00000001800201b8     kernel32:KERNEL32.dll
 0002:000001c0       __imp_HeapFree             00000001800201c0     kernel32:KERNEL32.dll
 0002:000001c8       __imp_HeapAlloc            00000001800201c8     kernel32:KERNEL32.dll
 0002:000001d0       __imp_GetStdHandle         00000001800201d0     kernel32:KERNEL32.dll
 0002:000001d8       __imp_GetFileType          00000001800201d8     kernel32:KERNEL32.dll
 0002:000001e0       __imp_HeapReAlloc          00000001800201e0     kernel32:KERNEL32.dll
 0002:000001e8       __imp_FlsAlloc             00000001800201e8     kernel32:KERNEL32.dll
 0002:000001f0       __imp_FlsGetValue          00000001800201f0     kernel32:KERNEL32.dll
 0002:000001f8       __imp_FlsSetValue          00000001800201f8     kernel32:KERNEL32.dll
 0002:00000200       __imp_FlsFree              0000000180020200     kernel32:KERNEL32.dll
 0002:00000208       __imp_LCMapStringW         0000000180020208     kernel32:KERNEL32.dll
 0002:00000210       __imp_FindClose            0000000180020210     kernel32:KERNEL32.dll
 0002:00000218       __imp_FindFirstFileExW     0000000180020218     kernel32:KERNEL32.dll
 0002:00000220       __imp_FindNextFileW        0000000180020220     kernel32:KERNEL32.dll
 0002:00000228       __imp_IsValidCodePage      0000000180020228     kernel32:KERNEL32.dll
 0002:00000230       __imp_GetACP               0000000180020230     kernel32:KERNEL32.dll
 0002:00000238       __imp_GetOEMCP             0000000180020238     kernel32:KERNEL32.dll
 0002:00000240       __imp_GetCPInfo            0000000180020240     kernel32:KERNEL32.dll
 0002:00000248       __imp_GetCommandLineA      0000000180020248     kernel32:KERNEL32.dll
 0002:00000250       __imp_GetCommandLineW      0000000180020250     kernel32:KERNEL32.dll
 0002:00000258       __imp_GetEnvironmentStringsW 0000000180020258     kernel32:KERNEL32.dll
 0002:00000260       __imp_FreeEnvironmentStringsW 0000000180020260     kernel32:KERNEL32.dll
 0002:00000268       __imp_GetProcessHeap       0000000180020268     kernel32:KERNEL32.dll
 0002:00000270       __imp_SetFilePointerEx     0000000180020270     kernel32:KERNEL32.dll
 0002:00000278       __imp_GetStringTypeW       0000000180020278     kernel32:KERNEL32.dll
 0002:00000280       __imp_SetStdHandle         0000000180020280     kernel32:KERNEL32.dll
 0002:00000288       __imp_HeapSize             0000000180020288     kernel32:KERNEL32.dll
 0002:00000290       __imp_FlushFileBuffers     0000000180020290     kernel32:KERNEL32.dll
 0002:00000298       __imp_GetConsoleOutputCP   0000000180020298     kernel32:KERNEL32.dll
 0002:000002a0       __imp_GetConsoleMode       00000001800202a0     kernel32:KERNEL32.dll
 0002:000002a8       \177KERNEL32_NULL_THUNK_DATA 00000001800202a8     kernel32:KERNEL32.dll
 0002:000002b0       __guard_check_icall_fptr   00000001800202b0     LIBCMT:guard_support.obj
 0002:000002b8       __guard_xfg_check_icall_fptr 00000001800202b8     LIBCMT:guard_support.obj
 0002:000002c0       __guard_dispatch_icall_fptr 00000001800202c0     LIBCMT:guard_support.obj
 0002:000002c8       __guard_xfg_dispatch_icall_fptr 00000001800202c8     LIBCMT:guard_support.obj
 0002:000002d0       __guard_xfg_table_dispatch_icall_fptr 00000001800202d0     LIBCMT:guard_support.obj
 0002:000002d8       __castguard_check_failure_os_handled_fptr 00000001800202d8     LIBCMT:guard_support.obj
 0002:000002e0       __guard_memcpy_fptr        00000001800202e0     libvcruntime:softmemtag.obj
 0002:000002e8       __xc_a                     00000001800202e8     LIBCMT:initializers.obj
 0002:00000348       __xc_z                     0000000180020348     LIBCMT:initializers.obj
 0002:00000350       __xi_a                     0000000180020350     LIBCMT:initializers.obj
 0002:00000358       __acrt_stdio_initializer   0000000180020358     libucrt:stdio_initializer.obj
 0002:00000360       __acrt_multibyte_initializer 0000000180020360     libucrt:multibyte_initializer.obj
 0002:00000368       __acrt_tran_fma3_initializer 0000000180020368     libucrt:fma3_initializer.obj
 0002:00000370       __xi_z                     0000000180020370     LIBCMT:initializers.obj
 0002:00000378       __xp_a                     0000000180020378     LIBCMT:initializers.obj
 0002:00000380       __acrt_locale_terminator   0000000180020380     libucrt:locale_initializer.obj
 0002:00000388       __dcrt_console_output_terminator 0000000180020388     libucrt:console_output_initializer.obj
[...]
 0002:0002398c       $unwind$?setmbcp_internal@@YAHH_NQEAU__acrt_ptd@@QEAPEAU__crt_multibyte_data@@@Z 000000018004398c     libucrt:mbctype.obj
 0002:000239a4       $unwind$?setSBUpLow@@YAXPEAU__crt_multibyte_data@@@Z 00000001800439a4     libucrt:mbctype.obj
 0002:000239c0       $unwind$??$?RV<lambda_efdfa57d1f175319df784efa44bb7b81>@@AEAV<lambda_5f0a4c1567f8adc6734073e5d1e1b35c>@@V<lambda_2e8a7d3640ea6ccb4c2413664c2db6fd>@@@?$__crt_seh_guarded_call@X@@QEAAX$$QEAV<lambda_efdfa57d1f175319df784efa44bb7b81>@@AEAV<lambda_5f0a4c1567f8adc6734073e5d1e1b35c>@@$$QEAV<lambda_2e8a7d3640ea6ccb4c2413664c2db6fd>@@@Z 00000001800439c0     libucrt:mbctype.obj
 0002:000239e4       $unwind$__acrt_WideCharToMultiByte 00000001800439e4     libucrt:widechartomultibyte.obj
 0002:000239f0       $unwind$raise              00000001800439f0     libucrt:signal.obj
 0002:00023a30       $unwind$??$?RV<lambda_450d765d439847d4c735a33c368b5fc0>@@AEAV<lambda_44731a7d0e6d81c3e6aa82d741081786>@@V<lambda_601a2a7da3b7a96e9554ac7215c4b07c>@@@?$__crt_seh_guarded_call@P6AXH@Z@@QEAAP6AXH@Z$$QEAV<lambda_450d765d439847d4c735a33c368b5fc0>@@AEAV<lambda_44731a7d0e6d81c3e6aa82d741081786>@@$$QEAV<lambda_601a2a7da3b7a96e9554ac7215c4b07c>@@@Z 0000000180043a30     libucrt:signal.obj
 0002:00023a54       $unwind$fclose             0000000180043a54     libucrt:fclose.obj
 0002:00023a54       $unwind$_fflush_nolock     0000000180043a54     libucrt:fflush.obj
 0002:00023a64       $unwind$?common_flush_all@@YAH_N@Z 0000000180043a64     libucrt:fflush.obj
 0002:00023a6c       $unwind$??$?RV<lambda_842d9ff0dc9ef11c61343bbaebe7f885>@@AEAV<lambda_c5860995281e5c4ce005b3de8f5874ee>@@V<lambda_d90129c13df834fdcbf8d2b88dafcf2d>@@@?$__crt_seh_guarded_call@X@@QEAAX$$QEAV<lambda_842d9ff0dc9ef11c61343bbaebe7f885>@@AEAV<lambda_c5860995281e5c4ce005b3de8f5874ee>@@$$QEAV<lambda_d90129c13df834fdcbf8d2b88dafcf2d>@@@Z 0000000180043a6c     libucrt:fflush.obj
 0002:00023a90       $unwind$??$?RV<lambda_886d6c58226a84441f68b9f2b8217b83>@@AEAV<lambda_ab61a845afdef5b7c387490eaf3616ee>@@V<lambda_f7f22ab5edc0698d5f6905b0d3f44752>@@@?$__crt_seh_guarded_call@X@@QEAAX$$QEAV<lambda_886d6c58226a84441f68b9f2b8217b83>@@AEAV<lambda_ab61a845afdef5b7c387490eaf3616ee>@@$$QEAV<lambda_f7f22ab5edc0698d5f6905b0d3f44752>@@@Z 0000000180043a90     libucrt:fflush.obj
 0002:00023ab8       $unwind$__acrt_update_thread_locale_data 0000000180043ab8     libucrt:locale_refcounting.obj
 0002:00023adc       $unwind$__acrt_fltout      0000000180043adc     libucrt:cfout.obj
 0002:00023afc       $unwind$?divide@__crt_strtox@@YA_KAEAUbig_integer@1@AEBU21@@Z 0000000180043afc     libucrt:cfout.obj
 0002:00023b14       $chain$0$?divide@__crt_strtox@@YA_KAEAUbig_integer@1@AEBU21@@Z 0000000180043b14     libucrt:cfout.obj
 0002:00023b28       $chain$1$?divide@__crt_strtox@@YA_KAEAUbig_integer@1@AEBU21@@Z 0000000180043b28     libucrt:cfout.obj
 0002:00023b38       $unwind$?__mbsrtowcs_utf8@__crt_mbstring@@YA_KPEA_WPEAPEBD_KPEAU_Mbstatet@@AEAV__crt_cached_ptd_host@@@Z 0000000180043b38     libucrt:mbrtowc.obj
 0002:00023b50       $unwind$_fcloseall         0000000180043b50     libucrt:closeall.obj
 0002:00023b74       $unwind$__acrt_locale_free_monetary 0000000180043b74     libucrt:initmon.obj
 0002:00023b7c       $unwind$__acrt_locale_free_time 0000000180043b7c     libucrt:inittime.obj
 0002:00023b8c       $unwind$__acrt_GetStringTypeA 0000000180043b8c     libucrt:getstringtypea.obj
 0002:00023bb4       $unwind$__acrt_lowio_destroy_handle_array 0000000180043bb4     libucrt:osfinfo.obj
 0002:00023bc4       $unwind$__acrt_lowio_ensure_fh_exists 0000000180043bc4     libucrt:osfinfo.obj
 0002:00023bf0       $unwind$qsort              0000000180043bf0     libucrt:qsort.obj
 0002:00023c08       $chain$4$qsort             0000000180043c08     libucrt:qsort.obj
 0002:00023c2c       $chain$5$qsort             0000000180043c2c     libucrt:qsort.obj
 0002:00023c3c       $unwind$strpbrk            0000000180043c3c     libucrt:strpbrk.obj
 0002:00023c4c       $unwind$fallbackMethod     0000000180043c4c     libucrt:strpbrk.obj
 0002:00023c5c       $unwind$_mbsdec_l          0000000180043c5c     libucrt:mbsdec.obj
 0002:00023c68       $unwind$__acrt_LCMapStringA 0000000180043c68     libucrt:lcmapstringa.obj
 0002:00023c78       $unwind$?__acrt_LCMapStringA_stat@@YAHPEAU__crt_locale_pointers@@PEB_WKPEBDHPEADHHH@Z 0000000180043c78     libucrt:lcmapstringa.obj
 0002:00023ca0       $unwind$_commit            0000000180043ca0     libucrt:commit.obj
 0002:00023ca8       $unwind$??$?RV<lambda_a37b2b86f63e897a80ea819b0eb08c01>@@AEAV<lambda_38ce7e780aa69e748d6df282ebc68efe>@@V<lambda_99fb1378e971ab6e7edea83e3a7a83a2>@@@?$__crt_seh_guarded_call@H@@QEAAH$$QEAV<lambda_a37b2b86f63e897a80ea819b0eb08c01>@@AEAV<lambda_38ce7e780aa69e748d6df282ebc68efe>@@$$QEAV<lambda_99fb1378e971ab6e7edea83e3a7a83a2>@@@Z 0000000180043ca8     libucrt:commit.obj
 0002:00023ccc       $unwind$_write_nolock      0000000180043ccc     libucrt:write.obj
 0002:00023ce4       $unwind$_write_internal    0000000180043ce4     libucrt:write.obj
 0002:00023d10       $unwind$?write_double_translated_ansi_nolock@@YA?AUwrite_result@?A0x17268360@@HQEBDIAEAV__crt_cached_ptd_host@@@Z 0000000180043d10     libucrt:write.obj
 0002:00023d38       $ip2state$?write_double_translated_ansi_nolock@@YA?AUwrite_result@?A0x17268360@@HQEBDIAEAV__crt_cached_ptd_host@@@Z 0000000180043d38     libucrt:write.obj
 0002:00023d40       $unwind$?write_text_ansi_nolock@@YA?AUwrite_result@?A0x17268360@@HQEBDI@Z 0000000180043d40     libucrt:write.obj
 0002:00023d40       $unwind$?write_text_utf16le_nolock@@YA?AUwrite_result@?A0x17268360@@HQEBDI@Z 0000000180043d40     libucrt:write.obj
 0002:00023d60       $unwind$?write_text_utf8_nolock@@YA?AUwrite_result@?A0x17268360@@HQEBDI@Z 0000000180043d60     libucrt:write.obj
 0002:00023d84       $unwind$fesetenv           0000000180043d84     libucrt:fesetenv.obj
 0002:00023d90       $xdatasym                  0000000180043d90     libucrt:log10.obj
 0002:00023d9c       $unwind$__acrt_fenv_get_control 0000000180043d9c     libucrt:_fenvutils.obj
 0002:00023da4       $unwind$__acrt_fenv_set_control 0000000180043da4     libucrt:_fenvutils.obj
 0002:00023db4       $unwind$?__mbrtoc32_utf8@__crt_mbstring@@YA_KPEA_UPEBD_KPEAU_Mbstatet@@AEAV__crt_cached_ptd_host@@@Z 0000000180043db4     libucrt:mbrtoc32.obj
 0002:00023dd0       $unwind$?_fclose_nolock_internal@@YAHQEAU_iobuf@@AEAV__crt_cached_ptd_host@@@Z 0000000180043dd0     libucrt:fclose.obj
 0002:00023de0       $unwind$?_fclose_internal@@YAHQEAU_iobuf@@AEAV__crt_cached_ptd_host@@@Z 0000000180043de0     libucrt:fclose.obj
 0002:00023e04       $unwind$_putwch_nolock     0000000180043e04     libucrt:putwch.obj
 0002:00023e0c       $unwind$common_control87   0000000180043e0c     libucrt:ieee.obj
 0002:00023e38       $unwind$_call_matherr      0000000180043e38     libucrt:libm_error.obj
 0002:00023e40       $unwind$_handle_error      0000000180043e40     libucrt:libm_error.obj
 0002:00023e60       $unwind$__acrt_initialize_fma3 0000000180043e60     libucrt:fma3_available.obj
 0002:00023e68       $unwind$_log_special_common 0000000180043e68     libucrt:log_special.obj
 0002:00023e74       $unwind$_close_internal    0000000180043e74     libucrt:close.obj
 0002:00023e7c       $unwind$??$?RV<lambda_ad8af0d99a0adf03d037d7dffe354bb5>@@AEAV<lambda_c9ba49e555ba839a7b07aa3fbecb7617>@@V<lambda_2f1ebd5d68526518146ae959c9e734c8>@@@?$__crt_seh_guarded_call@H@@QEAAH$$QEAV<lambda_ad8af0d99a0adf03d037d7dffe354bb5>@@AEAV<lambda_c9ba49e555ba839a7b07aa3fbecb7617>@@$$QEAV<lambda_2f1ebd5d68526518146ae959c9e734c8>@@@Z 0000000180043e7c     libucrt:close.obj
 0002:00023ea0       $xdatasym                  0000000180043ea0     libucrt:fpsr.obj
 0002:00023ea8       $unwind$_raise_exc_ex      0000000180043ea8     libucrt:fpexcept.obj
 0002:00023ebc       $unwind$_ctrlfp            0000000180043ebc     libucrt:fpctrl.obj
 0002:00023ee4       $unwind$__GSHandlerCheckCommon 0000000180043ee4     LIBCMT:gshandler.obj
 0002:00023ef0       $xdatasym                  0000000180043ef0     LIBCMT:amdsecgs.obj
 0002:00023ef4       $unwind$_IsNonwritableInCurrentImage 0000000180043ef4     LIBCMT:pesect.obj
 0002:00023f18       $unwind$__report_securityfailure 0000000180043f18     LIBCMT:gs_report.obj
 0002:00023f20       $unwind$capture_current_context 0000000180043f20     LIBCMT:gs_report.obj
 0002:00023f2c       $unwind$capture_previous_context 0000000180043f2c     LIBCMT:gs_report.obj
 0002:00023f38       $xdatasym                  0000000180043f38     LIBCMT:chkstk.obj
 0002:00023f40       $unwind$memcpy_s           0000000180043f40     LogFile.obj
 0002:00023f50       $unwind$?MsgA@CLogFile@@QEAA?AU_SYSTEMTIME@@W4enLogLevel@@PEBD11ZZ 0000000180043f50     LogFile.obj
 0002:00023f64       $chain$0$?MsgA@CLogFile@@QEAA?AU_SYSTEMTIME@@W4enLogLevel@@PEBD11ZZ 0000000180043f64     LogFile.obj
 0002:00023f78       $chain$1$?MsgA@CLogFile@@QEAA?AU_SYSTEMTIME@@W4enLogLevel@@PEBD11ZZ 0000000180043f78     LogFile.obj
 0002:00023f8c       $chain$2$?MsgA@CLogFile@@QEAA?AU_SYSTEMTIME@@W4enLogLevel@@PEBD11ZZ 0000000180043f8c     LogFile.obj
 0002:00023fa0       $chain$3$?MsgA@CLogFile@@QEAA?AU_SYSTEMTIME@@W4enLogLevel@@PEBD11ZZ 0000000180043fa0     LogFile.obj
 0002:00023fb0       $chain$4$?MsgA@CLogFile@@QEAA?AU_SYSTEMTIME@@W4enLogLevel@@PEBD11ZZ 0000000180043fb0     LogFile.obj
 0002:00023fc0       $chain$5$?MsgA@CLogFile@@QEAA?AU_SYSTEMTIME@@W4enLogLevel@@PEBD11ZZ 0000000180043fc0     LogFile.obj
 0002:00023fd0       $unwind$?Open@CLogFile@@QEAAHPEB_WIPEBD@Z 0000000180043fd0     LogFile.obj
 0002:00023fe0       $unwind$?Close@CLogFile@@QEAAXXZ 0000000180043fe0     LogFile.obj
 0002:00023fec       $unwind$??1CLogFile@@UEAA@XZ 0000000180043fec     LogFile.obj
 0002:00023ff8       $unwind$??0CLogFile@@QEAA@XZ 0000000180043ff8     LogFile.obj
 0002:00024000       $unwind$?ParametersRead@CPluginInstance@@AEAAIXZ 0000000180044000     PluginInstance.obj
 0002:0002400c       $unwind$?OnPluginUpdate@CPluginInstance@@UEAAXPEBVIMTConPlugin@@@Z 000000018004400c     PluginInstance.obj
 0002:00024028       $cppxdata$?OnPluginUpdate@CPluginInstance@@UEAAXPEBVIMTConPlugin@@@Z 0000000180044028     PluginInstance.obj
 0002:00024031       $stateUnwindMap$?OnPluginUpdate@CPluginInstance@@UEAAXPEBVIMTConPlugin@@@Z 0000000180044031     PluginInstance.obj
 0002:0002403d       $ip2state$?OnPluginUpdate@CPluginInstance@@UEAAXPEBVIMTConPlugin@@@Z 000000018004403d     PluginInstance.obj
 0002:00024044       $unwind$?Stop@CPluginInstance@@UEAAIXZ 0000000180044044     PluginInstance.obj
 0002:0002405c       $cppxdata$?Stop@CPluginInstance@@UEAAIXZ 000000018004405c     PluginInstance.obj
 0002:00024065       $stateUnwindMap$?Stop@CPluginInstance@@UEAAIXZ 0000000180044065     PluginInstance.obj
 0002:00024071       $ip2state$?Stop@CPluginInstance@@UEAAIXZ 0000000180044071     PluginInstance.obj
 0002:00024078       $unwind$?Start@CPluginInstance@@UEAAIPEAVIMTServerAPI@@@Z 0000000180044078     PluginInstance.obj
 0002:00024094       $cppxdata$?Start@CPluginInstance@@UEAAIPEAVIMTServerAPI@@@Z 0000000180044094     PluginInstance.obj
 0002:0002409d       $stateUnwindMap$?Start@CPluginInstance@@UEAAIPEAVIMTServerAPI@@@Z 000000018004409d     PluginInstance.obj
 0002:000240a9       $ip2state$?Start@CPluginInstance@@UEAAIPEAVIMTServerAPI@@@Z 00000001800440a9     PluginInstance.obj
 0002:000240b4       $unwind$??1CPluginInstance@@UEAA@XZ 00000001800440b4     PluginInstance.obj
 0002:000240d4       $cppxdata$??1CPluginInstance@@UEAA@XZ 00000001800440d4     PluginInstance.obj
 0002:000240d9       $ip2state$??1CPluginInstance@@UEAA@XZ 00000001800440d9     PluginInstance.obj
 0002:000240e0       $unwind$??0CPluginInstance@@QEAA@XZ 00000001800440e0     PluginInstance.obj
 0002:000240e8       $unwind$memcpy_s           00000001800440e8     ServerPlugin.obj
 0002:000240f8       $unwind$MTServerCreate     00000001800440f8     ServerPlugin.obj
 0002:00024110       $unwind$MTServerAbout      0000000180044110     ServerPlugin.obj
 0002:00024270       .edata                     0000000180044270     CleanPlugin64.exp
 0002:00024298       rgpv                       0000000180044298     CleanPlugin64.exp
 0002:000242a0       rgszName                   00000001800442a0     CleanPlugin64.exp
 0002:000242a8       rgwOrd                     00000001800442a8     CleanPlugin64.exp
 0002:000242ac       szName                     00000001800442ac     CleanPlugin64.exp
 0002:000242be       $N00001                    00000001800442be     CleanPlugin64.exp
 0002:000242cc       $N00002                    00000001800442cc     CleanPlugin64.exp
 0002:000247ac       .idata$6                   00000001800447ac     kernel32:KERNEL32.dll
 0003:00000090       ?__vcrt_flsindex@@3KA      0000000180045090     libvcruntime:per_thread_data.obj
 0003:000000a0       ?errno_no_memory@@3HA      00000001800450a0     libucrt:errno.obj
 0003:000000a4       ?doserrno_no_memory@@3KA   00000001800450a4     libucrt:errno.obj
 0003:000000b0       ?__acrt_flsindex@@3KA      00000001800450b0     libucrt:per_thread_data.obj
 0003:00000570       _mbctypes                  0000000180045570     libucrt:mbctype.obj
 0003:00000680       _mbcasemaps                0000000180045680     libucrt:mbctype.obj
 0003:00000780       ?__rgctypeflag@@3PADA      0000000180045780     libucrt:mbctype.obj
 0003:00000790       ?__rgcode_page_info@@3PAUcode_page_info@@A 0000000180045790     libucrt:mbctype.obj
 0003:00000a30       ?dazSupported@?1??common_control87@@9@9 0000000180045a30     libucrt:ieee.obj
 0003:00000a40       ?__dcrt_lowio_console_output_handle@@3PEAXEA 0000000180045a40     libucrt:initcon.obj
 0003:00000a50       ?dazSupported@?1??_ctrlfp@@9@9 0000000180045a50     libucrt:fpctrl.obj
 0003:00001830       ?esLogLevel@@3PAUenumstr@@A 0000000180046830     LogFile.obj
 0003:00001938       ?__class@@3VCStrW@@A       0000000180046938     LogFile.obj
 0003:00001958       ?__func@@3VCStrW@@A        0000000180046958     LogFile.obj
 0003:00001978       ?__funcprev@@3VCStrW@@A    0000000180046978     LogFile.obj
 0003:000019d0       ?__class@@3VCStrW@@A       00000001800469d0     PluginInstance.obj
 0003:000019f0       ?__func@@3VCStrW@@A        00000001800469f0     PluginInstance.obj
 0003:00001a10       ?__funcprev@@3VCStrW@@A    0000000180046a10     PluginInstance.obj
 0003:00011ee8       ?__class@@3VCStrW@@A       0000000180056ee8     ServerPlugin.obj
 0003:00011f08       ?__func@@3VCStrW@@A        0000000180056f08     ServerPlugin.obj
 0003:00011f28       ?__funcprev@@3VCStrW@@A    0000000180056f28     ServerPlugin.obj
 0003:00012020       ?is_initialized_as_dll@@3_NA 0000000180057020     LIBCMT:utility.obj
 0003:00012021       ?module_local_atexit_table_initialized@@3_NA 0000000180057021     LIBCMT:utility.obj
 0003:00012028       ?module_local_atexit_table@@3U_onexit_table_t@@A 0000000180057028     LIBCMT:utility.obj
 0003:00012040       ?module_local_at_quick_exit_table@@3U_onexit_table_t@@A 0000000180057040     LIBCMT:utility.obj
 0003:00012058       ?__proc_attached@@3HA      0000000180057058     LIBCMT:dll_dllmain.obj
 0003:00012090       ?__vcrt_startup_thread_ptd@@3U__vcrt_ptd@@A 0000000180057090     libvcruntime:per_thread_data.obj
 0003:00012118       __vcrt_lock_table          0000000180057118     libvcruntime:locks.obj
 0003:00012140       __vcrt_locks_initialized   0000000180057140     libvcruntime:locks.obj
 0003:00012188       ?heap@@3V_HeapManager@@A   0000000180057188     libvcruntime:undname.obj
 0003:000121b0       ?module_handles@@3PAPEAUHINSTANCE__@@A 00000001800571b0     libvcruntime:winapi_downlevel.obj
 0003:000121c8       ?function_pointers@@3PAPEAXA 00000001800571c8     libvcruntime:winapi_downlevel.obj
 0003:000121f0       ?__acrt_invalid_parameter_handler@@3V?$dual_state_global@P6AXPEB_W00I_K@Z@__crt_state_management@@A 00000001800571f0     libucrt:invalid_parameter.obj
 0003:000121f8       ?c_termination_complete@@3JA 00000001800571f8     libucrt:exit.obj
 0003:00012200       ?thread_local_exit_callback_func@@3P6AXPEAXK0@ZEA 0000000180057200     libucrt:exit.obj
 0003:00012208       ?c_exit_complete@?1???R<lambda_6e4b09c48022b2350581041d5f6b0c4c>@@QEBA@XZ@4_NA 0000000180057208     libucrt:exit.obj
 0003:00012210       ?program_name@?1???$common_configure_argv@D@@YAHW4_crt_argv_mode@@@Z@4PADA 0000000180057210     libucrt:argv_parsing.obj
 0003:00012368       ?__acrt_new_handler@@3V?$dual_state_global@P6AH_K@Z@__crt_state_management@@A 0000000180057368     libucrt:new_handler.obj
 0003:00012370       ?internal_state@?1??_mbtowc_internal@@9@4U_Mbstatet@@A 0000000180057370     libucrt:mbtowc.obj
 0003:00012388       ?enable_percent_n@@3_KA    0000000180057388     libucrt:printf_count_output.obj
 0003:000127c0       ?module_handles@@3PAPEAUHINSTANCE__@@A 00000001800577c0     libucrt:winapi_thunks.obj
 0003:00012870       ?encoded_function_pointers@@3PAPEAXA 0000000180057870     libucrt:winapi_thunks.obj
 0003:00012970       ?__acrt_lock_table@@3PAU_RTL_CRITICAL_SECTION@@A 0000000180057970     libucrt:locks.obj
 0003:00012ba0       ?__acrt_locks_initialized@@3IA 0000000180057ba0     libucrt:locks.obj
 0003:00012bc0       ?fSystemSet@@3HA           0000000180057bc0     libucrt:mbctype.obj
 0003:00012bc4       ?initialized@?1??__acrt_initialize_multibyte@@9@4_NA 0000000180057bc4     libucrt:mbctype.obj
 0003:00012c00       ?ctrlc_action@@3V?$dual_state_global@P6AXH@Z@__crt_state_management@@A 0000000180057c00     libucrt:signal.obj
 0003:00012c08       ?ctrlbreak_action@@3V?$dual_state_global@P6AXH@Z@__crt_state_management@@A 0000000180057c08     libucrt:signal.obj
 0003:00012c10       ?abort_action@@3V?$dual_state_global@P6AXH@Z@__crt_state_management@@A 0000000180057c10     libucrt:signal.obj
 0003:00012c18       ?term_action@@3V?$dual_state_global@P6AXH@Z@__crt_state_management@@A 0000000180057c18     libucrt:signal.obj
 0003:00012c20       ?user_matherr@@3V?$dual_state_global@P6AHPEAU_exception@@@Z@__crt_state_management@@A 0000000180057c20     libucrt:matherr.obj
 0003:00012c28       ?__acrt_global_new_mode@@3V?$dual_state_global@J@__crt_state_management@@A 0000000180057c28     libucrt:new_mode.obj
 0003:00012c38       ?internal_pst@?1??__mbrtoc32_utf8@__crt_mbstring@@YA_KPEA_UPEBD_KPEAU_Mbstatet@@AEAV__crt_cached_ptd_host@@@Z@4U3@A 0000000180057c38     libucrt:mbrtoc32.obj
 0003:00012c40       ?__acrt_app_type@@3W4_crt_app_type@@A 0000000180057c40     libucrt:report_runtime_error.obj
 0003:00012c50       GS_ExceptionRecord         0000000180057c50     LIBCMT:gs_report.obj
 0003:00012cf0       GS_ContextRecord           0000000180057cf0     LIBCMT:gs_report.obj
 0005:00000000       MoveSmall                  000000018005b000     libvcruntime:memcpy_avx_ermsb_aligned.obj
 0005:00000040       MoveSmallYmm               000000018005b040     libvcruntime:memcpy_avx_ermsb_aligned.obj
 0005:00000064       MoveSmallYmmNT             000000018005b064     libvcruntime:memcpy_avx_ermsb_aligned.obj
 0005:00000090       MoveSmall                  000000018005b090     libvcruntime:memcpy_avx_ermsb_aligned_amd.obj
 0005:000000d0       MoveSmallYmm               000000018005b0d0     libvcruntime:memcpy_avx_ermsb_aligned_amd.obj
 0005:000000f4       MoveSmallYmmNT             000000018005b0f4     libvcruntime:memcpy_avx_ermsb_aligned_amd.obj
 0005:00000120       MoveSmall                  000000018005b120     libvcruntime:memcpy_sse2_ermsb_aligned.obj
 0005:00000160       MoveSmallXmm               000000018005b160     libvcruntime:memcpy_sse2_ermsb_aligned.obj
 0005:00000190       MoveSmall                  000000018005b190     libvcruntime:memcpy_sse2_ermsb_aligned_amd.obj
 0005:000001d0       MoveSmallXmm               000000018005b1d0     libvcruntime:memcpy_sse2_ermsb_aligned_amd.obj
 0006:000000a0       $R000000                   000000018005c0a0     Resource.res
 0006:00000378       $R0002D8                   000000018005c378     Resource.res
