 CleanPlugin64

 Timestamp is 66159630 (Tue Apr  9 22:25:36 2024)

 Preferred load address is 0000000180000000

 Start         Length     Name                   Class
 0001:00000000 000001f0H .text$di                CODE
 0001:000001f0 0001caa0H .text$mn                CODE
 0001:0001cc90 00000040H .text$mn$00             CODE
 0001:0001ccd0 00000a70H .text$mn$21             CODE
 0001:0001d740 00000710H .text$x                 CODE
 0001:0001de50 000003e2H .text$yd                CODE
 0002:00000000 000002a8H .idata$5                DATA
 0002:000002a8 00000038H .00cfg                  DATA
 0002:000002e0 00000008H .CRT$XCA                DATA
 0002:000002e8 00000058H .CRT$XCU                DATA
 0002:00000340 00000008H .CRT$XCZ                DATA
 0002:00000348 00000008H .CRT$XIA                DATA
 0002:00000350 00000018H .CRT$XIC                DATA
 0002:00000368 00000008H .CRT$XIZ                DATA
 0002:00000370 00000008H .CRT$XPA                DATA
 0002:00000378 00000010H .CRT$XPX                DATA
 0002:00000388 00000008H .CRT$XPXA               DATA
 0002:00000390 00000008H .CRT$XPZ                DATA
 0002:00000398 00000008H .CRT$XTA                DATA
 0002:000003a0 00000010H .CRT$XTZ                DATA
 0002:000003a8 00000000H .gehcont$y              DATA
 0002:000003a8 00000000H .gfids$y                DATA
 0002:000003b0 00021a10H .rdata                  DATA
 0002:00021dc0 000001c0H .rdata$00               DATA
 0002:00021f80 00000000H .rdata$CastGuardVftablesA DATA
 0002:00021f80 00000000H .rdata$CastGuardVftablesC DATA
 0002:00021f80 00000274H .rdata$r                DATA
 0002:000221f4 00000238H .rdata$voltmd           DATA
 0002:0002242c 0000037cH .rdata$zzzdbg           DATA
 0002:000227a8 00000008H .rtc$IAA                DATA
 0002:000227b0 00000008H .rtc$IZZ                DATA
 0002:000227b8 00000008H .rtc$TAA                DATA
 0002:000227c0 00000008H .rtc$TZZ                DATA
 0002:000227c8 00001930H .xdata                  DATA
 0002:000240f8 00000158H .xdata$x                DATA
 0002:00024250 0000006cH .edata                  DATA
 0002:000242bc 00000014H .idata$2                DATA
 0002:000242d0 00000018H .idata$3                DATA
 0002:000242e8 000002a8H .idata$4                DATA
 0002:00024590 0000062eH .idata$6                DATA
 0003:00000000 00011f48H .data                   DATA
 0003:00011f48 000000a8H .data$r                 DATA
 0003:00011ff0 00000020H .data$rs                DATA
 0003:00012010 000011d4H .bss                    DATA
 0004:00000000 00001adcH .pdata                  DATA
 0005:00000000 000001f4H _RDATA                  DATA
 0006:00000000 000000a0H .rsrc$01                DATA
 0006:000000a0 00000458H .rsrc$02                DATA

  Address         Publics by Value              Rva+Base               Lib:Object

 0000:00000000       __AbsoluteZero             0000000000000000     <absolute>
 0000:00000000       ___safe_se_handler_count   0000000000000000     <absolute>
 0000:00000000       ___safe_se_handler_table   0000000000000000     <absolute>
 0000:00000000       __arm64x_extra_rfe_table   0000000000000000     <absolute>
 0000:00000000       __arm64x_extra_rfe_table_size 0000000000000000     <absolute>
 0000:00000000       __arm64x_native_entrypoint 0000000000000000     <absolute>
 0000:00000000       __arm64x_redirection_metadata 0000000000000000     <absolute>
 0000:00000000       __arm64x_redirection_metadata_count 0000000000000000     <absolute>
 0000:00000000       __dynamic_value_reloc_table 0000000000000000     <absolute>
 0000:00000000       __enclave_config           0000000000000000     <absolute>
 0000:00000000       __guard_check_icall_a64n_fptr 0000000000000000     <absolute>
 0000:00000000       __guard_eh_cont_count      0000000000000000     <absolute>
 0000:00000000       __guard_eh_cont_table      0000000000000000     <absolute>
 0000:00000000       __guard_fids_count         0000000000000000     <absolute>
 0000:00000000       __guard_fids_table         0000000000000000     <absolute>
 0000:00000000       __guard_iat_count          0000000000000000     <absolute>
 0000:00000000       __guard_iat_table          0000000000000000     <absolute>
 0000:00000000       __guard_longjmp_count      0000000000000000     <absolute>
 0000:00000000       __guard_longjmp_table      0000000000000000     <absolute>
 0000:00000000       __hybrid_auxiliary_delayload_iat 0000000000000000     <absolute>
 0000:00000000       __hybrid_auxiliary_delayload_iat_copy 0000000000000000     <absolute>
 0000:00000000       __hybrid_auxiliary_iat     0000000000000000     <absolute>
 0000:00000000       __hybrid_auxiliary_iat_copy 0000000000000000     <absolute>
 0000:00000000       __hybrid_code_map          0000000000000000     <absolute>
 0000:00000000       __hybrid_code_map_count    0000000000000000     <absolute>
 0000:00000000       __hybrid_image_info_bitfield 0000000000000000     <absolute>
 0000:00000000       __x64_code_ranges_to_entry_points 0000000000000000     <absolute>
 0000:00000000       __x64_code_ranges_to_entry_points_count 0000000000000000     <absolute>
 0000:00000100       __guard_flags              0000000000000100     <absolute>
 0000:00000000       __ImageBase                0000000180000000     <linker-defined>
 0001:000001f0       ?Clear@CStrA@@UEAAXXZ      00000001800011f0 f i LogFile.obj
 0001:000001f0       ?Clear@CStrW@@UEAAXXZ      00000001800011f0 f i LogFile.obj
 0001:00000240       ?Copy@CStrA@@UEAA_NAEBV1@@Z 0000000180001240 f i LogFile.obj
 0001:00000240       ?Copy@CStrA@@UEAA_NPEBV1@@Z 0000000180001240 f i LogFile.obj
 0001:000002c0       ?Compare@CStrA@@UEAA_JPEAV1@H@Z 00000001800012c0 f i LogFile.obj
 0001:00000340       ??0CStrA@@QEAA@PEB_W@Z     0000000180001340 f i LogFile.obj
 0001:000004b0       ??1CStrA@@UEAA@XZ          00000001800014b0 f i LogFile.obj
 0001:00000500       ?Format@CStrA@@QEAAPEBDPEBDZZ 0000000180001500 f i LogFile.obj
 0001:00000530       ??_ECStrA@@UEAAPEAXI@Z     0000000180001530 f i * CIL library *:* CIL module *
 0001:00000530       ??_GCStrA@@UEAAPEAXI@Z     0000000180001530 f i LogFile.obj
 0001:000005a0       ?Resize@CStrA@@QEAAHH@Z    00000001800015a0 f i LogFile.obj
 0001:00000650       ?Formatl@CStrA@@QEAAPEBDPEADPEBD@Z 0000000180001650 f i LogFile.obj
 0001:000007d0       ?Copy@CStrW@@UEAA_NAEBV1@@Z 00000001800017d0 f i LogFile.obj
 0001:000007d0       ?Copy@CStrW@@UEAA_NPEBV1@@Z 00000001800017d0 f i LogFile.obj
 0001:00000820       ?Compare@CStrW@@UEAA_JPEBV1@H@Z 0000000180001820 f i LogFile.obj
 0001:000008b0       ??1CStrW@@UEAA@XZ          00000001800018b0 f i LogFile.obj
 0001:00000900       ??_ECStrW@@UEAAPEAXI@Z     0000000180001900 f i * CIL library *:* CIL module *
 0001:00000900       ??_GCStrW@@UEAAPEAXI@Z     0000000180001900 f i LogFile.obj
 0001:00000970       ?StrA@CStrW@@QEAAPEBDW4CP_t@@K@Z 0000000180001970 f i LogFile.obj
 0001:00000a60       ?Resize@CStrW@@QEAAHH@Z    0000000180001a60 f i LogFile.obj
 0001:00000b30       ??_ECLogFile@@UEAAPEAXI@Z  0000000180001b30 f i * CIL library *:* CIL module *
 0001:00000b30       ??_GCLogFile@@UEAAPEAXI@Z  0000000180001b30 f i LogFile.obj
 0001:00000b70       ??$sprintf_s@$0CA@@@YAHAEAY0CA@DPEBDZZ 0000000180001b70 f i LogFile.obj
 0001:00000bd0       ??$EnumToDesc@$0L@@@YA?AVCStrA@@AEAY0L@$$CBUenumstr@@_K@Z 0000000180001bd0 f i LogFile.obj
 0001:00000df0       __local_stdio_printf_options 0000000180001df0 f i LogFile.obj
 0001:00000e00       ??0CStrW@@QEAA@PEB_W@Z     0000000180001e00 f i PluginInstance.obj
 0001:00000ec0       ?GetUsage@CpuUsage@@QEAAFXZ 0000000180001ec0 f i PluginInstance.obj
 0001:000010c0       ?Init@CLogAppendBase@@UEAAXPEAXP6AX0W4enLogLevel@@PEBD22@Z2@Z 00000001800020c0 f i PluginInstance.obj
 0001:00001140       ?LogName@CLogAppendBase@@UEBA?AVCStrW@@XZ 0000000180002140 f i PluginInstance.obj
 0001:000011a0       ?MsgA@CLogAppendBase@@QEBAXW4enLogLevel@@PEBD1ZZ 00000001800021a0 f i PluginInstance.obj
 0001:000011c0       ?MsgAl@CLogAppendBase@@QEBAXW4enLogLevel@@PEBDPEAD1@Z 00000001800021c0 f i PluginInstance.obj
 0001:000012d0       ?MsgW@CLogAppendBase@@QEBAXW4enLogLevel@@PEB_W1ZZ 00000001800022d0 f i PluginInstance.obj
 0001:000012f0       ?MsgWl@CLogAppendBase@@QEBAXW4enLogLevel@@PEB_WPEAD1@Z 00000001800022f0 f i PluginInstance.obj
 0001:000015e0       ?FuncNameA@CLogAppendBase@@SA?AVCStrA@@PEBD@Z 00000001800025e0 f i PluginInstance.obj
 0001:000017d0       ?init@CLogAppenderFunc@@QEAAXPEBD_N11PEC_J@Z 00000001800027d0 f i PluginInstance.obj
 0001:00001a00       ?InitBracket@CLogAppenderFunc@@QEAAXPEBD@Z 0000000180002a00 f i PluginInstance.obj
 0001:00001ab0       ??1CLogAppenderFunc@@QEAA@XZ 0000000180002ab0 f i PluginInstance.obj
 0001:00001ce0       ?Msg@CLogAppenderFunc@@UEAAXW4enLogLevel@@AEBV?$CStrBld@D@@@Z 0000000180002ce0 f i PluginInstance.obj
 0001:00001d80       ?MsgA@CLogAppenderFunc@@UEAAXW4enLogLevel@@PEBDZZ 0000000180002d80 f i PluginInstance.obj
 0001:00001db0       ?MsgW@CLogAppenderFunc@@UEAAXW4enLogLevel@@PEB_WZZ 0000000180002db0 f i PluginInstance.obj
 0001:00001de0       ?MsgAl@CLogAppenderFunc@@UEAAXW4enLogLevel@@PEADPEBD@Z 0000000180002de0 f i PluginInstance.obj
 0001:00001ee0       ?MsgWl@CLogAppenderFunc@@UEAAXW4enLogLevel@@PEADPEB_W@Z 0000000180002ee0 f i PluginInstance.obj
 0001:000020d0       ?DifTimeSec@CLogAppenderFunc@@QEBANXZ 00000001800030d0 f i PluginInstance.obj
 0001:00002150       ?GetThreadUsage@CLogAppenderFunc@@QEAAHXZ 0000000180003150 f i PluginInstance.obj
 0001:000022f0       ?MsgA@CLogAppenderFunc@@UEAAAEAV?$CStrBld@VCLogAppenderFunc@@@@W4enLogLevel@@@Z 00000001800032f0 f i PluginInstance.obj
 0001:00002350       ??RCLogAppenderFunc@@UEAAPEBDXZ 0000000180003350 f i PluginInstance.obj
 0001:000023d0       ?Init@CLogAppender@@UEAAXPEAVCLogFile@@PEBD@Z 00000001800033d0 f i PluginInstance.obj
 0001:00002460       ?LogName@CLogAppender@@UEBA?AVCStrW@@XZ 0000000180003460 f i PluginInstance.obj
 0001:000024b0       ?OnLogosA@CLogAppender@@SAXPEAXW4enLogLevel@@PEBD22@Z 00000001800034b0 f i PluginInstance.obj
 0001:00002520       ??_ECPluginInstance@@UEAAPEAXI@Z 0000000180003520 f i * CIL library *:* CIL module *
 0001:00002520       ??_GCPluginInstance@@UEAAPEAXI@Z 0000000180003520 f i PluginInstance.obj
 0001:00002660       ??1?$CStrBld@VCLogAppenderFunc@@@@QEAA@XZ 0000000180003660 f i PluginInstance.obj
 0001:000026f0       ?HookTradeCommissionCharge@IMTTradeSink@@UEAAI_J0PEBVIMTConCommission@@PEBVIMTConGroup@@PEBVIMTUser@@NAEAN@Z 00000001800036f0 f i PluginInstance.obj
 0001:000026f0       ?HookTradeCommissionDeal@IMTTradeSink@@UEAAIPEBVIMTConCommission@@PEBVIMTConGroup@@PEBVIMTConSymbol@@PEBVIMTDeal@@NAEAN@Z 00000001800036f0 f i PluginInstance.obj
 0001:000026f0       ?HookTradeCommissionOrder@IMTTradeSink@@UEAAIPEBVIMTConCommission@@PEBVIMTConGroup@@PEBVIMTConSymbol@@PEBVIMTOrder@@NAEAN@Z 00000001800036f0 f i PluginInstance.obj
 0001:000026f0       ?HookTradeExecution@IMTTradeSink@@UEAAIPEBVIMTConGateway@@PEBVIMTExecution@@PEBVIMTConGroup@@PEBVIMTConSymbol@@PEAVIMTPosition@@PEAVIMTOrder@@PEAVIMTDeal@@@Z 00000001800036f0 f i PluginInstance.obj
 0001:000026f0       ?HookTradeExecutionCloseBy@IMTTradeSink@@UEAAIPEBVIMTExecution@@PEBVIMTConGroup@@PEBVIMTConSymbol@@PEAVIMTPosition@@PEAVIMTOrder@@PEAVIMTDeal@@5@Z 00000001800036f0 f i PluginInstance.obj
 0001:000026f0       ?HookTradeInterest@IMTTradeSink@@UEAAI_JPEBVIMTConGroup@@PEBVIMTAccount@@NAEAN@Z 00000001800036f0 f i PluginInstance.obj
 0001:000026f0       ?HookTradeInterestCharge@IMTTradeSink@@UEAAI_JPEBVIMTConGroup@@PEBVIMTUser@@NAEAN@Z 00000001800036f0 f i PluginInstance.obj
 0001:000026f0       ?HookTradeInterestChargeDeal@IMTTradeSink@@UEAAI_JPEBVIMTConGroup@@PEBVIMTUser@@PEAVIMTDeal@@@Z 00000001800036f0 f i PluginInstance.obj
 0001:000026f0       ?HookTradeRequestAdd@IMTTradeSink@@UEAAIPEAVIMTRequest@@PEBVIMTConGroup@@PEBVIMTConSymbol@@PEBVIMTPosition@@PEBVIMTOrder@@PEAV6@@Z 00000001800036f0 f i PluginInstance.obj
 0001:000026f0       ?HookTradeRequestProcess@IMTTradeSink@@UEAAIPEBVIMTRequest@@PEBVIMTConfirm@@PEBVIMTConGroup@@PEBVIMTConSymbol@@PEAVIMTPosition@@PEAVIMTOrder@@PEAVIMTDeal@@@Z 00000001800036f0 f i PluginInstance.obj
 0001:000026f0       ?HookTradeRequestProcessCloseBy@IMTTradeSink@@UEAAIPEBVIMTRequest@@PEBVIMTConfirm@@PEBVIMTConGroup@@PEBVIMTConSymbol@@PEAVIMTPosition@@PEAVIMTOrder@@PEAVIMTDeal@@6@Z 00000001800036f0 f i PluginInstance.obj
 0001:000026f0       ?HookTradeRequestRoute@IMTTradeSink@@UEAAIPEAVIMTRequest@@PEAVIMTConfirm@@PEBVIMTConGroup@@PEBVIMTConSymbol@@PEBVIMTPosition@@PEBVIMTOrder@@@Z 00000001800036f0 f i PluginInstance.obj
 0001:000026f0       ?HookTradeRollover@IMTTradeSink@@UEAAI_JPEBVIMTConGroup@@PEBVIMTConSymbol@@PEBVIMTPosition@@NAEAN@Z 00000001800036f0 f i PluginInstance.obj
 0001:000026f0       ?HookTradeSplit@IMTTradeSink@@UEAAIIIIIINPEBVIMTConGroup@@PEBVIMTConSymbol@@PEAVIMTPosition@@2@Z 00000001800036f0 f i PluginInstance.obj
 0001:00002700       ?OnPluginAdd@IMTConPluginSink@@UEAAXPEBVIMTConPlugin@@@Z 0000000180003700 f i PluginInstance.obj
 0001:00002700       ?OnPluginDelete@IMTConPluginSink@@UEAAXPEBVIMTConPlugin@@@Z 0000000180003700 f i PluginInstance.obj
 0001:00002700       ?OnPluginSync@IMTConPluginSink@@UEAAXXZ 0000000180003700 f i PluginInstance.obj
 0001:00002700       ?OnTradeExecution@IMTTradeSink@@UEAAXPEBVIMTConGateway@@PEBVIMTExecution@@PEBVIMTConGroup@@PEBVIMTConSymbol@@PEBVIMTPosition@@PEBVIMTOrder@@PEBVIMTDeal@@@Z 0000000180003700 f i PluginInstance.obj
 0001:00002700       ?OnTradeExecutionCloseBy@IMTTradeSink@@UEAAXPEBVIMTExecution@@PEBVIMTConGroup@@PEBVIMTConSymbol@@PEBVIMTPosition@@PEBVIMTOrder@@PEBVIMTDeal@@5@Z 0000000180003700 f i PluginInstance.obj
 0001:00002700       ?OnTradeRequestAdd@IMTTradeSink@@UEAAXPEBVIMTRequest@@PEBVIMTConGroup@@PEBVIMTConSymbol@@PEBVIMTPosition@@PEBVIMTOrder@@@Z 0000000180003700 f i PluginInstance.obj
 0001:00002700       ?OnTradeRequestDelete@IMTTradeSink@@UEAAXPEBVIMTRequest@@@Z 0000000180003700 f i PluginInstance.obj
 0001:00002700       ?OnTradeRequestProcess@IMTTradeSink@@UEAAXPEBVIMTRequest@@PEBVIMTConfirm@@PEBVIMTConGroup@@PEBVIMTConSymbol@@PEBVIMTPosition@@PEBVIMTOrder@@PEBVIMTDeal@@@Z 0000000180003700 f i PluginInstance.obj
 0001:00002700       ?OnTradeRequestProcessCloseBy@IMTTradeSink@@UEAAXPEBVIMTRequest@@PEBVIMTConfirm@@PEBVIMTConGroup@@PEBVIMTConSymbol@@PEBVIMTPosition@@PEBVIMTOrder@@PEBVIMTDeal@@6@Z 0000000180003700 f i PluginInstance.obj
 0001:00002700       ?OnTradeRequestRefuse@IMTTradeSink@@UEAAXPEBVIMTRequest@@@Z 0000000180003700 f i PluginInstance.obj
 0001:00002700       ?OnTradeRequestUpdate@IMTTradeSink@@UEAAXPEBVIMTRequest@@@Z 0000000180003700 f i PluginInstance.obj
 0001:00002700       ?OnTradeSplit@IMTTradeSink@@UEAAXIIIIINPEBVIMTConGroup@@PEBVIMTConSymbol@@PEBVIMTPosition@@2@Z 0000000180003700 f i PluginInstance.obj
 0001:00002700       _guard_check_icall_nop     0000000180003700 f i LIBCMT:guard_support.obj
 0001:00002710       ?HookTradeRequestRuleApply@IMTTradeSink@@UEAAIPEAVIMTRequest@@PEAVIMTConRoute@@PEBVIMTConGroup@@@Z 0000000180003710 f i PluginInstance.obj
 0001:00002710       ?HookTradeRequestRuleFilter@IMTTradeSink@@UEAAIPEAVIMTRequest@@PEAVIMTConRoute@@PEBVIMTConGroup@@@Z 0000000180003710 f i PluginInstance.obj
 0001:00002710       _get_startup_argv_mode     0000000180003710 f i LIBCMT:argv_mode.obj
 0001:00002720       ?AppendFormat@CStrW@@QEAAPEB_WPEB_WZZ 0000000180003720 f i ServerPlugin.obj
 0001:00002840       ?TimeStampFormat@@YA?AVCStrW@@AEBU_SYSTEMTIME@@PEB_W@Z 0000000180003840 f i ServerPlugin.obj
 0001:00002aa0       ?LogCreate@@YAXAEAVCLogFile@@PEAUHINSTANCE__@@PEB_W22_NI@Z 0000000180003aa0 f i ServerPlugin.obj
 0001:000031d8       ??3@YAXPEAX_K@Z            00000001800041d8 f   LIBCMT:delete_scalar_size.obj
 0001:000031e0       __scrt_acquire_startup_lock 00000001800041e0 f   LIBCMT:utility.obj
 0001:0000321c       __scrt_dllmain_after_initialize_c 000000018000421c f   LIBCMT:utility.obj
 0001:00003250       __scrt_dllmain_before_initialize_c 0000000180004250 f   LIBCMT:utility.obj
 0001:00003268       __scrt_dllmain_crt_thread_attach 0000000180004268 f   LIBCMT:utility.obj
 0001:00003290       __scrt_dllmain_crt_thread_detach 0000000180004290 f   LIBCMT:utility.obj
 0001:000032a8       __scrt_dllmain_exception_filter 00000001800042a8 f   LIBCMT:utility.obj
 0001:00003308       __scrt_dllmain_uninitialize_c 0000000180004308 f   LIBCMT:utility.obj
 0001:00003338       __scrt_dllmain_uninitialize_critical 0000000180004338 f   LIBCMT:utility.obj
 0001:0000334c       __scrt_initialize_crt      000000018000434c f   LIBCMT:utility.obj
 0001:00003388       __scrt_initialize_onexit_tables 0000000180004388 f   LIBCMT:utility.obj
 0001:00003414       __scrt_is_nonwritable_in_current_image 0000000180004414 f   LIBCMT:utility.obj
 0001:000034ac       __scrt_release_startup_lock 00000001800044ac f   LIBCMT:utility.obj
 0001:000034d0       __scrt_uninitialize_crt    00000001800044d0 f   LIBCMT:utility.obj
 0001:000034fc       _onexit                    00000001800044fc f   LIBCMT:utility.obj
 0001:00003538       atexit                     0000000180004538 f   LIBCMT:utility.obj
 0001:00003550       ??2@YAPEAX_KAEBUnothrow_t@std@@@Z 0000000180004550 f   LIBCMT:new_scalar_nothrow.obj
 0001:00003880       _DllMainCRTStartup         0000000180004880 f   LIBCMT:dll_dllmain.obj
 0001:000038c0       ??3@YAXPEAX@Z              00000001800048c0 f   LIBCMT:delete_scalar.obj
 0001:000038c8       __isa_available_init       00000001800048c8 f   LIBCMT:cpu_disp.obj
 0001:00003a74       __scrt_is_ucrt_dll_in_use  0000000180004a74 f   LIBCMT:ucrt_detection.obj
 0001:00003a80       __crt_debugger_hook        0000000180004a80 f   LIBCMT:utility_desktop.obj
 0001:00003a88       __scrt_fastfail            0000000180004a88 f   LIBCMT:utility_desktop.obj
 0001:00003bd0       ??2@YAPEAX_K@Z             0000000180004bd0 f   LIBCMT:new_scalar.obj
 0001:00003c0c       __security_init_cookie     0000000180004c0c f   LIBCMT:gs_support.obj
 0001:00003cb8       ?__scrt_initialize_type_info@@YAXXZ 0000000180004cb8 f   LIBCMT:tncleanup.obj
 0001:00003cc8       ?__scrt_uninitialize_type_info@@YAXXZ 0000000180004cc8 f   LIBCMT:tncleanup.obj
 0001:00003cd4       __local_stdio_scanf_options 0000000180004cd4 f i LIBCMT:default_local_stdio_options.obj
 0001:00003cdc       __scrt_initialize_default_local_stdio_options 0000000180004cdc f   LIBCMT:default_local_stdio_options.obj
 0001:00003cf8       __scrt_get_dyn_tls_init_callback 0000000180004cf8 f   LIBCMT:dyn_tls_init.obj
 0001:00003d00       _RTC_Initialize            0000000180004d00 f   LIBCMT:initsect.obj
 0001:00003d3c       _RTC_Terminate             0000000180004d3c f   LIBCMT:initsect.obj
 0001:00003d80       ??0bad_alloc@std@@QEAA@AEBV01@@Z 0000000180004d80 f i LIBCMT:throw_bad_alloc.obj
 0001:00003dbc       ??0bad_alloc@std@@QEAA@XZ  0000000180004dbc f i LIBCMT:throw_bad_alloc.obj
 0001:00003ddc       ??0bad_array_new_length@std@@QEAA@AEBV01@@Z 0000000180004ddc f i LIBCMT:throw_bad_alloc.obj
 0001:00003e18       ??0bad_array_new_length@std@@QEAA@XZ 0000000180004e18 f i LIBCMT:throw_bad_alloc.obj
 0001:00003e38       ??0exception@std@@QEAA@AEBV01@@Z 0000000180004e38 f i LIBCMT:throw_bad_alloc.obj
 0001:00003e6c       ??1bad_alloc@std@@UEAA@XZ  0000000180004e6c f i LIBCMT:throw_bad_alloc.obj
 0001:00003e6c       ??1bad_array_new_length@std@@UEAA@XZ 0000000180004e6c f i LIBCMT:throw_bad_alloc.obj
 0001:00003e6c       ??1bad_exception@std@@UEAA@XZ 0000000180004e6c f i libvcruntime:frame.obj
 0001:00003e80       ??_Ebad_alloc@std@@UEAAPEAXI@Z 0000000180004e80 f i LIBCMT:throw_bad_alloc.obj
 0001:00003e80       ??_Ebad_array_new_length@std@@UEAAPEAXI@Z 0000000180004e80 f i LIBCMT:throw_bad_alloc.obj
 0001:00003e80       ??_Ebad_exception@std@@UEAAPEAXI@Z 0000000180004e80 f i libvcruntime:frame.obj
 0001:00003e80       ??_Eexception@std@@UEAAPEAXI@Z 0000000180004e80 f i LIBCMT:throw_bad_alloc.obj
 0001:00003e80       ??_Gbad_alloc@std@@UEAAPEAXI@Z 0000000180004e80 f i LIBCMT:throw_bad_alloc.obj
 0001:00003e80       ??_Gbad_array_new_length@std@@UEAAPEAXI@Z 0000000180004e80 f i LIBCMT:throw_bad_alloc.obj
 0001:00003e80       ??_Gbad_exception@std@@UEAAPEAXI@Z 0000000180004e80 f i libvcruntime:frame.obj
 0001:00003e80       ??_Gexception@std@@UEAAPEAXI@Z 0000000180004e80 f i LIBCMT:throw_bad_alloc.obj
 0001:00003ec4       ?__scrt_throw_std_bad_alloc@@YAXXZ 0000000180004ec4 f   LIBCMT:throw_bad_alloc.obj
 0001:00003ee4       ?__scrt_throw_std_bad_array_new_length@@YAXXZ 0000000180004ee4 f   LIBCMT:throw_bad_alloc.obj
 0001:00003f04       ?what@exception@std@@UEBAPEBDXZ 0000000180004f04 f i LIBCMT:throw_bad_alloc.obj
 0001:00003f18       ??_Etype_info@@UEAAPEAXI@Z 0000000180004f18 f i LIBCMT:std_type_info_static.obj
 0001:00003f18       ??_Gtype_info@@UEAAPEAXI@Z 0000000180004f18 f i LIBCMT:std_type_info_static.obj
 0001:00003f44       ??$_CallSETranslator@V__FrameHandler3@@@@YAHPEAUEHExceptionRecord@@PEA_KPEAU_CONTEXT@@PEAU_xDISPATCHER_CONTEXT@@PEBU_s_FuncInfo@@K1H@Z 0000000180004f44 f i libvcruntime:risctrnsctrl.obj
 0001:00003f98       ??$_CallSETranslator@V__FrameHandler4@@@@YAHPEAUEHExceptionRecord@@PEA_KPEAU_CONTEXT@@PEAU_xDISPATCHER_CONTEXT@@PEAUFuncInfo4@FH4@@K1H@Z 0000000180004f98 f i libvcruntime:risctrnsctrl.obj
 0001:00003fec       ?CatchTryBlock@__FrameHandler3@@SAPEBU_s_TryBlockMapEntry@@PEBU_s_FuncInfo@@H@Z 0000000180004fec f   libvcruntime:risctrnsctrl.obj
 0001:00004050       ?DecompFuncInfo@FH4@@YA_JPEAEAEAUFuncInfo4@1@_KH_N@Z 0000000180005050 f i libvcruntime:risctrnsctrl.obj
 0001:00004184       ?ExecutionInCatch@__FrameHandler3@@SA_NPEAU_xDISPATCHER_CONTEXT@@PEBU_s_FuncInfo@@@Z 0000000180005184 f   libvcruntime:risctrnsctrl.obj
 0001:000041b0       ?ExecutionInCatch@__FrameHandler4@@SA_NPEAU_xDISPATCHER_CONTEXT@@PEAUFuncInfo4@FH4@@@Z 00000001800051b0 f   libvcruntime:risctrnsctrl.obj
 0001:000041b8       ?FrameUnwindToEmptyState@__FrameHandler3@@SAXPEA_KPEAU_xDISPATCHER_CONTEXT@@PEBU_s_FuncInfo@@@Z 00000001800051b8 f   libvcruntime:risctrnsctrl.obj
 0001:0000421c       ?FrameUnwindToEmptyState@__FrameHandler4@@SAXPEA_KPEAU_xDISPATCHER_CONTEXT@@PEAUFuncInfo4@FH4@@@Z 000000018000521c f   libvcruntime:risctrnsctrl.obj
 0001:00004250       ?GetEstablisherFrame@__FrameHandler3@@SAPEA_KPEA_KPEAU_xDISPATCHER_CONTEXT@@PEBU_s_FuncInfo@@0@Z 0000000180005250 f   libvcruntime:risctrnsctrl.obj
 0001:00004320       ?GetEstablisherFrame@__FrameHandler4@@SAPEA_KPEA_KPEAU_xDISPATCHER_CONTEXT@@PEAUFuncInfo4@FH4@@0@Z 0000000180005320 f   libvcruntime:risctrnsctrl.obj
 0001:00004344       ?GetRangeOfTrysToCheck@__FrameHandler3@@SA?AU?$pair@Viterator@TryBlockMap@__FrameHandler3@@V123@@std@@AEAVTryBlockMap@1@HPEAU_xDISPATCHER_CONTEXT@@PEBU_s_FuncInfo@@H@Z 0000000180005344 f   libvcruntime:risctrnsctrl.obj
 0001:00004478       ?GetRangeOfTrysToCheck@__FrameHandler4@@SA?AU?$pair@Viterator@TryBlockMap4@FH4@@V123@@std@@AEAVTryBlockMap4@FH4@@HPEAU_xDISPATCHER_CONTEXT@@PEAUFuncInfo4@5@H@Z 0000000180005478 f   libvcruntime:risctrnsctrl.obj
 0001:000045e4       ?UnwindNestedFrames@__FrameHandler3@@SAXPEA_KPEAUEHExceptionRecord@@PEAU_CONTEXT@@0PEAXPEBU_s_FuncInfo@@HHPEBU_s_HandlerType@@PEAU_xDISPATCHER_CONTEXT@@E@Z 00000001800055e4 f   libvcruntime:risctrnsctrl.obj
 0001:000046e8       ?UnwindNestedFrames@__FrameHandler4@@SAXPEA_KPEAUEHExceptionRecord@@PEAU_CONTEXT@@0PEAXPEAUFuncInfo4@FH4@@HHPEAUHandlerType4@5@PEAU_xDISPATCHER_CONTEXT@@E@Z 00000001800056e8 f   libvcruntime:risctrnsctrl.obj
 0001:00004808       ?setBuffer@TryBlockMap4@FH4@@QEAAXViterator@12@@Z 0000000180005808 f i libvcruntime:risctrnsctrl.obj
 0001:000049cc       _CreateFrameInfo           00000001800059cc f   libvcruntime:risctrnsctrl.obj
 0001:00004a08       _FindAndUnlinkFrame        0000000180005a08 f   libvcruntime:risctrnsctrl.obj
 0001:00004a5c       _GetImageBase              0000000180005a5c f   libvcruntime:risctrnsctrl.obj
 0001:00004a70       _GetThrowImageBase         0000000180005a70 f   libvcruntime:risctrnsctrl.obj
 0001:00004a84       _SetImageBase              0000000180005a84 f   libvcruntime:risctrnsctrl.obj
 0001:00004a9c       _SetThrowImageBase         0000000180005a9c f   libvcruntime:risctrnsctrl.obj
 0001:00004ab4       __CxxFrameHandler3         0000000180005ab4 f   libvcruntime:risctrnsctrl.obj
 0001:00004b3c       __CxxFrameHandler4         0000000180005b3c f   libvcruntime:risctrnsctrl.obj
 0001:00004bfc       __DestructExceptionObject  0000000180005bfc f   libvcruntime:ehhelpers.obj
 0001:00004c6c       ?_CallMemberFunction0@@YAXQEAX0@Z 0000000180005c6c f i libvcruntime:ehhelpers.obj
 0001:00004c70       _IsExceptionObjectToBeDestroyed 0000000180005c70 f   libvcruntime:ehhelpers.obj
 0001:00004ca0       __AdjustPointer            0000000180005ca0 f   libvcruntime:ehhelpers.obj
 0001:00004cc4       __FrameUnwindFilter        0000000180005cc4 f   libvcruntime:ehhelpers.obj
 0001:00004d2c       __std_terminate            0000000180005d2c f   libvcruntime:ehhelpers.obj
 0001:00004d38       strstr                     0000000180005d38 f   libvcruntime:strstr.obj
 0001:00004f20       wcsstr                     0000000180005f20 f   libvcruntime:wcsstr.obj
 0001:0000512c       __vcrt_initialize          000000018000612c f   libvcruntime:initialization.obj
 0001:00005154       __vcrt_thread_attach       0000000180006154 f   libvcruntime:initialization.obj
 0001:00005168       __vcrt_thread_detach       0000000180006168 f   libvcruntime:initialization.obj
 0001:00005178       __vcrt_uninitialize        0000000180006178 f   libvcruntime:initialization.obj
 0001:00005194       __vcrt_uninitialize_critical 0000000180006194 f   libvcruntime:initialization.obj
 0001:000051a4       __C_specific_handler       00000001800061a4 f   libvcruntime:riscchandler.obj
 0001:000053c0       __std_type_info_compare    00000001800063c0 f   libvcruntime:std_type_info.obj
 0001:000053e8       __std_type_info_destroy_list 00000001800063e8 f   libvcruntime:std_type_info.obj
 0001:00005414       __std_exception_copy       0000000180006414 f   libvcruntime:std_exception.obj
 0001:000054a4       __std_exception_destroy    00000001800064a4 f   libvcruntime:std_exception.obj
 0001:000054cc       _CxxThrowException         00000001800064cc f   libvcruntime:throw.obj
 0001:00005574       __vcrt_freefls             0000000180006574 f   libvcruntime:per_thread_data.obj
 0001:00005594       __vcrt_freeptd_for_this_thread 0000000180006594 f   libvcruntime:per_thread_data.obj
 0001:000055dc       __vcrt_getptd              00000001800065dc f   libvcruntime:per_thread_data.obj
 0001:000055f8       __vcrt_getptd_noexit       00000001800065f8 f   libvcruntime:per_thread_data.obj
 0001:000056b8       __vcrt_initialize_ptd      00000001800066b8 f   libvcruntime:per_thread_data.obj
 0001:00005700       __vcrt_uninitialize_ptd    0000000180006700 f   libvcruntime:per_thread_data.obj
 0001:00005724       ?GetCurrentState@__FrameHandler3@@SAHPEA_KPEAU_xDISPATCHER_CONTEXT@@PEBU_s_FuncInfo@@@Z 0000000180006724 f   libvcruntime:ehstate.obj
 0001:0000574c       ?GetUnwindTryBlock@__FrameHandler3@@SAHPEA_KPEAU_xDISPATCHER_CONTEXT@@PEBU_s_FuncInfo@@@Z 000000018000674c f   libvcruntime:ehstate.obj
 0001:00005778       ?SetState@__FrameHandler3@@SAXPEA_KPEBU_s_FuncInfo@@H@Z 0000000180006778 f   libvcruntime:ehstate.obj
 0001:00005784       ?SetUnwindTryBlock@__FrameHandler3@@SAXPEA_KPEAU_xDISPATCHER_CONTEXT@@PEBU_s_FuncInfo@@H@Z 0000000180006784 f   libvcruntime:ehstate.obj
 0001:000057c0       ?StateFromControlPc@__FrameHandler3@@SAHPEBU_s_FuncInfo@@PEAU_xDISPATCHER_CONTEXT@@@Z 00000001800067c0 f   libvcruntime:ehstate.obj
 0001:000057c8       ?StateFromControlPc@__FrameHandler4@@SAHPEAUFuncInfo4@FH4@@PEAU_xDISPATCHER_CONTEXT@@@Z 00000001800067c8 f   libvcruntime:ehstate.obj
 0001:000057d0       ?StateFromIp@__FrameHandler3@@SAHPEBU_s_FuncInfo@@PEAU_xDISPATCHER_CONTEXT@@_K@Z 00000001800067d0 f   libvcruntime:ehstate.obj
 0001:00005838       ?StateFromIp@__FrameHandler4@@SAHPEAUFuncInfo4@FH4@@PEAU_xDISPATCHER_CONTEXT@@_K@Z 0000000180006838 f   libvcruntime:ehstate.obj
 0001:00006f90       ??$TypeMatchHelper@V__FrameHandler3@@@@YAHPEBU_s_HandlerType@@PEBU_s_CatchableType@@PEBU_s_ThrowInfo@@@Z 0000000180007f90 f i libvcruntime:frame.obj
 0001:000070d0       ??$TypeMatchHelper@V__FrameHandler4@@@@YAHPEAUHandlerType4@FH4@@PEBU_s_CatchableType@@PEBU_s_ThrowInfo@@@Z 00000001800080d0 f i libvcruntime:frame.obj
 0001:0000721c       ??$__InternalCxxFrameHandler@V__FrameHandler3@@@@YA?AW4_EXCEPTION_DISPOSITION@@PEAUEHExceptionRecord@@PEA_KPEAU_CONTEXT@@PEAU_xDISPATCHER_CONTEXT@@PEBU_s_FuncInfo@@H1E@Z 000000018000821c f i libvcruntime:frame.obj
 0001:00007454       ??$__InternalCxxFrameHandler@V__FrameHandler4@@@@YA?AW4_EXCEPTION_DISPOSITION@@PEAUEHExceptionRecord@@PEA_KPEAU_CONTEXT@@PEAU_xDISPATCHER_CONTEXT@@PEAUFuncInfo4@FH4@@H1E@Z 0000000180008454 f i libvcruntime:frame.obj
 0001:000076e8       ??$__InternalCxxFrameHandlerWrapper@V__FrameHandler3@@@@YA?AW4_EXCEPTION_DISPOSITION@@PEAUEHExceptionRecord@@PEA_KPEAU_CONTEXT@@PEAU_xDISPATCHER_CONTEXT@@PEBU_s_FuncInfo@@H1E@Z 00000001800086e8 f i libvcruntime:frame.obj
 0001:000076f0       ??$__InternalCxxFrameHandlerWrapper@V__FrameHandler4@@@@YA?AW4_EXCEPTION_DISPOSITION@@PEAUEHExceptionRecord@@PEA_KPEAU_CONTEXT@@PEAU_xDISPATCHER_CONTEXT@@PEAUFuncInfo4@FH4@@H1E@Z 00000001800086f0 f i libvcruntime:frame.obj
 0001:0000773c       ??0HandlerMap4@FH4@@QEAA@PEBUTryBlockMapEntry4@1@_KH@Z 000000018000873c f i libvcruntime:frame.obj
 0001:000077c0       ??0TryBlockMap4@FH4@@QEAA@PEBUFuncInfo4@1@_K@Z 00000001800087c0 f i libvcruntime:frame.obj
 0001:000078a4       ??0bad_exception@std@@QEAA@AEBV01@@Z 00000001800088a4 f i libvcruntime:frame.obj
 0001:000078e0       ??0bad_exception@std@@QEAA@XZ 00000001800088e0 f i libvcruntime:frame.obj
 0001:00007900       ?CxxCallCatchBlock@__FrameHandler3@@SAPEAXPEAU_EXCEPTION_RECORD@@@Z 0000000180008900 f   libvcruntime:frame.obj
 0001:00007aec       ?CxxCallCatchBlock@__FrameHandler4@@SAPEAXPEAU_EXCEPTION_RECORD@@@Z 0000000180008aec f   libvcruntime:frame.obj
 0001:00007d3c       ?DecompHandler@HandlerMap4@FH4@@AEAAXXZ 0000000180008d3c f i libvcruntime:frame.obj
 0001:00007f84       ?FrameUnwindToState@__FrameHandler3@@SAXPEA_KPEAU_xDISPATCHER_CONTEXT@@PEBU_s_FuncInfo@@H@Z 0000000180008f84 f   libvcruntime:frame.obj
 0001:00008110       ?FrameUnwindToState@__FrameHandler4@@SAXPEA_KPEAU_xDISPATCHER_CONTEXT@@PEAUFuncInfo4@FH4@@H@Z 0000000180009110 f   libvcruntime:frame.obj
 0001:00008418       ?GetHandlerSearchState@__FrameHandler3@@SAHPEA_KPEAU_xDISPATCHER_CONTEXT@@PEBU_s_FuncInfo@@@Z 0000000180009418 f i libvcruntime:frame.obj
 0001:00008628       ?ReadEntry@UWMap4@FH4@@AEAAXPEAPEAE@Z 0000000180009628 f i libvcruntime:frame.obj
 0001:000086c4       ?_CallMemberFunction1@@YAXQEAX00@Z 00000001800096c4 f i libvcruntime:frame.obj
 0001:000086d0       ?_CallMemberFunction2@@YAXQEAX00H@Z 00000001800096d0 f i libvcruntime:frame.obj
 0001:000086e0       ?getStartStop@UWMap4@FH4@@QEAAXHHAEAViterator@12@0@Z 00000001800096e0 f i libvcruntime:frame.obj
 0001:000087b0       ?getStateFromIterators@UWMap4@FH4@@SAHAEBViterator@12@H0H0@Z 00000001800097b0 f i libvcruntime:frame.obj
 0001:00008860       __vcrt_initialize_locks    0000000180009860 f   libvcruntime:locks.obj
 0001:000088a8       __vcrt_uninitialize_locks  00000001800098a8 f   libvcruntime:locks.obj
 0001:00008910       _NLG_Notify                0000000180009910 f   libvcruntime:notify.obj
 0001:00008930       __NLG_Dispatch2            0000000180009930 f   libvcruntime:notify.obj
 0001:00008940       __NLG_Return2              0000000180009940 f   libvcruntime:notify.obj
 0001:00008944       __except_validate_context_record 0000000180009944 f   libvcruntime:jbcxrval.obj
 0001:00008acc       __vcrt_FlsAlloc            0000000180009acc f   libvcruntime:winapi_downlevel.obj
 0001:00008b14       __vcrt_FlsFree             0000000180009b14 f   libvcruntime:winapi_downlevel.obj
 0001:00008b5c       __vcrt_FlsGetValue         0000000180009b5c f   libvcruntime:winapi_downlevel.obj
 0001:00008ba4       __vcrt_FlsSetValue         0000000180009ba4 f   libvcruntime:winapi_downlevel.obj
 0001:00008bf8       __vcrt_InitializeCriticalSectionEx 0000000180009bf8 f   libvcruntime:winapi_downlevel.obj
 0001:00008ca0       _CallSettingFrame          0000000180009ca0 f   libvcruntime:handlers.obj
 0001:00008ce0       _CallSettingFrame_LookupContinuationIndex 0000000180009ce0 f   libvcruntime:handlers.obj
 0001:00008d10       _CallSettingFrame_NotifyContinuationAddr 0000000180009d10 f   libvcruntime:handlers.obj
 0001:00008d40       _CallSettingFrameEncoded   0000000180009d40 f   libvcruntime:handlers.obj
 0001:00008da0       memcpy_avx_ermsb_Intel     0000000180009da0 f   libvcruntime:memcpy_avx_ermsb_aligned.obj
 0001:000091d0       memcpy_avx_ermsb_amd       000000018000a1d0 f   libvcruntime:memcpy_avx_ermsb_aligned_amd.obj
 0001:00009600       memcpy_sse2_ermsb_Intel    000000018000a600 f   libvcruntime:memcpy_sse2_ermsb_aligned.obj
 0001:000098b0       memcpy_sse2_ermsb_amd      000000018000a8b0 f   libvcruntime:memcpy_sse2_ermsb_aligned_amd.obj
 0001:00009b60       memcpy_repmovs_Intel       000000018000ab60 f   libvcruntime:memcpy_repmovs.obj
 0001:00009b80       memcpy_CopyDown_Intel      000000018000ab80 f   libvcruntime:memcpy_CopyDown.obj
 0001:00009c70       memcpy_repmovs_amd         000000018000ac70 f   libvcruntime:memcpy_repmovs_amd.obj
 0001:00009c90       memcpy_CopyDown_amd        000000018000ac90 f   libvcruntime:memcpy_CopyDown_amd.obj
 0001:00009d70       free                       000000018000ad70 f   libucrt:free.obj
 0001:00009d84       __acrt_errno_from_os_error 000000018000ad84 f   libucrt:errno.obj
 0001:00009dcc       __acrt_errno_map_os_error  000000018000adcc f   libucrt:errno.obj
 0001:00009e14       __acrt_errno_map_os_error_ptd 000000018000ae14 f   libucrt:errno.obj
 0001:00009e38       __doserrno                 000000018000ae38 f   libucrt:errno.obj
 0001:00009e58       _errno                     000000018000ae58 f   libucrt:errno.obj
 0001:00009e78       strncpy_s                  000000018000ae78 f   libucrt:strncpy_s.obj
 0001:0000a2d0       ??$ensure_buffer_is_big_enough@D@formatting_buffer@__crt_stdio_output@@QEAA_N_KAEAV__crt_cached_ptd_host@@@Z 000000018000b2d0 f i libucrt:output.obj
 0001:0000a378       ??$ensure_buffer_is_big_enough@_W@formatting_buffer@__crt_stdio_output@@QEAA_N_KAEAV__crt_cached_ptd_host@@@Z 000000018000b378 f i libucrt:output.obj
 0001:0000a424       ??$is_wide_character_specifier@_W@__crt_stdio_output@@YA_N_K_WW4length_modifier@0@@Z 000000018000b424 f i libucrt:output.obj
 0001:0000a464       ??$parse_integer@KV?$c_string_character_source@D@__crt_strtox@@$0A@@__crt_strtox@@YAKAEAV__crt_cached_ptd_host@@V?$c_string_character_source@D@0@H_N@Z 000000018000b464 f i libucrt:output.obj
 0001:0000a718       ??$parse_integer@KV?$c_string_character_source@_W@__crt_strtox@@$0A@@__crt_strtox@@YAKAEAV__crt_cached_ptd_host@@V?$c_string_character_source@_W@0@H_N@Z 000000018000b718 f i libucrt:output.obj
 0001:0000ae90       ??$type_case_integer@$07@?$output_processor@DV?$string_output_adapter@D@__crt_stdio_output@@V?$format_validation_base@DV?$string_output_adapter@D@__crt_stdio_output@@@2@@__crt_stdio_output@@AEAA_N_N@Z 000000018000be90 f i libucrt:output.obj
 0001:0000b094       ??$type_case_integer@$07@?$output_processor@_WV?$string_output_adapter@_W@__crt_stdio_output@@V?$format_validation_base@_WV?$string_output_adapter@_W@__crt_stdio_output@@@2@@__crt_stdio_output@@AEAA_N_N@Z 000000018000c094 f i libucrt:output.obj
 0001:0000b2a0       ??$type_case_integer@$09@?$output_processor@DV?$string_output_adapter@D@__crt_stdio_output@@V?$format_validation_base@DV?$string_output_adapter@D@__crt_stdio_output@@@2@@__crt_stdio_output@@AEAA_N_N@Z 000000018000c2a0 f i libucrt:output.obj
 0001:0000b4a4       ??$type_case_integer@$09@?$output_processor@_WV?$string_output_adapter@_W@__crt_stdio_output@@V?$format_validation_base@_WV?$string_output_adapter@_W@__crt_stdio_output@@@2@@__crt_stdio_output@@AEAA_N_N@Z 000000018000c4a4 f i libucrt:output.obj
 0001:0000b6b0       ??$type_case_integer@$0BA@@?$output_processor@DV?$string_output_adapter@D@__crt_stdio_output@@V?$format_validation_base@DV?$string_output_adapter@D@__crt_stdio_output@@@2@@__crt_stdio_output@@AEAA_N_N@Z 000000018000c6b0 f i libucrt:output.obj
 0001:0000b8b4       ??$type_case_integer@$0BA@@?$output_processor@_WV?$string_output_adapter@_W@__crt_stdio_output@@V?$format_validation_base@_WV?$string_output_adapter@_W@__crt_stdio_output@@@2@@__crt_stdio_output@@AEAA_N_N@Z 000000018000c8b4 f i libucrt:output.obj
 0001:0000bac0       ??$type_case_integer_parse_into_buffer@I$07@?$output_processor@DV?$string_output_adapter@D@__crt_stdio_output@@V?$format_validation_base@DV?$string_output_adapter@D@__crt_stdio_output@@@2@@__crt_stdio_output@@AEAAXI_N@Z 000000018000cac0 f i libucrt:output.obj
 0001:0000bb30       ??$type_case_integer_parse_into_buffer@I$07@?$output_processor@_WV?$string_output_adapter@_W@__crt_stdio_output@@V?$format_validation_base@_WV?$string_output_adapter@_W@__crt_stdio_output@@@2@@__crt_stdio_output@@AEAAXI_N@Z 000000018000cb30 f i libucrt:output.obj
 0001:0000bbb4       ??$type_case_integer_parse_into_buffer@I$09@?$output_processor@DV?$string_output_adapter@D@__crt_stdio_output@@V?$format_validation_base@DV?$string_output_adapter@D@__crt_stdio_output@@@2@@__crt_stdio_output@@AEAAXI_N@Z 000000018000cbb4 f i libucrt:output.obj
 0001:0000bc60       ??$type_case_integer_parse_into_buffer@I$09@?$output_processor@_WV?$string_output_adapter@_W@__crt_stdio_output@@V?$format_validation_base@_WV?$string_output_adapter@_W@__crt_stdio_output@@@2@@__crt_stdio_output@@AEAAXI_N@Z 000000018000cc60 f i libucrt:output.obj
 0001:0000bd20       ??$type_case_integer_parse_into_buffer@I$0BA@@?$output_processor@DV?$string_output_adapter@D@__crt_stdio_output@@V?$format_validation_base@DV?$string_output_adapter@D@__crt_stdio_output@@@2@@__crt_stdio_output@@AEAAXI_N@Z 000000018000cd20 f i libucrt:output.obj
 0001:0000bda4       ??$type_case_integer_parse_into_buffer@I$0BA@@?$output_processor@_WV?$string_output_adapter@_W@__crt_stdio_output@@V?$format_validation_base@_WV?$string_output_adapter@_W@__crt_stdio_output@@@2@@__crt_stdio_output@@AEAAXI_N@Z 000000018000cda4 f i libucrt:output.obj
 0001:0000be44       ??$type_case_integer_parse_into_buffer@_K$07@?$output_processor@DV?$string_output_adapter@D@__crt_stdio_output@@V?$format_validation_base@DV?$string_output_adapter@D@__crt_stdio_output@@@2@@__crt_stdio_output@@AEAAX_K_N@Z 000000018000ce44 f i libucrt:output.obj
 0001:0000beb4       ??$type_case_integer_parse_into_buffer@_K$07@?$output_processor@_WV?$string_output_adapter@_W@__crt_stdio_output@@V?$format_validation_base@_WV?$string_output_adapter@_W@__crt_stdio_output@@@2@@__crt_stdio_output@@AEAAX_K_N@Z 000000018000ceb4 f i libucrt:output.obj
 0001:0000bf3c       ??$type_case_integer_parse_into_buffer@_K$09@?$output_processor@DV?$string_output_adapter@D@__crt_stdio_output@@V?$format_validation_base@DV?$string_output_adapter@D@__crt_stdio_output@@@2@@__crt_stdio_output@@AEAAX_K_N@Z 000000018000cf3c f i libucrt:output.obj
 0001:0000bfec       ??$type_case_integer_parse_into_buffer@_K$09@?$output_processor@_WV?$string_output_adapter@_W@__crt_stdio_output@@V?$format_validation_base@_WV?$string_output_adapter@_W@__crt_stdio_output@@@2@@__crt_stdio_output@@AEAAX_K_N@Z 000000018000cfec f i libucrt:output.obj
 0001:0000c0b0       ??$type_case_integer_parse_into_buffer@_K$0BA@@?$output_processor@DV?$string_output_adapter@D@__crt_stdio_output@@V?$format_validation_base@DV?$string_output_adapter@D@__crt_stdio_output@@@2@@__crt_stdio_output@@AEAAX_K_N@Z 000000018000d0b0 f i libucrt:output.obj
 0001:0000c134       ??$type_case_integer_parse_into_buffer@_K$0BA@@?$output_processor@_WV?$string_output_adapter@_W@__crt_stdio_output@@V?$format_validation_base@_WV?$string_output_adapter@_W@__crt_stdio_output@@@2@@__crt_stdio_output@@AEAAX_K_N@Z 000000018000d134 f i libucrt:output.obj
 0001:0000c1d4       ?crop_zeroes@__crt_stdio_output@@YAXPEADQEAU__crt_locale_pointers@@@Z 000000018000d1d4 f i libucrt:output.obj
 0001:0000c240       ?get_raw_ptd@__crt_cached_ptd_host@@QEAAPEAU__acrt_ptd@@XZ 000000018000d240 f i libucrt:output.obj
 0001:0000c2a8       ?parse_int_from_format_string@?$output_processor@DV?$string_output_adapter@D@__crt_stdio_output@@V?$format_validation_base@DV?$string_output_adapter@D@__crt_stdio_output@@@2@@__crt_stdio_output@@AEAA_NQEAH@Z 000000018000d2a8 f i libucrt:output.obj
 0001:0000c338       ?parse_int_from_format_string@?$output_processor@_WV?$string_output_adapter@_W@__crt_stdio_output@@V?$format_validation_base@_WV?$string_output_adapter@_W@__crt_stdio_output@@@2@@__crt_stdio_output@@AEAA_NQEAH@Z 000000018000d338 f i libucrt:output.obj
 0001:0000c3c8       ?process@?$output_processor@DV?$string_output_adapter@D@__crt_stdio_output@@V?$format_validation_base@DV?$string_output_adapter@D@__crt_stdio_output@@@2@@__crt_stdio_output@@QEAAHXZ 000000018000d3c8 f i libucrt:output.obj
 0001:0000c74c       ?process@?$output_processor@_WV?$string_output_adapter@_W@__crt_stdio_output@@V?$format_validation_base@_WV?$string_output_adapter@_W@__crt_stdio_output@@@2@@__crt_stdio_output@@QEAAHXZ 000000018000d74c f i libucrt:output.obj
 0001:0000ca24       ?state_case_size@?$output_processor@DV?$string_output_adapter@D@__crt_stdio_output@@V?$format_validation_base@DV?$string_output_adapter@D@__crt_stdio_output@@@2@@__crt_stdio_output@@AEAA_NXZ 000000018000da24 f i libucrt:output.obj
 0001:0000cbac       ?state_case_size@?$output_processor@_WV?$string_output_adapter@_W@__crt_stdio_output@@V?$format_validation_base@_WV?$string_output_adapter@_W@__crt_stdio_output@@@2@@__crt_stdio_output@@AEAA_NXZ 000000018000dbac f i libucrt:output.obj
 0001:0000cd5c       ?state_case_type@?$output_processor@DV?$string_output_adapter@D@__crt_stdio_output@@V?$format_validation_base@DV?$string_output_adapter@D@__crt_stdio_output@@@2@@__crt_stdio_output@@AEAA_NXZ 000000018000dd5c f i libucrt:output.obj
 0001:0000d160       ?state_case_type@?$output_processor@_WV?$string_output_adapter@_W@__crt_stdio_output@@V?$format_validation_base@_WV?$string_output_adapter@_W@__crt_stdio_output@@@2@@__crt_stdio_output@@AEAA_NXZ 000000018000e160 f i libucrt:output.obj
 0001:0000d5c4       ?type_case_Z@?$output_processor@DV?$string_output_adapter@D@__crt_stdio_output@@V?$format_validation_base@DV?$string_output_adapter@D@__crt_stdio_output@@@2@@__crt_stdio_output@@AEAA_NXZ 000000018000e5c4 f i libucrt:output.obj
 0001:0000d640       ?type_case_Z@?$output_processor@_WV?$string_output_adapter@_W@__crt_stdio_output@@V?$format_validation_base@_WV?$string_output_adapter@_W@__crt_stdio_output@@@2@@__crt_stdio_output@@AEAA_NXZ 000000018000e640 f i libucrt:output.obj
 0001:0000d6c0       ?type_case_a@?$output_processor@DV?$string_output_adapter@D@__crt_stdio_output@@V?$format_validation_base@DV?$string_output_adapter@D@__crt_stdio_output@@@2@@__crt_stdio_output@@AEAA_NXZ 000000018000e6c0 f i libucrt:output.obj
 0001:0000d914       ?type_case_a@?$output_processor@_WV?$string_output_adapter@_W@__crt_stdio_output@@V?$format_validation_base@_WV?$string_output_adapter@_W@__crt_stdio_output@@@2@@__crt_stdio_output@@AEAA_NXZ 000000018000e914 f i libucrt:output.obj
 0001:0000db7c       ?type_case_c_tchar@?$output_processor@DV?$string_output_adapter@D@__crt_stdio_output@@V?$format_validation_base@DV?$string_output_adapter@D@__crt_stdio_output@@@2@@__crt_stdio_output@@AEAA_ND@Z 000000018000eb7c f i libucrt:output.obj
 0001:0000dc50       ?type_case_c_tchar@?$output_processor@_WV?$string_output_adapter@_W@__crt_stdio_output@@V?$format_validation_base@_WV?$string_output_adapter@_W@__crt_stdio_output@@@2@@__crt_stdio_output@@AEAA_N_W@Z 000000018000ec50 f i libucrt:output.obj
 0001:0000dd14       ?type_case_n@?$output_processor@DV?$string_output_adapter@D@__crt_stdio_output@@V?$format_validation_base@DV?$string_output_adapter@D@__crt_stdio_output@@@2@@__crt_stdio_output@@AEAA_NXZ 000000018000ed14 f i libucrt:output.obj
 0001:0000dd14       ?type_case_n@?$output_processor@_WV?$string_output_adapter@_W@__crt_stdio_output@@V?$format_validation_base@_WV?$string_output_adapter@_W@__crt_stdio_output@@@2@@__crt_stdio_output@@AEAA_NXZ 000000018000ed14 f i libucrt:output.obj
 0001:0000ddcc       ?type_case_s@?$output_processor@DV?$string_output_adapter@D@__crt_stdio_output@@V?$format_validation_base@DV?$string_output_adapter@D@__crt_stdio_output@@@2@@__crt_stdio_output@@AEAA_NXZ 000000018000edcc f i libucrt:output.obj
 0001:0000de68       ?type_case_s@?$output_processor@_WV?$string_output_adapter@_W@__crt_stdio_output@@V?$format_validation_base@_WV?$string_output_adapter@_W@__crt_stdio_output@@@2@@__crt_stdio_output@@AEAA_NXZ 000000018000ee68 f i libucrt:output.obj
 0001:0000df04       ?type_case_s_compute_narrow_string_length@?$output_processor@_WV?$string_output_adapter@_W@__crt_stdio_output@@V?$format_validation_base@_WV?$string_output_adapter@_W@__crt_stdio_output@@@2@@__crt_stdio_output@@AEAAHH_W@Z 000000018000ef04 f i libucrt:output.obj
 0001:0000df80       ?update_locale_slow@__crt_cached_ptd_host@@AEAAXXZ 000000018000ef80 f i libucrt:output.obj
 0001:0000dff8       ?write_string@?$string_output_adapter@D@__crt_stdio_output@@QEBAXQEBDHQEAHAEAV__crt_cached_ptd_host@@@Z 000000018000eff8 f i libucrt:output.obj
 0001:0000e09c       ?write_string@?$string_output_adapter@_W@__crt_stdio_output@@QEBAXQEB_WHQEAHAEAV__crt_cached_ptd_host@@@Z 000000018000f09c f i libucrt:output.obj
 0001:0000e144       __stdio_common_vsnprintf_s 000000018000f144 f   libucrt:output.obj
 0001:0000e31c       __stdio_common_vsnwprintf_s 000000018000f31c f   libucrt:output.obj
 0001:0000e4f8       __stdio_common_vsprintf_s  000000018000f4f8 f   libucrt:output.obj
 0001:0000e60c       malloc                     000000018000f60c f   libucrt:malloc.obj
 0001:0000e614       realloc                    000000018000f614 f   libucrt:realloc.obj
 0001:0000e61c       ?get_raw_ptd_noexit@__crt_cached_ptd_host@@QEAAPEAU__acrt_ptd@@XZ 000000018000f61c f i libucrt:invalid_parameter.obj
 0001:0000e688       ?value@?$dual_state_global@P6AXPEB_W00I_K@Z@__crt_state_management@@QEAAAEAP6AXPEB_W00I_K@ZAEAV__crt_cached_ptd_host@@@Z 000000018000f688 f i libucrt:invalid_parameter.obj
 0001:0000e6d4       __acrt_call_reportfault    000000018000f6d4 f   libucrt:invalid_parameter.obj
 0001:0000e830       __acrt_initialize_invalid_parameter_handler 000000018000f830 f   libucrt:invalid_parameter.obj
 0001:0000e838       _invalid_parameter         000000018000f838 f   libucrt:invalid_parameter.obj
 0001:0000e8d4       _invalid_parameter_internal 000000018000f8d4 f   libucrt:invalid_parameter.obj
 0001:0000e9a0       _invalid_parameter_noinfo  000000018000f9a0 f   libucrt:invalid_parameter.obj
 0001:0000e9c0       _invoke_watson             000000018000f9c0 f   libucrt:invalid_parameter.obj
 0001:0000eb4c       _ui64toa_s                 000000018000fb4c f   libucrt:xtoa.obj
 0001:0000eb60       wcsncpy_s                  000000018000fb60 f   libucrt:wcsncpy_s.obj
 0001:0000ec5c       wmemcpy_s                  000000018000fc5c f   libucrt:wmemcpy_s.obj
 0001:0000ecd8       wcscpy_s                   000000018000fcd8 f   libucrt:wcscpy_s.obj
 0001:0000ed40       _time64                    000000018000fd40 f   libucrt:time.obj
 0001:0000edb4       wcscat_s                   000000018000fdb4 f   libucrt:wcscat_s.obj
 0001:0000ee2c       _wmkdir                    000000018000fe2c f   libucrt:wmkdir.obj
 0001:0000f0d8       _wsplitpath_s              00000001800100d8 f   libucrt:splitpath.obj
 0001:0000f13c       _seh_filter_dll            000000018001013c f   libucrt:exception_filter.obj
 0001:0000f150       _seh_filter_exe            0000000180010150 f   libucrt:exception_filter.obj
 0001:0000f568       __acrt_initialize_thread_local_exit_callback 0000000180010568 f   libucrt:exit.obj
 0001:0000f570       _cexit                     0000000180010570 f   libucrt:exit.obj
 0001:0000f580       _exit                      0000000180010580 f   libucrt:exit.obj
 0001:0000f58c       _is_c_termination_complete 000000018001058c f   libucrt:exit.obj
 0001:0000f75c       __acrt_allocate_buffer_for_argv 000000018001075c f   libucrt:argv_parsing.obj
 0001:0000f7bc       _configure_narrow_argv     00000001800107bc f   libucrt:argv_parsing.obj
 0001:0000fb44       __dcrt_uninitialize_environments_nolock 0000000180010b44 f   libucrt:environment_initialization.obj
 0001:0000fb88       _initialize_narrow_environment 0000000180010b88 f   libucrt:environment_initialization.obj
 0001:0000fed8       _crt_atexit                0000000180010ed8 f   libucrt:onexit.obj
 0001:0000fee8       _execute_onexit_table      0000000180010ee8 f   libucrt:onexit.obj
 0001:0000ff2c       _initialize_onexit_table   0000000180010f2c f   libucrt:onexit.obj
 0001:0000ff54       _register_onexit_function  0000000180010f54 f   libucrt:onexit.obj
 0001:0000ffd4       __acrt_uninitialize_command_line 0000000180010fd4 f   libucrt:argv_data.obj
 0001:000100cc       __acrt_initialize          00000001800110cc f   libucrt:initialization.obj
 0001:000100e0       __acrt_thread_attach       00000001800110e0 f   libucrt:initialization.obj
 0001:000100f4       __acrt_thread_detach       00000001800110f4 f   libucrt:initialization.obj
 0001:00010104       __acrt_uninitialize        0000000180011104 f   libucrt:initialization.obj
 0001:0001013c       __acrt_uninitialize_critical 000000018001113c f   libucrt:initialization.obj
 0001:0001014c       _initterm                  000000018001114c f   libucrt:initterm.obj
 0001:00010190       _initterm_e                0000000180011190 f   libucrt:initterm.obj
 0001:000101d8       terminate                  00000001800111d8 f   libucrt:terminate.obj
 0001:00010204       __acrt_initialize_new_handler 0000000180011204 f   libucrt:new_handler.obj
 0001:0001020c       _callnewh                  000000018001120c f   libucrt:new_handler.obj
 0001:0001024c       _query_new_handler         000000018001124c f   libucrt:new_handler.obj
 0001:00010284       abort                      0000000180011284 f   libucrt:abort.obj
 0001:000102dc       strcpy_s                   00000001800112dc f   libucrt:strcpy_s.obj
 0001:0001033c       calloc                     000000018001133c f   libucrt:calloc.obj
 0001:00010360       strncmp                    0000000180011360 f   libucrt:strncmp.obj
 0001:000103e0       wcsncmp                    00000001800113e0 f   libucrt:wcsncmp.obj
 0001:0001040c       _free_base                 000000018001140c f   libucrt:free_base.obj
 0001:000107c0       __acrt_freeptd             00000001800117c0 f   libucrt:per_thread_data.obj
 0001:00010804       __acrt_getptd              0000000180011804 f   libucrt:per_thread_data.obj
 0001:000108d8       __acrt_getptd_head         00000001800118d8 f   libucrt:per_thread_data.obj
 0001:0001097c       __acrt_getptd_noexit       000000018001197c f   libucrt:per_thread_data.obj
 0001:00010a44       __acrt_getptd_noexit_explicit 0000000180011a44 f   libucrt:per_thread_data.obj
 0001:00010b04       __acrt_initialize_ptd      0000000180011b04 f   libucrt:per_thread_data.obj
 0001:00010b40       __acrt_uninitialize_ptd    0000000180011b40 f   libucrt:per_thread_data.obj
 0001:00010b64       _malloc_base               0000000180011b64 f   libucrt:malloc_base.obj
 0001:00010bc4       strnlen                    0000000180011bc4 f   libucrt:strnlen.obj
 0001:00010d14       wcsnlen                    0000000180011d14 f   libucrt:strnlen.obj
 0001:00010eec       __acrt_update_locale_info  0000000180011eec f   libucrt:locale_update.obj
 0001:00010f20       __acrt_update_locale_info_explicit 0000000180011f20 f   libucrt:locale_update.obj
 0001:00010f58       __acrt_update_multibyte_info 0000000180011f58 f   libucrt:locale_update.obj
 0001:00010f8c       __acrt_update_multibyte_info_explicit 0000000180011f8c f   libucrt:locale_update.obj
 0001:00011ad8       __acrt_fp_format           0000000180012ad8 f   libucrt:cvt.obj
 0001:00011dc0       _wctomb_internal           0000000180012dc0 f   libucrt:wctomb.obj
 0001:00011f70       _mbtowc_internal           0000000180012f70 f   libucrt:mbtowc.obj
 0001:000120e8       _fileno                    00000001800130e8 f   libucrt:fileno.obj
 0001:00012110       __acrt_initialize_stdio    0000000180013110 f   libucrt:_file.obj
 0001:00012230       __acrt_uninitialize_stdio  0000000180013230 f   libucrt:_file.obj
 0001:0001228c       _lock_file                 000000018001328c f   libucrt:_file.obj
 0001:00012298       _unlock_file               0000000180013298 f   libucrt:_file.obj
 0001:000122a4       _get_printf_count_output   00000001800132a4 f   libucrt:printf_count_output.obj
 0001:0001232c       __acrt_set_locale_changed  000000018001332c f   libucrt:wsetlocale.obj
 0001:00012338       __acrt_uninitialize_locale 0000000180013338 f   libucrt:wsetlocale.obj
 0001:00012560       __acrt_initialize_lowio    0000000180013560 f   libucrt:ioinit.obj
 0001:0001259c       __acrt_uninitialize_lowio  000000018001359c f   libucrt:ioinit.obj
 0001:000125dc       _realloc_base              00000001800135dc f   libucrt:realloc_base.obj
 0001:00012814       __acrt_AppPolicyGetProcessTerminationMethodInternal 0000000180013814 f   libucrt:winapi_thunks.obj
 0001:0001286c       __acrt_AreFileApisANSI     000000018001386c f   libucrt:winapi_thunks.obj
 0001:000128b0       __acrt_FlsAlloc            00000001800138b0 f   libucrt:winapi_thunks.obj
 0001:000128b8       __acrt_FlsFree             00000001800138b8 f   libucrt:winapi_thunks.obj
 0001:000128c0       __acrt_FlsGetValue         00000001800138c0 f   libucrt:winapi_thunks.obj
 0001:000128c8       __acrt_FlsSetValue         00000001800138c8 f   libucrt:winapi_thunks.obj
 0001:000128d0       __acrt_InitializeCriticalSectionEx 00000001800138d0 f   libucrt:winapi_thunks.obj
 0001:00012940       __acrt_LCMapStringEx       0000000180013940 f   libucrt:winapi_thunks.obj
 0001:00012a2c       __acrt_LocaleNameToLCID    0000000180013a2c f   libucrt:winapi_thunks.obj
 0001:00012a8c       __acrt_initialize_winapi_thunks 0000000180013a8c f   libucrt:winapi_thunks.obj
 0001:00012ab0       __acrt_uninitialize_winapi_thunks 0000000180013ab0 f   libucrt:winapi_thunks.obj
 0001:00012af4       ??0_LocaleUpdate@@QEAA@QEAU__crt_locale_pointers@@@Z 0000000180013af4 f i libucrt:ismbbyte.obj
 0001:00012c04       _ismbblead                 0000000180013c04 f   libucrt:ismbbyte.obj
 0001:00012c18       __acrt_initialize_locks    0000000180013c18 f   libucrt:locks.obj
 0001:00012c60       __acrt_lock                0000000180013c60 f   libucrt:locks.obj
 0001:00012c7c       __acrt_uninitialize_locks  0000000180013c7c f   libucrt:locks.obj
 0001:00012cb4       __acrt_unlock              0000000180013cb4 f   libucrt:locks.obj
 0001:00012cd0       __acrt_app_verifier_enabled 0000000180013cd0 f   libucrt:peb_access.obj
 0001:00012cec       __acrt_is_secure_process   0000000180013cec f   libucrt:peb_access.obj
 0001:00012d04       __acrt_get_process_end_policy 0000000180013d04 f   libucrt:win_policies.obj
 0001:00012d34       _calloc_base               0000000180013d34 f   libucrt:calloc_base.obj
 0001:00012dc0       ??$__acrt_convert_wcs_mbs_cp@D_WV<lambda_7c9dea7b4ca7285d2cdb541a38da6275>@@U__crt_win32_buffer_internal_dynamic_resizing@@@@YAHQEBDAEAV?$__crt_win32_buffer@_WU__crt_win32_buffer_internal_dynamic_resizing@@@@AEBV<lambda_7c9dea7b4ca7285d2cdb541a38da6275>@@I@Z 0000000180013dc0 f i libucrt:argv_wildcards.obj
 0001:00012f3c       ??$__acrt_convert_wcs_mbs_cp@_WDV<lambda_d8593a27d1aa8c02be35c86a17d324c4>@@U__crt_win32_buffer_internal_dynamic_resizing@@@@YAHQEB_WAEAV?$__crt_win32_buffer@DU__crt_win32_buffer_internal_dynamic_resizing@@@@AEBV<lambda_d8593a27d1aa8c02be35c86a17d324c4>@@I@Z 0000000180013f3c f i libucrt:argv_wildcards.obj
 0001:000137e0       __acrt_expand_narrow_argv_wildcards 00000001800147e0 f   libucrt:argv_wildcards.obj
 0001:000137e8       ??$__acrt_convert_wcs_mbs_cp@_WDV<lambda_f788ae46380686e8b737efdd8c720d07>@@U__crt_win32_buffer_no_resizing@@@@YAHQEB_WAEAV?$__crt_win32_buffer@DU__crt_win32_buffer_no_resizing@@@@AEBV<lambda_f788ae46380686e8b737efdd8c720d07>@@I@Z 00000001800147e8 f i libucrt:getmodulefilenamea.obj
 0001:00013904       __acrt_GetModuleFileNameA  0000000180014904 f   libucrt:getmodulefilenamea.obj
 0001:00014220       __acrt_initialize_multibyte 0000000180015220 f   libucrt:mbctype.obj
 0001:00014280       __acrt_update_thread_multibyte_data 0000000180015280 f   libucrt:mbctype.obj
 0001:0001429c       _setmbcp_nolock            000000018001529c f   libucrt:mbctype.obj
 0001:0001455c       __acrt_initialize_command_line 000000018001555c f   libucrt:argv_data.obj
 0001:00014584       __acrt_MultiByteToWideChar 0000000180015584 f   libucrt:multibytetowidechar.obj
 0001:00014614       __acrt_WideCharToMultiByte 0000000180015614 f   libucrt:widechartomultibyte.obj
 0001:000146f4       __dcrt_get_narrow_environment_from_os 00000001800156f4 f   libucrt:get_environment_from_os.obj
 0001:00014804       _recalloc_base             0000000180015804 f   libucrt:recalloc.obj
 0001:0001489c       __acrt_initialize_heap     000000018001589c f   libucrt:heap_handle.obj
 0001:000148b8       __acrt_uninitialize_heap   00000001800158b8 f   libucrt:heap_handle.obj
 0001:000148c4       __acrt_execute_initializers 00000001800158c4 f   libucrt:shared_initialization.obj
 0001:00014958       __acrt_execute_uninitializers 0000000180015958 f   libucrt:shared_initialization.obj
 0001:000149e8       __acrt_get_sigabrt_handler 00000001800159e8 f   libucrt:signal.obj
 0001:00014a18       __acrt_initialize_signal_handlers 0000000180015a18 f   libucrt:signal.obj
 0001:00014a38       raise                      0000000180015a38 f   libucrt:signal.obj
 0001:00014cb4       __acrt_has_user_matherr    0000000180015cb4 f   libucrt:matherr.obj
 0001:00014cd4       __acrt_initialize_user_matherr 0000000180015cd4 f   libucrt:matherr.obj
 0001:00014cdc       __acrt_invoke_user_matherr 0000000180015cdc f   libucrt:matherr.obj
 0001:00014ef8       __acrt_stdio_flush_nolock  0000000180015ef8 f   libucrt:fflush.obj
 0001:00014f84       _fflush_nolock             0000000180015f84 f   libucrt:fflush.obj
 0001:00015058       _flushall                  0000000180016058 f   libucrt:fflush.obj
 0001:00015060       __acrt_add_locale_ref      0000000180016060 f   libucrt:locale_refcounting.obj
 0001:000150ec       __acrt_free_locale         00000001800160ec f   libucrt:locale_refcounting.obj
 0001:00015264       __acrt_locale_add_lc_time_reference 0000000180016264 f   libucrt:locale_refcounting.obj
 0001:0001528c       __acrt_locale_free_lc_time_if_unreferenced 000000018001628c f   libucrt:locale_refcounting.obj
 0001:000152c4       __acrt_locale_release_lc_time_reference 00000001800162c4 f   libucrt:locale_refcounting.obj
 0001:000152ec       __acrt_release_locale_ref  00000001800162ec f   libucrt:locale_refcounting.obj
 0001:00015394       __acrt_update_thread_locale_data 0000000180016394 f   libucrt:locale_refcounting.obj
 0001:00015404       _updatetlocinfoEx_nolock   0000000180016404 f   libucrt:locale_refcounting.obj
 0001:0001546c       _query_new_mode            000000018001646c f   libucrt:new_mode.obj
 0001:00015544       __acrt_fp_strflt_to_string 0000000180016544 f   libucrt:_fptostr.obj
 0001:00015660       ?divide@__crt_strtox@@YA_KAEAUbig_integer@1@AEBU21@@Z 0000000180016660 f i libucrt:cfout.obj
 0001:00015afc       __acrt_fltout              0000000180016afc f   libucrt:cfout.obj
 0001:00016e14       fegetround                 0000000180017e14 f   libucrt:fegetround.obj
 0001:00016e28       ?__c32rtomb_utf8@__crt_mbstring@@YA_KPEAD_UPEAU_Mbstatet@@AEAV__crt_cached_ptd_host@@@Z 0000000180017e28 f   libucrt:c32rtomb.obj
 0001:00016ecc       ?__mbrtowc_utf8@__crt_mbstring@@YA_KPEA_WPEBD_KPEAU_Mbstatet@@AEAV__crt_cached_ptd_host@@@Z 0000000180017ecc f   libucrt:mbrtowc.obj
 0001:00016f10       ?__mbsrtowcs_utf8@__crt_mbstring@@YA_KPEA_WPEAPEBD_KPEAU_Mbstatet@@AEAV__crt_cached_ptd_host@@@Z 0000000180017f10 f   libucrt:mbrtowc.obj
 0001:000170b4       _fcloseall                 00000001800180b4 f   libucrt:closeall.obj
 0001:00017168       __acrt_stdio_free_buffer_nolock 0000000180018168 f   libucrt:_freebuf.obj
 0001:000171ac       _isatty                    00000001800181ac f   libucrt:isatty.obj
 0001:0001720c       __acrt_locale_free_monetary 000000018001820c f   libucrt:initmon.obj
 0001:00017318       __acrt_locale_free_numeric 0000000180018318 f   libucrt:initnum.obj
 0001:000173b8       __acrt_locale_free_time    00000001800183b8 f   libucrt:inittime.obj
 0001:000174c0       __acrt_GetStringTypeA      00000001800184c0 f   libucrt:getstringtypea.obj
 0001:00017650       __acrt_lowio_create_handle_array 0000000180018650 f   libucrt:osfinfo.obj
 0001:000176f8       __acrt_lowio_destroy_handle_array 00000001800186f8 f   libucrt:osfinfo.obj
 0001:00017748       __acrt_lowio_ensure_fh_exists 0000000180018748 f   libucrt:osfinfo.obj
 0001:000177f0       __acrt_lowio_lock_fh       00000001800187f0 f   libucrt:osfinfo.obj
 0001:00017818       __acrt_lowio_unlock_fh     0000000180018818 f   libucrt:osfinfo.obj
 0001:00017840       _free_osfhnd               0000000180018840 f   libucrt:osfinfo.obj
 0001:000178fc       _get_osfhandle             00000001800188fc f   libucrt:osfinfo.obj
 0001:00017974       __acrt_DownlevelLocaleNameToLCID 0000000180018974 f   libucrt:lcidtoname_downlevel.obj
 0001:00017a20       qsort                      0000000180018a20 f   libucrt:qsort.obj
 0001:00017ed0       strpbrk                    0000000180018ed0 f   libucrt:strpbrk.obj
 0001:00018298       _mbsdec                    0000000180019298 f   libucrt:mbsdec.obj
 0001:000182a0       _mbsdec_l                  00000001800192a0 f   libucrt:mbsdec.obj
 0001:00018668       __acrt_LCMapStringA        0000000180019668 f   libucrt:lcmapstringa.obj
 0001:00018718       _msize_base                0000000180019718 f   libucrt:msize.obj
 0001:000187e0       _commit                    00000001800197e0 f   libucrt:commit.obj
 0001:0001907c       _write_internal            000000018001a07c f   libucrt:write.obj
 0001:0001919c       _write_nolock              000000018001a19c f   libucrt:write.obj
 0001:000194a4       _controlfp_s               000000018001a4a4 f   libucrt:contrlfp.obj
 0001:00019508       fegetenv                   000000018001a508 f   libucrt:fegetenv.obj
 0001:00019528       fesetenv                   000000018001a528 f   libucrt:fesetenv.obj
 0001:00019580       feholdexcept               000000018001a580 f   libucrt:feholdexcept.obj
 0001:000195d0       ceil                       000000018001a5d0 f   libucrt:ceil.obj
 0001:000196a0       log10                      000000018001a6a0 f   libucrt:log10.obj
 0001:00019c4c       __acrt_fenv_get_common_round_control 000000018001ac4c f   libucrt:_fenvutils.obj
 0001:00019c58       __acrt_fenv_get_control    000000018001ac58 f   libucrt:_fenvutils.obj
 0001:00019d3c       __acrt_fenv_get_status     000000018001ad3c f   libucrt:_fenvutils.obj
 0001:00019d94       __acrt_fenv_set_control    000000018001ad94 f   libucrt:_fenvutils.obj
 0001:00019ecc       __acrt_fenv_set_status     000000018001aecc f   libucrt:_fenvutils.obj
 0001:00019f40       ?reset_and_return@__crt_mbstring@@YA_K_KPEAU_Mbstatet@@@Z 000000018001af40 f   libucrt:common_utf8.obj
 0001:00019f48       ?return_illegal_sequence@__crt_mbstring@@YA_KPEAU_Mbstatet@@AEAV__crt_cached_ptd_host@@@Z 000000018001af48 f   libucrt:common_utf8.obj
 0001:00019f5c       ?__mbrtoc32_utf8@__crt_mbstring@@YA_KPEA_UPEBD_KPEAU_Mbstatet@@AEAV__crt_cached_ptd_host@@@Z 000000018001af5c f   libucrt:mbrtoc32.obj
 0001:0001a25c       fclose                     000000018001b25c f   libucrt:fclose.obj
 0001:0001a3a0       _lseeki64_nolock_internal  000000018001b3a0 f   libucrt:lseek.obj
 0001:0001a3a8       __ascii_wcsnicmp           000000018001b3a8 f   libucrt:wcsnicmp.obj
 0001:0001a3f4       _query_app_type            000000018001b3f4 f   libucrt:report_runtime_error.obj
 0001:0001a3fc       __strncnt                  000000018001b3fc f   libucrt:strncnt.obj
 0001:0001a414       _putwch_nolock             000000018001b414 f   libucrt:putwch.obj
 0001:0001a450       _clearfp                   000000018001b450 f   libucrt:ieee.obj
 0001:0001a4bc       _control87                 000000018001b4bc f   libucrt:ieee.obj
 0001:0001a884       _handle_error              000000018001b884 f   libucrt:libm_error.obj
 0001:0001a9ac       _handle_nan                000000018001b9ac f   libucrt:libm_error.obj
 0001:0001a9d0       __acrt_initialize_fma3     000000018001b9d0 f   libucrt:fma3_available.obj
 0001:0001aa40       _log10_special             000000018001ba40 f   libucrt:log_special.obj
 0001:0001ab70       _close_internal            000000018001bb70 f   libucrt:close.obj
 0001:0001ac34       _close_nolock_internal     000000018001bc34 f   libucrt:close.obj
 0001:0001ad04       ?__acrt_stdio_free_stream@@YAXV__crt_stdio_stream@@@Z 000000018001bd04 f   libucrt:stream.obj
 0001:0001ad20       __dcrt_lowio_ensure_console_output_initialized 000000018001bd20 f   libucrt:initcon.obj
 0001:0001ad74       __dcrt_terminate_console_output 000000018001bd74 f   libucrt:initcon.obj
 0001:0001ad90       __dcrt_write_console       000000018001bd90 f   libucrt:initcon.obj
 0001:0001ae60       _get_fpsr                  000000018001be60 f   libucrt:fpsr.obj
 0001:0001ae70       _set_fpsr                  000000018001be70 f   libucrt:fpsr.obj
 0001:0001ae7a       _fclrf                     000000018001be7a f   libucrt:fpsr.obj
 0001:0001ae8e       _frnd                      000000018001be8e f   libucrt:fpsr.obj
 0001:0001aeb0       _raise_exc                 000000018001beb0 f   libucrt:fpexcept.obj
 0001:0001aed8       _raise_exc_ex              000000018001bed8 f   libucrt:fpexcept.obj
 0001:0001b1e0       _set_errno_from_matherr    000000018001c1e0 f   libucrt:fpexcept.obj
 0001:0001b210       _clrfp                     000000018001c210 f   libucrt:fpctrl.obj
 0001:0001b230       _ctrlfp                    000000018001c230 f   libucrt:fpctrl.obj
 0001:0001b2ac       _set_statfp                000000018001c2ac f   libucrt:fpctrl.obj
 0001:0001b2cc       _statfp                    000000018001c2cc f   libucrt:fpctrl.obj
 0001:0001b2e0       __GSHandlerCheck           000000018001c2e0 f   LIBCMT:gshandler.obj
 0001:0001b300       __GSHandlerCheckCommon     000000018001c300 f   LIBCMT:gshandler.obj
 0001:0001b370       __security_check_cookie    000000018001c370 f   LIBCMT:amdsecgs.obj
 0001:0001b390       _FindPESection             000000018001c390 f   LIBCMT:pesect.obj
 0001:0001b3e0       _IsNonwritableInCurrentImage 000000018001c3e0 f   LIBCMT:pesect.obj
 0001:0001b430       _ValidateImageBase         000000018001c430 f   LIBCMT:pesect.obj
 0001:0001b45c       __GSHandlerCheck_SEH       000000018001c45c f   LIBCMT:gshandlerseh.obj
 0001:0001b4e4       __raise_securityfailure    000000018001c4e4 f   LIBCMT:gs_report.obj
 0001:0001b518       __report_gsfailure         000000018001c518 f   LIBCMT:gs_report.obj
 0001:0001b5ec       __report_rangecheckfailure 000000018001c5ec f   LIBCMT:gs_report.obj
 0001:0001b600       __report_securityfailure   000000018001c600 f   LIBCMT:gs_report.obj
 0001:0001b790       __chkstk                   000000018001c790 f   LIBCMT:chkstk.obj
 0001:0001b790       _alloca_probe              000000018001c790 f   LIBCMT:chkstk.obj
 0001:0001b7e0       __GSHandlerCheck_EH        000000018001c7e0 f   LIBCMT:gshandlereh.obj
 0001:0001b860       __C_specific_handler_noexcept 000000018001c860 f   libvcruntime:chandler_noexcept.obj
 0001:0001b8ac       strrchr                    000000018001c8ac f   libvcruntime:strrchr.obj
 0001:0001baa0       ?MsgA@CLogFile@@QEAA?AU_SYSTEMTIME@@W4enLogLevel@@PEBD11ZZ 000000018001caa0 f   LogFile.obj
 0001:0001be30       ?Open@CLogFile@@QEAAHPEB_WI_N@Z 000000018001ce30 f   LogFile.obj
 0001:0001bfa0       ?Close@CLogFile@@QEAAXXZ   000000018001cfa0 f   LogFile.obj
 0001:0001c010       ??1CLogFile@@UEAA@XZ       000000018001d010 f   LogFile.obj
 0001:0001c0a0       ??0CLogFile@@QEAA@XZ       000000018001d0a0 f   LogFile.obj
 0001:0001c150       ?ParametersRead@CPluginInstance@@AEAAIXZ 000000018001d150 f   PluginInstance.obj
 0001:0001c230       ?OnPluginUpdate@CPluginInstance@@UEAAXPEBVIMTConPlugin@@@Z 000000018001d230 f   PluginInstance.obj
 0001:0001c350       ?Stop@CPluginInstance@@UEAAIXZ 000000018001d350 f   PluginInstance.obj
 0001:0001c440       ?Start@CPluginInstance@@UEAAIPEAVIMTServerAPI@@@Z 000000018001d440 f   PluginInstance.obj
 0001:0001c5d0       ?Release@CPluginInstance@@UEAAXXZ 000000018001d5d0 f   PluginInstance.obj
 0001:0001c5f0       ??1CPluginInstance@@UEAA@XZ 000000018001d5f0 f   PluginInstance.obj
 0001:0001c710       ??0CPluginInstance@@QEAA@XZ 000000018001d710 f   PluginInstance.obj
 0001:0001c780       MTServerCreate             000000018001d780 f   ServerPlugin.obj
 0001:0001cbb0       MTServerAbout              000000018001dbb0 f   ServerPlugin.obj
 0001:0001cc70       DllMain                    000000018001dc70 f   ServerPlugin.obj
 0001:0001cca0       _guard_dispatch_icall_nop  000000018001dca0 f   LIBCMT:guard_dispatch.obj
 0001:0001ccc0       _guard_xfg_dispatch_icall_nop 000000018001dcc0 f   LIBCMT:guard_xfg_dispatch.obj
 0001:0001ccf0       memset_repstos             000000018001dcf0 f   libvcruntime:memset.obj
 0001:0001cd00       memset                     000000018001dd00 f   libvcruntime:memset.obj
 0001:0001d0b0       memcpy_repmovs             000000018001e0b0 f   libvcruntime:memcpy.obj
 0001:0001d0c0       memcpy                     000000018001e0c0 f   libvcruntime:memcpy.obj
 0001:0001d0c0       memcpy_$fo_default$        000000018001e0c0     libvcruntime:memcpy.obj
 0001:0001d0c0       memmove                    000000018001e0c0 f   libvcruntime:memcpy.obj
 0002:00000000       __imp_InitializeCriticalSectionAndSpinCount 0000000180020000     kernel32:KERNEL32.dll
 0002:00000008       __imp_DeleteCriticalSection 0000000180020008     kernel32:KERNEL32.dll
 0002:00000010       __imp_EnterCriticalSection 0000000180020010     kernel32:KERNEL32.dll
 0002:00000018       __imp_LeaveCriticalSection 0000000180020018     kernel32:KERNEL32.dll
 0002:00000020       __imp_GetLastError         0000000180020020     kernel32:KERNEL32.dll
 0002:00000028       __imp_CloseHandle          0000000180020028     kernel32:KERNEL32.dll
 0002:00000030       __imp_MultiByteToWideChar  0000000180020030     kernel32:KERNEL32.dll
 0002:00000038       __imp_WideCharToMultiByte  0000000180020038     kernel32:KERNEL32.dll
 0002:00000040       __imp_GetLocalTime         0000000180020040     kernel32:KERNEL32.dll
 0002:00000048       __imp_CreateFileW          0000000180020048     kernel32:KERNEL32.dll
 0002:00000050       __imp_SetFilePointer       0000000180020050     kernel32:KERNEL32.dll
 0002:00000058       __imp_WriteFile            0000000180020058     kernel32:KERNEL32.dll
 0002:00000060       __imp_GetFileSizeEx        0000000180020060     kernel32:KERNEL32.dll
 0002:00000068       __imp_GetTickCount64       0000000180020068     kernel32:KERNEL32.dll
 0002:00000070       __imp_GetSystemTimes       0000000180020070     kernel32:KERNEL32.dll
 0002:00000078       __imp_GetProcessTimes      0000000180020078     kernel32:KERNEL32.dll
 0002:00000080       __imp_GetCurrentProcess    0000000180020080     kernel32:KERNEL32.dll
 0002:00000088       __imp_QueryPerformanceFrequency 0000000180020088     kernel32:KERNEL32.dll
 0002:00000090       __imp_QueryPerformanceCounter 0000000180020090     kernel32:KERNEL32.dll
 0002:00000098       __imp_K32GetProcessMemoryInfo 0000000180020098     kernel32:KERNEL32.dll
 0002:000000a0       __imp_GetThreadTimes       00000001800200a0     kernel32:KERNEL32.dll
 0002:000000a8       __imp_GetCurrentThread     00000001800200a8     kernel32:KERNEL32.dll
 0002:000000b0       __imp_FileTimeToSystemTime 00000001800200b0     kernel32:KERNEL32.dll
 0002:000000b8       __imp_GetModuleFileNameW   00000001800200b8     kernel32:KERNEL32.dll
 0002:000000c0       __imp_WriteConsoleW        00000001800200c0     kernel32:KERNEL32.dll
 0002:000000c8       __imp_RtlCaptureContext    00000001800200c8     kernel32:KERNEL32.dll
 0002:000000d0       __imp_RtlLookupFunctionEntry 00000001800200d0     kernel32:KERNEL32.dll
 0002:000000d8       __imp_RtlVirtualUnwind     00000001800200d8     kernel32:KERNEL32.dll
 0002:000000e0       __imp_IsDebuggerPresent    00000001800200e0     kernel32:KERNEL32.dll
 0002:000000e8       __imp_UnhandledExceptionFilter 00000001800200e8     kernel32:KERNEL32.dll
 0002:000000f0       __imp_SetUnhandledExceptionFilter 00000001800200f0     kernel32:KERNEL32.dll
 0002:000000f8       __imp_GetStartupInfoW      00000001800200f8     kernel32:KERNEL32.dll
 0002:00000100       __imp_IsProcessorFeaturePresent 0000000180020100     kernel32:KERNEL32.dll
 0002:00000108       __imp_GetModuleHandleW     0000000180020108     kernel32:KERNEL32.dll
 0002:00000110       __imp_GetCurrentProcessId  0000000180020110     kernel32:KERNEL32.dll
 0002:00000118       __imp_GetCurrentThreadId   0000000180020118     kernel32:KERNEL32.dll
 0002:00000120       __imp_GetSystemTimeAsFileTime 0000000180020120     kernel32:KERNEL32.dll
 0002:00000128       __imp_InitializeSListHead  0000000180020128     kernel32:KERNEL32.dll
 0002:00000130       __imp_RtlUnwindEx          0000000180020130     kernel32:KERNEL32.dll
 0002:00000138       __imp_InterlockedFlushSList 0000000180020138     kernel32:KERNEL32.dll
 0002:00000140       __imp_RtlPcToFileHeader    0000000180020140     kernel32:KERNEL32.dll
 0002:00000148       __imp_RaiseException       0000000180020148     kernel32:KERNEL32.dll
 0002:00000150       __imp_SetLastError         0000000180020150     kernel32:KERNEL32.dll
 0002:00000158       __imp_EncodePointer        0000000180020158     kernel32:KERNEL32.dll
 0002:00000160       __imp_TlsAlloc             0000000180020160     kernel32:KERNEL32.dll
 0002:00000168       __imp_TlsGetValue          0000000180020168     kernel32:KERNEL32.dll
 0002:00000170       __imp_TlsSetValue          0000000180020170     kernel32:KERNEL32.dll
 0002:00000178       __imp_TlsFree              0000000180020178     kernel32:KERNEL32.dll
 0002:00000180       __imp_FreeLibrary          0000000180020180     kernel32:KERNEL32.dll
 0002:00000188       __imp_GetProcAddress       0000000180020188     kernel32:KERNEL32.dll
 0002:00000190       __imp_LoadLibraryExW       0000000180020190     kernel32:KERNEL32.dll
 0002:00000198       __imp_TerminateProcess     0000000180020198     kernel32:KERNEL32.dll
 0002:000001a0       __imp_CreateDirectoryW     00000001800201a0     kernel32:KERNEL32.dll
 0002:000001a8       __imp_ExitProcess          00000001800201a8     kernel32:KERNEL32.dll
 0002:000001b0       __imp_GetModuleHandleExW   00000001800201b0     kernel32:KERNEL32.dll
 0002:000001b8       __imp_HeapFree             00000001800201b8     kernel32:KERNEL32.dll
 0002:000001c0       __imp_HeapAlloc            00000001800201c0     kernel32:KERNEL32.dll
 0002:000001c8       __imp_GetStdHandle         00000001800201c8     kernel32:KERNEL32.dll
 0002:000001d0       __imp_GetFileType          00000001800201d0     kernel32:KERNEL32.dll
 0002:000001d8       __imp_HeapReAlloc          00000001800201d8     kernel32:KERNEL32.dll
 0002:000001e0       __imp_FlsAlloc             00000001800201e0     kernel32:KERNEL32.dll
 0002:000001e8       __imp_FlsGetValue          00000001800201e8     kernel32:KERNEL32.dll
 0002:000001f0       __imp_FlsSetValue          00000001800201f0     kernel32:KERNEL32.dll
 0002:000001f8       __imp_FlsFree              00000001800201f8     kernel32:KERNEL32.dll
 0002:00000200       __imp_LCMapStringW         0000000180020200     kernel32:KERNEL32.dll
 0002:00000208       __imp_FindClose            0000000180020208     kernel32:KERNEL32.dll
 0002:00000210       __imp_FindFirstFileExW     0000000180020210     kernel32:KERNEL32.dll
 0002:00000218       __imp_FindNextFileW        0000000180020218     kernel32:KERNEL32.dll
 0002:00000220       __imp_IsValidCodePage      0000000180020220     kernel32:KERNEL32.dll
 0002:00000228       __imp_GetACP               0000000180020228     kernel32:KERNEL32.dll
 0002:00000230       __imp_GetOEMCP             0000000180020230     kernel32:KERNEL32.dll
 0002:00000238       __imp_GetCPInfo            0000000180020238     kernel32:KERNEL32.dll
 0002:00000240       __imp_GetCommandLineA      0000000180020240     kernel32:KERNEL32.dll
 0002:00000248       __imp_GetCommandLineW      0000000180020248     kernel32:KERNEL32.dll
 0002:00000250       __imp_GetEnvironmentStringsW 0000000180020250     kernel32:KERNEL32.dll
 0002:00000258       __imp_FreeEnvironmentStringsW 0000000180020258     kernel32:KERNEL32.dll
 0002:00000260       __imp_GetProcessHeap       0000000180020260     kernel32:KERNEL32.dll
 0002:00000268       __imp_SetFilePointerEx     0000000180020268     kernel32:KERNEL32.dll
 0002:00000270       __imp_GetStringTypeW       0000000180020270     kernel32:KERNEL32.dll
 0002:00000278       __imp_SetStdHandle         0000000180020278     kernel32:KERNEL32.dll
 0002:00000280       __imp_HeapSize             0000000180020280     kernel32:KERNEL32.dll
 0002:00000288       __imp_FlushFileBuffers     0000000180020288     kernel32:KERNEL32.dll
 0002:00000290       __imp_GetConsoleOutputCP   0000000180020290     kernel32:KERNEL32.dll
 0002:00000298       __imp_GetConsoleMode       0000000180020298     kernel32:KERNEL32.dll
 0002:000002a0       \177KERNEL32_NULL_THUNK_DATA 00000001800202a0     kernel32:KERNEL32.dll
 0002:000002a8       __guard_check_icall_fptr   00000001800202a8     LIBCMT:guard_support.obj
 0002:000002b0       __guard_xfg_check_icall_fptr 00000001800202b0     LIBCMT:guard_support.obj
 0002:000002b8       __guard_dispatch_icall_fptr 00000001800202b8     LIBCMT:guard_support.obj
 0002:000002c0       __guard_xfg_dispatch_icall_fptr 00000001800202c0     LIBCMT:guard_support.obj
 0002:000002c8       __guard_xfg_table_dispatch_icall_fptr 00000001800202c8     LIBCMT:guard_support.obj
 0002:000002d0       __castguard_check_failure_os_handled_fptr 00000001800202d0     LIBCMT:guard_support.obj
 0002:000002d8       __guard_memcpy_fptr        00000001800202d8     libvcruntime:softmemtag.obj
 0002:000002e0       __xc_a                     00000001800202e0     LIBCMT:initializers.obj
 0002:00000340       __xc_z                     0000000180020340     LIBCMT:initializers.obj
 0002:00000348       __xi_a                     0000000180020348     LIBCMT:initializers.obj
 0002:00000350       __acrt_stdio_initializer   0000000180020350     libucrt:stdio_initializer.obj
 0002:00000358       __acrt_multibyte_initializer 0000000180020358     libucrt:multibyte_initializer.obj
 0002:00000360       __acrt_tran_fma3_initializer 0000000180020360     libucrt:fma3_initializer.obj
 0002:00000368       __xi_z                     0000000180020368     LIBCMT:initializers.obj
 0002:00000370       __xp_a                     0000000180020370     LIBCMT:initializers.obj
 0002:00000378       __acrt_locale_terminator   0000000180020378     libucrt:locale_initializer.obj
 0002:00000380       __dcrt_console_output_terminator 0000000180020380     libucrt:console_output_initializer.obj
 0002:00000388       __acrt_stdio_terminator    0000000180020388     libucrt:stdio_initializer.obj
 0002:00000390       __xp_z                     0000000180020390     LIBCMT:initializers.obj
 0002:00000398       __xt_a                     0000000180020398     LIBCMT:initializers.obj
[...]
 0002:0002393c       $unwind$__acrt_WideCharToMultiByte 000000018004393c     libucrt:widechartomultibyte.obj
 0002:00023948       $unwind$raise              0000000180043948     libucrt:signal.obj
 0002:00023988       $unwind$??$?RV<lambda_450d765d439847d4c735a33c368b5fc0>@@AEAV<lambda_44731a7d0e6d81c3e6aa82d741081786>@@V<lambda_601a2a7da3b7a96e9554ac7215c4b07c>@@@?$__crt_seh_guarded_call@P6AXH@Z@@QEAAP6AXH@Z$$QEAV<lambda_450d765d439847d4c735a33c368b5fc0>@@AEAV<lambda_44731a7d0e6d81c3e6aa82d741081786>@@$$QEAV<lambda_601a2a7da3b7a96e9554ac7215c4b07c>@@@Z 0000000180043988     libucrt:signal.obj
 0002:000239ac       $unwind$fclose             00000001800439ac     libucrt:fclose.obj
 0002:000239ac       $unwind$_fflush_nolock     00000001800439ac     libucrt:fflush.obj
 0002:000239bc       $unwind$?common_flush_all@@YAH_N@Z 00000001800439bc     libucrt:fflush.obj
 0002:000239c4       $unwind$??$?RV<lambda_842d9ff0dc9ef11c61343bbaebe7f885>@@AEAV<lambda_c5860995281e5c4ce005b3de8f5874ee>@@V<lambda_d90129c13df834fdcbf8d2b88dafcf2d>@@@?$__crt_seh_guarded_call@X@@QEAAX$$QEAV<lambda_842d9ff0dc9ef11c61343bbaebe7f885>@@AEAV<lambda_c5860995281e5c4ce005b3de8f5874ee>@@$$QEAV<lambda_d90129c13df834fdcbf8d2b88dafcf2d>@@@Z 00000001800439c4     libucrt:fflush.obj
 0002:000239e8       $unwind$??$?RV<lambda_886d6c58226a84441f68b9f2b8217b83>@@AEAV<lambda_ab61a845afdef5b7c387490eaf3616ee>@@V<lambda_f7f22ab5edc0698d5f6905b0d3f44752>@@@?$__crt_seh_guarded_call@X@@QEAAX$$QEAV<lambda_886d6c58226a84441f68b9f2b8217b83>@@AEAV<lambda_ab61a845afdef5b7c387490eaf3616ee>@@$$QEAV<lambda_f7f22ab5edc0698d5f6905b0d3f44752>@@@Z 00000001800439e8     libucrt:fflush.obj
 0002:00023a10       $unwind$__acrt_update_thread_locale_data 0000000180043a10     libucrt:locale_refcounting.obj
 0002:00023a34       $unwind$__acrt_fltout      0000000180043a34     libucrt:cfout.obj
 0002:00023a54       $unwind$?divide@__crt_strtox@@YA_KAEAUbig_integer@1@AEBU21@@Z 0000000180043a54     libucrt:cfout.obj
 0002:00023a6c       $chain$0$?divide@__crt_strtox@@YA_KAEAUbig_integer@1@AEBU21@@Z 0000000180043a6c     libucrt:cfout.obj
 0002:00023a80       $chain$1$?divide@__crt_strtox@@YA_KAEAUbig_integer@1@AEBU21@@Z 0000000180043a80     libucrt:cfout.obj
 0002:00023a90       $unwind$?__mbsrtowcs_utf8@__crt_mbstring@@YA_KPEA_WPEAPEBD_KPEAU_Mbstatet@@AEAV__crt_cached_ptd_host@@@Z 0000000180043a90     libucrt:mbrtowc.obj
 0002:00023aa8       $unwind$_fcloseall         0000000180043aa8     libucrt:closeall.obj
 0002:00023acc       $unwind$__acrt_locale_free_monetary 0000000180043acc     libucrt:initmon.obj
 0002:00023ad4       $unwind$__acrt_locale_free_time 0000000180043ad4     libucrt:inittime.obj
 0002:00023ae4       $unwind$__acrt_GetStringTypeA 0000000180043ae4     libucrt:getstringtypea.obj
 0002:00023b0c       $unwind$__acrt_lowio_destroy_handle_array 0000000180043b0c     libucrt:osfinfo.obj
 0002:00023b1c       $unwind$__acrt_lowio_ensure_fh_exists 0000000180043b1c     libucrt:osfinfo.obj
 0002:00023b48       $unwind$qsort              0000000180043b48     libucrt:qsort.obj
 0002:00023b60       $chain$4$qsort             0000000180043b60     libucrt:qsort.obj
 0002:00023b84       $chain$5$qsort             0000000180043b84     libucrt:qsort.obj
 0002:00023b94       $unwind$strpbrk            0000000180043b94     libucrt:strpbrk.obj
 0002:00023ba4       $unwind$fallbackMethod     0000000180043ba4     libucrt:strpbrk.obj
 0002:00023bb4       $unwind$_mbsdec_l          0000000180043bb4     libucrt:mbsdec.obj
 0002:00023bc0       $unwind$__acrt_LCMapStringA 0000000180043bc0     libucrt:lcmapstringa.obj
 0002:00023bd0       $unwind$?__acrt_LCMapStringA_stat@@YAHPEAU__crt_locale_pointers@@PEB_WKPEBDHPEADHHH@Z 0000000180043bd0     libucrt:lcmapstringa.obj
 0002:00023bf8       $unwind$_commit            0000000180043bf8     libucrt:commit.obj
 0002:00023c00       $unwind$??$?RV<lambda_a37b2b86f63e897a80ea819b0eb08c01>@@AEAV<lambda_38ce7e780aa69e748d6df282ebc68efe>@@V<lambda_99fb1378e971ab6e7edea83e3a7a83a2>@@@?$__crt_seh_guarded_call@H@@QEAAH$$QEAV<lambda_a37b2b86f63e897a80ea819b0eb08c01>@@AEAV<lambda_38ce7e780aa69e748d6df282ebc68efe>@@$$QEAV<lambda_99fb1378e971ab6e7edea83e3a7a83a2>@@@Z 0000000180043c00     libucrt:commit.obj
 0002:00023c24       $unwind$_write_nolock      0000000180043c24     libucrt:write.obj
 0002:00023c3c       $unwind$_write_internal    0000000180043c3c     libucrt:write.obj
 0002:00023c68       $unwind$?write_double_translated_ansi_nolock@@YA?AUwrite_result@?A0x17268360@@HQEBDIAEAV__crt_cached_ptd_host@@@Z 0000000180043c68     libucrt:write.obj
 0002:00023c90       $ip2state$?write_double_translated_ansi_nolock@@YA?AUwrite_result@?A0x17268360@@HQEBDIAEAV__crt_cached_ptd_host@@@Z 0000000180043c90     libucrt:write.obj
 0002:00023c98       $unwind$?write_text_ansi_nolock@@YA?AUwrite_result@?A0x17268360@@HQEBDI@Z 0000000180043c98     libucrt:write.obj
 0002:00023c98       $unwind$?write_text_utf16le_nolock@@YA?AUwrite_result@?A0x17268360@@HQEBDI@Z 0000000180043c98     libucrt:write.obj
 0002:00023cb8       $unwind$?write_text_utf8_nolock@@YA?AUwrite_result@?A0x17268360@@HQEBDI@Z 0000000180043cb8     libucrt:write.obj
 0002:00023cdc       $unwind$fesetenv           0000000180043cdc     libucrt:fesetenv.obj
 0002:00023ce8       $xdatasym                  0000000180043ce8     libucrt:log10.obj
 0002:00023cf4       $unwind$__acrt_fenv_get_control 0000000180043cf4     libucrt:_fenvutils.obj
 0002:00023cfc       $unwind$__acrt_fenv_set_control 0000000180043cfc     libucrt:_fenvutils.obj
 0002:00023d0c       $unwind$?__mbrtoc32_utf8@__crt_mbstring@@YA_KPEA_UPEBD_KPEAU_Mbstatet@@AEAV__crt_cached_ptd_host@@@Z 0000000180043d0c     libucrt:mbrtoc32.obj
 0002:00023d28       $unwind$?_fclose_nolock_internal@@YAHQEAU_iobuf@@AEAV__crt_cached_ptd_host@@@Z 0000000180043d28     libucrt:fclose.obj
 0002:00023d38       $unwind$?_fclose_internal@@YAHQEAU_iobuf@@AEAV__crt_cached_ptd_host@@@Z 0000000180043d38     libucrt:fclose.obj
 0002:00023d5c       $unwind$_putwch_nolock     0000000180043d5c     libucrt:putwch.obj
 0002:00023d64       $unwind$common_control87   0000000180043d64     libucrt:ieee.obj
 0002:00023d90       $unwind$_call_matherr      0000000180043d90     libucrt:libm_error.obj
 0002:00023d98       $unwind$_handle_error      0000000180043d98     libucrt:libm_error.obj
 0002:00023db8       $unwind$__acrt_initialize_fma3 0000000180043db8     libucrt:fma3_available.obj
 0002:00023dc0       $unwind$_log_special_common 0000000180043dc0     libucrt:log_special.obj
 0002:00023dcc       $unwind$_close_internal    0000000180043dcc     libucrt:close.obj
 0002:00023dd4       $unwind$??$?RV<lambda_ad8af0d99a0adf03d037d7dffe354bb5>@@AEAV<lambda_c9ba49e555ba839a7b07aa3fbecb7617>@@V<lambda_2f1ebd5d68526518146ae959c9e734c8>@@@?$__crt_seh_guarded_call@H@@QEAAH$$QEAV<lambda_ad8af0d99a0adf03d037d7dffe354bb5>@@AEAV<lambda_c9ba49e555ba839a7b07aa3fbecb7617>@@$$QEAV<lambda_2f1ebd5d68526518146ae959c9e734c8>@@@Z 0000000180043dd4     libucrt:close.obj
 0002:00023df8       $xdatasym                  0000000180043df8     libucrt:fpsr.obj
 0002:00023e00       $unwind$_raise_exc_ex      0000000180043e00     libucrt:fpexcept.obj
 0002:00023e14       $unwind$_ctrlfp            0000000180043e14     libucrt:fpctrl.obj
 0002:00023e3c       $unwind$__GSHandlerCheckCommon 0000000180043e3c     LIBCMT:gshandler.obj
 0002:00023e48       $xdatasym                  0000000180043e48     LIBCMT:amdsecgs.obj
 0002:00023e4c       $unwind$_IsNonwritableInCurrentImage 0000000180043e4c     LIBCMT:pesect.obj
 0002:00023e70       $unwind$__report_securityfailure 0000000180043e70     LIBCMT:gs_report.obj
 0002:00023e78       $unwind$capture_current_context 0000000180043e78     LIBCMT:gs_report.obj
 0002:00023e84       $unwind$capture_previous_context 0000000180043e84     LIBCMT:gs_report.obj
 0002:00023e90       $xdatasym                  0000000180043e90     LIBCMT:chkstk.obj
 0002:00023e98       $unwind$memcpy_s           0000000180043e98     LogFile.obj
 0002:00023ea8       $unwind$?MsgA@CLogFile@@QEAA?AU_SYSTEMTIME@@W4enLogLevel@@PEBD11ZZ 0000000180043ea8     LogFile.obj
 0002:00023ebc       $chain$0$?MsgA@CLogFile@@QEAA?AU_SYSTEMTIME@@W4enLogLevel@@PEBD11ZZ 0000000180043ebc     LogFile.obj
 0002:00023ed0       $chain$1$?MsgA@CLogFile@@QEAA?AU_SYSTEMTIME@@W4enLogLevel@@PEBD11ZZ 0000000180043ed0     LogFile.obj
 0002:00023ee4       $chain$2$?MsgA@CLogFile@@QEAA?AU_SYSTEMTIME@@W4enLogLevel@@PEBD11ZZ 0000000180043ee4     LogFile.obj
 0002:00023ef8       $chain$3$?MsgA@CLogFile@@QEAA?AU_SYSTEMTIME@@W4enLogLevel@@PEBD11ZZ 0000000180043ef8     LogFile.obj
 0002:00023f08       $chain$4$?MsgA@CLogFile@@QEAA?AU_SYSTEMTIME@@W4enLogLevel@@PEBD11ZZ 0000000180043f08     LogFile.obj
 0002:00023f18       $chain$5$?MsgA@CLogFile@@QEAA?AU_SYSTEMTIME@@W4enLogLevel@@PEBD11ZZ 0000000180043f18     LogFile.obj
 0002:00023f28       $unwind$?Open@CLogFile@@QEAAHPEB_WI_N@Z 0000000180043f28     LogFile.obj
 0002:00023f34       $unwind$?Close@CLogFile@@QEAAXXZ 0000000180043f34     LogFile.obj
 0002:00023f40       $unwind$??1CLogFile@@UEAA@XZ 0000000180043f40     LogFile.obj
 0002:00023f4c       $unwind$??0CLogFile@@QEAA@XZ 0000000180043f4c     LogFile.obj
 0002:00023f54       $unwind$?ParametersRead@CPluginInstance@@AEAAIXZ 0000000180043f54     PluginInstance.obj
 0002:00023f60       $unwind$?OnPluginUpdate@CPluginInstance@@UEAAXPEBVIMTConPlugin@@@Z 0000000180043f60     PluginInstance.obj
 0002:00023f7c       $cppxdata$?OnPluginUpdate@CPluginInstance@@UEAAXPEBVIMTConPlugin@@@Z 0000000180043f7c     PluginInstance.obj
 0002:00023f85       $stateUnwindMap$?OnPluginUpdate@CPluginInstance@@UEAAXPEBVIMTConPlugin@@@Z 0000000180043f85     PluginInstance.obj
 0002:00023f91       $ip2state$?OnPluginUpdate@CPluginInstance@@UEAAXPEBVIMTConPlugin@@@Z 0000000180043f91     PluginInstance.obj
 0002:00023f98       $unwind$?Stop@CPluginInstance@@UEAAIXZ 0000000180043f98     PluginInstance.obj
 0002:00023fb0       $cppxdata$?Stop@CPluginInstance@@UEAAIXZ 0000000180043fb0     PluginInstance.obj
 0002:00023fb9       $stateUnwindMap$?Stop@CPluginInstance@@UEAAIXZ 0000000180043fb9     PluginInstance.obj
 0002:00023fc5       $ip2state$?Stop@CPluginInstance@@UEAAIXZ 0000000180043fc5     PluginInstance.obj
 0002:00023fcc       $unwind$?Start@CPluginInstance@@UEAAIPEAVIMTServerAPI@@@Z 0000000180043fcc     PluginInstance.obj
 0002:00023fe8       $cppxdata$?Start@CPluginInstance@@UEAAIPEAVIMTServerAPI@@@Z 0000000180043fe8     PluginInstance.obj
 0002:00023ff1       $stateUnwindMap$?Start@CPluginInstance@@UEAAIPEAVIMTServerAPI@@@Z 0000000180043ff1     PluginInstance.obj
 0002:00023ffd       $ip2state$?Start@CPluginInstance@@UEAAIPEAVIMTServerAPI@@@Z 0000000180043ffd     PluginInstance.obj
 0002:00024008       $unwind$??1CPluginInstance@@UEAA@XZ 0000000180044008     PluginInstance.obj
 0002:00024028       $cppxdata$??1CPluginInstance@@UEAA@XZ 0000000180044028     PluginInstance.obj
 0002:0002402d       $ip2state$??1CPluginInstance@@UEAA@XZ 000000018004402d     PluginInstance.obj
 0002:00024034       $unwind$??0CPluginInstance@@QEAA@XZ 0000000180044034     PluginInstance.obj
 0002:0002403c       $unwind$MTServerCreate     000000018004403c     ServerPlugin.obj
 0002:00024050       $chain$4$MTServerCreate    0000000180044050     ServerPlugin.obj
 0002:0002406c       $chain$6$MTServerCreate    000000018004406c     ServerPlugin.obj
 0002:00024084       $chain$7$MTServerCreate    0000000180044084     ServerPlugin.obj
 0002:00024094       $chain$8$MTServerCreate    0000000180044094     ServerPlugin.obj
 0002:000240a8       $chain$9$MTServerCreate    00000001800440a8     ServerPlugin.obj
 0002:000240b8       $chain$10$MTServerCreate   00000001800440b8     ServerPlugin.obj
 0002:000240dc       $chain$11$MTServerCreate   00000001800440dc     ServerPlugin.obj
 0002:000240ec       $unwind$MTServerAbout      00000001800440ec     ServerPlugin.obj
 0002:00024250       .edata                     0000000180044250     CleanPlugin64.exp
 0002:00024278       rgpv                       0000000180044278     CleanPlugin64.exp
 0002:00024280       rgszName                   0000000180044280     CleanPlugin64.exp
 0002:00024288       rgwOrd                     0000000180044288     CleanPlugin64.exp
 0002:0002428c       szName                     000000018004428c     CleanPlugin64.exp
 0002:0002429e       $N00001                    000000018004429e     CleanPlugin64.exp
 0002:000242ac       $N00002                    00000001800442ac     CleanPlugin64.exp
 0002:00024784       .idata$6                   0000000180044784     kernel32:KERNEL32.dll
 0003:00000090       ?__vcrt_flsindex@@3KA      0000000180045090     libvcruntime:per_thread_data.obj
 0003:000000a0       ?errno_no_memory@@3HA      00000001800450a0     libucrt:errno.obj
 0003:000000a4       ?doserrno_no_memory@@3KA   00000001800450a4     libucrt:errno.obj
 0003:000000b0       ?__acrt_flsindex@@3KA      00000001800450b0     libucrt:per_thread_data.obj
 0003:00000570       _mbctypes                  0000000180045570     libucrt:mbctype.obj
 0003:00000680       _mbcasemaps                0000000180045680     libucrt:mbctype.obj
 0003:00000780       ?__rgctypeflag@@3PADA      0000000180045780     libucrt:mbctype.obj
 0003:00000790       ?__rgcode_page_info@@3PAUcode_page_info@@A 0000000180045790     libucrt:mbctype.obj
 0003:00000a30       ?dazSupported@?1??common_control87@@9@9 0000000180045a30     libucrt:ieee.obj
 0003:00000a40       ?__dcrt_lowio_console_output_handle@@3PEAXEA 0000000180045a40     libucrt:initcon.obj
 0003:00000a50       ?dazSupported@?1??_ctrlfp@@9@9 0000000180045a50     libucrt:fpctrl.obj
 0003:00001830       ?esLogLevel@@3PAUenumstr@@A 0000000180046830     LogFile.obj
 0003:00001938       ?__class@@3VCStrW@@A       0000000180046938     LogFile.obj
 0003:00001958       ?__func@@3VCStrW@@A        0000000180046958     LogFile.obj
 0003:00001978       ?__funcprev@@3VCStrW@@A    0000000180046978     LogFile.obj
 0003:000019d0       ?__class@@3VCStrW@@A       00000001800469d0     PluginInstance.obj
 0003:000019f0       ?__func@@3VCStrW@@A        00000001800469f0     PluginInstance.obj
 0003:00001a10       ?__funcprev@@3VCStrW@@A    0000000180046a10     PluginInstance.obj
 0003:00011ee8       ?__class@@3VCStrW@@A       0000000180056ee8     ServerPlugin.obj
 0003:00011f08       ?__func@@3VCStrW@@A        0000000180056f08     ServerPlugin.obj
 0003:00011f28       ?__funcprev@@3VCStrW@@A    0000000180056f28     ServerPlugin.obj
 0003:00012020       ?is_initialized_as_dll@@3_NA 0000000180057020     LIBCMT:utility.obj
 0003:00012021       ?module_local_atexit_table_initialized@@3_NA 0000000180057021     LIBCMT:utility.obj
 0003:00012028       ?module_local_atexit_table@@3U_onexit_table_t@@A 0000000180057028     LIBCMT:utility.obj
 0003:00012040       ?module_local_at_quick_exit_table@@3U_onexit_table_t@@A 0000000180057040     LIBCMT:utility.obj
 0003:00012058       ?__proc_attached@@3HA      0000000180057058     LIBCMT:dll_dllmain.obj
 0003:00012090       ?__vcrt_startup_thread_ptd@@3U__vcrt_ptd@@A 0000000180057090     libvcruntime:per_thread_data.obj
 0003:00012118       __vcrt_lock_table          0000000180057118     libvcruntime:locks.obj
 0003:00012140       __vcrt_locks_initialized   0000000180057140     libvcruntime:locks.obj
 0003:00012188       ?heap@@3V_HeapManager@@A   0000000180057188     libvcruntime:undname.obj
 0003:000121b0       ?module_handles@@3PAPEAUHINSTANCE__@@A 00000001800571b0     libvcruntime:winapi_downlevel.obj
 0003:000121c8       ?function_pointers@@3PAPEAXA 00000001800571c8     libvcruntime:winapi_downlevel.obj
 0003:000121f0       ?__acrt_invalid_parameter_handler@@3V?$dual_state_global@P6AXPEB_W00I_K@Z@__crt_state_management@@A 00000001800571f0     libucrt:invalid_parameter.obj
 0003:000121f8       ?c_termination_complete@@3JA 00000001800571f8     libucrt:exit.obj
 0003:00012200       ?thread_local_exit_callback_func@@3P6AXPEAXK0@ZEA 0000000180057200     libucrt:exit.obj
 0003:00012208       ?c_exit_complete@?1???R<lambda_6e4b09c48022b2350581041d5f6b0c4c>@@QEBA@XZ@4_NA 0000000180057208     libucrt:exit.obj
 0003:00012210       ?program_name@?1???$common_configure_argv@D@@YAHW4_crt_argv_mode@@@Z@4PADA 0000000180057210     libucrt:argv_parsing.obj
 0003:00012368       ?__acrt_new_handler@@3V?$dual_state_global@P6AH_K@Z@__crt_state_management@@A 0000000180057368     libucrt:new_handler.obj
 0003:00012370       ?internal_state@?1??_mbtowc_internal@@9@4U_Mbstatet@@A 0000000180057370     libucrt:mbtowc.obj
 0003:00012388       ?enable_percent_n@@3_KA    0000000180057388     libucrt:printf_count_output.obj
 0003:000127c0       ?module_handles@@3PAPEAUHINSTANCE__@@A 00000001800577c0     libucrt:winapi_thunks.obj
 0003:00012870       ?encoded_function_pointers@@3PAPEAXA 0000000180057870     libucrt:winapi_thunks.obj
 0003:00012970       ?__acrt_lock_table@@3PAU_RTL_CRITICAL_SECTION@@A 0000000180057970     libucrt:locks.obj
 0003:00012ba0       ?__acrt_locks_initialized@@3IA 0000000180057ba0     libucrt:locks.obj
 0003:00012bc0       ?fSystemSet@@3HA           0000000180057bc0     libucrt:mbctype.obj
 0003:00012bc4       ?initialized@?1??__acrt_initialize_multibyte@@9@4_NA 0000000180057bc4     libucrt:mbctype.obj
 0003:00012c00       ?ctrlc_action@@3V?$dual_state_global@P6AXH@Z@__crt_state_management@@A 0000000180057c00     libucrt:signal.obj
 0003:00012c08       ?ctrlbreak_action@@3V?$dual_state_global@P6AXH@Z@__crt_state_management@@A 0000000180057c08     libucrt:signal.obj
 0003:00012c10       ?abort_action@@3V?$dual_state_global@P6AXH@Z@__crt_state_management@@A 0000000180057c10     libucrt:signal.obj
 0003:00012c18       ?term_action@@3V?$dual_state_global@P6AXH@Z@__crt_state_management@@A 0000000180057c18     libucrt:signal.obj
 0003:00012c20       ?user_matherr@@3V?$dual_state_global@P6AHPEAU_exception@@@Z@__crt_state_management@@A 0000000180057c20     libucrt:matherr.obj
 0003:00012c28       ?__acrt_global_new_mode@@3V?$dual_state_global@J@__crt_state_management@@A 0000000180057c28     libucrt:new_mode.obj
 0003:00012c38       ?internal_pst@?1??__mbrtoc32_utf8@__crt_mbstring@@YA_KPEA_UPEBD_KPEAU_Mbstatet@@AEAV__crt_cached_ptd_host@@@Z@4U3@A 0000000180057c38     libucrt:mbrtoc32.obj
 0003:00012c40       ?__acrt_app_type@@3W4_crt_app_type@@A 0000000180057c40     libucrt:report_runtime_error.obj
 0003:00012c50       GS_ExceptionRecord         0000000180057c50     LIBCMT:gs_report.obj
 0003:00012cf0       GS_ContextRecord           0000000180057cf0     LIBCMT:gs_report.obj
 0005:00000000       MoveSmall                  000000018005b000     libvcruntime:memcpy_avx_ermsb_aligned.obj
 0005:00000040       MoveSmallYmm               000000018005b040     libvcruntime:memcpy_avx_ermsb_aligned.obj
 0005:00000064       MoveSmallYmmNT             000000018005b064     libvcruntime:memcpy_avx_ermsb_aligned.obj
 0005:00000090       MoveSmall                  000000018005b090     libvcruntime:memcpy_avx_ermsb_aligned_amd.obj
 0005:000000d0       MoveSmallYmm               000000018005b0d0     libvcruntime:memcpy_avx_ermsb_aligned_amd.obj
 0005:000000f4       MoveSmallYmmNT             000000018005b0f4     libvcruntime:memcpy_avx_ermsb_aligned_amd.obj
 0005:00000120       MoveSmall                  000000018005b120     libvcruntime:memcpy_sse2_ermsb_aligned.obj
 0005:00000160       MoveSmallXmm               000000018005b160     libvcruntime:memcpy_sse2_ermsb_aligned.obj
 0005:00000190       MoveSmall                  000000018005b190     libvcruntime:memcpy_sse2_ermsb_aligned_amd.obj
 0005:000001d0       MoveSmallXmm               000000018005b1d0     libvcruntime:memcpy_sse2_ermsb_aligned_amd.obj
 0006:000000a0       $R000000                   000000018005c0a0     Resource.res
 0006:00000378       $R0002D8                   000000018005c378     Resource.res
